100,100
waterTile,waterTile,waterTile,waterTile,waterTile,waterTile,waterTile,waterTile,waterTile,waterTile,waterTile,waterTile,waterTile,waterTile,waterTile,waterTile,waterTile,waterTile,waterTile,waterTile,waterTile,waterTile,waterTile,waterTile,waterTile,waterTile,waterTile,waterTile,waterTile,waterTile,waterTile,waterTile,waterTile,waterTile,waterTile,waterTile,waterTile,waterTile,waterTile,waterTile,waterTile,waterTile,waterTile,waterTile,waterTile,waterTile,waterTile,waterTile,waterTile,waterTile,waterTile,waterTile,waterTile,waterTile,waterTile,waterTile,waterTile,waterTile,waterTile,waterTile,waterTile,waterTile,waterTile,waterTile,waterTile,waterTile,waterTile,waterTile,waterTile,waterTile,waterTile,waterTile,waterTile,waterTile,waterTile,waterTile,waterTile,waterTile,waterTile,waterTile,waterTile,waterTile,waterTile,waterTile,waterTile,waterTile,waterTile,waterTile,waterTile,waterTile,waterTile,waterTile,waterTile,waterTile,waterTile,waterTile,waterTile,waterTile,waterTile,waterTile
waterTile,waterTile,waterTile,waterTile,waterTile,waterTile,waterTile,waterTile,waterTile,waterTile,waterTile,waterTile,waterTile,waterTile,waterTile,waterTile,waterTile,waterTile,waterTile,waterTile,waterTile,waterTile,waterTile,waterTile,waterTile,waterTile,waterTile,waterTile,waterTile,waterTile,waterTile,waterTile,waterTile,waterTile,waterTile,waterTile,waterTile,waterTile,waterTile,waterTile,waterTile,waterTile,waterTile,waterTile,waterTile,waterTile,waterTile,waterTile,waterTile,waterTile,waterTile,waterTile,waterTile,waterTile,waterTile,waterTile,waterTile,waterTile,waterTile,waterTile,waterTile,waterTile,waterTile,waterTile,waterTile,waterTile,waterTile,waterTile,waterTile,waterTile,waterTile,waterTile,waterTile,waterTile,waterTile,waterTile,waterTile,waterTile,waterTile,waterTile,waterTile,waterTile,waterTile,waterTile,waterTile,waterTile,waterTile,waterTile,waterTile,waterTile,waterTile,waterTile,waterTile,waterTile,waterTile,waterTile,waterTile,waterTile,waterTile,waterTile
waterTile,waterTile,waterTile,waterTile,waterTile,waterTile,waterTile,waterTile,waterTile,waterTile,waterTile,waterTile,waterTile,waterTile,waterTile,waterTile,waterTile,waterTile,waterTile,waterTile,waterTile,waterTile,waterTile,waterTile,waterTile,waterTile,waterTile,waterTile,waterTile,waterTile,waterTile,waterTile,waterTile,waterTile,waterTile,waterTile,waterTile,waterTile,waterTile,waterTile,waterTile,waterTile,waterTile,waterTile,waterTile,waterTile,waterTile,waterTile,waterTile,waterTile,waterTile,waterTile,waterTile,waterTile,waterTile,waterTile,waterTile,waterTile,waterTile,waterTile,waterTile,waterTile,waterTile,waterTile,waterTile,waterTile,waterTile,waterTile,waterTile,waterTile,waterTile,waterTile,waterTile,waterTile,waterTile,waterTile,waterTile,waterTile,waterTile,waterTile,waterTile,waterTile,waterTile,waterTile,waterTile,waterTile,waterTile,waterTile,waterTile,waterTile,waterTile,waterTile,waterTile,waterTile,waterTile,waterTile,waterTile,waterTile,waterTile,waterTile
waterTile,waterTile,waterTile,waterTile,waterTile,waterTile,waterTile,waterTile,waterTile,waterTile,waterTile,waterTile,waterTile,waterTile,waterTile,waterTile,waterTile,waterTile,waterTile,waterTile,waterTile,waterTile,waterTile,waterTile,waterTile,waterTile,waterTile,waterTile,waterTile,waterTile,waterTile,waterTile,waterTile,waterTile,waterTile,waterTile,waterTile,waterTile,waterTile,waterTile,waterTile,waterTile,waterTile,waterTile,waterTile,waterTile,waterTile,waterTile,waterTile,waterTile,waterTile,waterTile,waterTile,waterTile,waterTile,waterTile,waterTile,waterTile,waterTile,waterTile,waterTile,waterTile,waterTile,waterTile,waterTile,waterTile,waterTile,waterTile,waterTile,waterTile,waterTile,waterTile,waterTile,waterTile,waterTile,waterTile,waterTile,waterTile,waterTile,waterTile,waterTile,waterTile,waterTile,waterTile,waterTile,waterTile,waterTile,waterTile,waterTile,waterTile,waterTile,waterTile,waterTile,waterTile,waterTile,waterTile,waterTile,waterTile,waterTile,waterTile
waterTile,waterTile,waterTile,waterTile,waterTile,waterTile,waterTile,waterTile,waterTile,waterTile,waterTile,waterTile,waterTile,waterTile,waterTile,waterTile,waterTile,waterTile,waterTile,waterTile,waterTile,waterTile,waterTile,waterTile,waterTile,waterTile,waterTile,waterTile,waterTile,waterTile,waterTile,waterTile,waterTile,waterTile,waterTile,waterTile,waterTile,waterTile,waterTile,waterTile,waterTile,waterTile,waterTile,waterTile,waterTile,waterTile,waterTile,waterTile,waterTile,waterTile,waterTile,waterTile,waterTile,waterTile,waterTile,waterTile,waterTile,waterTile,waterTile,waterTile,waterTile,waterTile,waterTile,waterTile,waterTile,waterTile,waterTile,waterTile,waterTile,waterTile,waterTile,waterTile,waterTile,waterTile,waterTile,waterTile,waterTile,waterTile,waterTile,waterTile,waterTile,waterTile,waterTile,waterTile,waterTile,waterTile,waterTile,waterTile,waterTile,waterTile,waterTile,waterTile,waterTile,waterTile,waterTile,waterTile,waterTile,waterTile,waterTile,waterTile
waterTile,waterTile,waterTile,waterTile,waterTile,waterTile,waterTile,waterTile,waterTile,waterTile,waterTile,waterTile,waterTile,waterTile,waterTile,waterTile,waterTile,waterTile,waterTile,waterTile,waterTile,waterTile,waterTile,waterTile,waterTile,waterTile,waterTile,waterTile,waterTile,waterTile,waterTile,waterTile,waterTile,waterTile,waterTile,waterTile,waterTile,waterTile,waterTile,waterTile,waterTile,waterTile,waterTile,waterTile,waterTile,waterTile,waterTile,waterTile,waterTile,waterTile,waterTile,waterTile,waterTile,waterTile,waterTile,waterTile,waterTile,waterTile,waterTile,waterTile,waterTile,waterTile,waterTile,waterTile,waterTile,waterTile,waterTile,waterTile,waterTile,waterTile,waterTile,waterTile,waterTile,waterTile,waterTile,waterTile,waterTile,waterTile,waterTile,waterTile,waterTile,waterTile,waterTile,waterTile,waterTile,waterTile,waterTile,waterTile,waterTile,waterTile,waterTile,waterTile,waterTile,waterTile,waterTile,waterTile,waterTile,waterTile,waterTile,waterTile
waterTile,waterTile,waterTile,waterTile,waterTile,waterTile,waterTile,waterTile,waterTile,waterTile,waterTile,waterTile,waterTile,waterTile,waterTile,waterTile,waterTile,waterTile,waterTile,waterTile,waterTile,waterTile,waterTile,waterTile,waterTile,waterTile,waterTile,waterTile,waterTile,waterTile,waterTile,waterTile,waterTile,waterTile,waterTile,waterTile,waterTile,waterTile,waterTile,waterTile,waterTile,waterTile,waterTile,waterTile,waterTile,waterTile,waterTile,waterTile,waterTile,waterTile,waterTile,waterTile,waterTile,waterTile,waterTile,waterTile,waterTile,waterTile,waterTile,waterTile,waterTile,waterTile,waterTile,waterTile,waterTile,waterTile,waterTile,waterTile,waterTile,waterTile,waterTile,waterTile,waterTile,waterTile,waterTile,waterTile,waterTile,waterTile,waterTile,waterTile,waterTile,waterTile,waterTile,waterTile,waterTile,waterTile,waterTile,waterTile,waterTile,waterTile,waterTile,waterTile,waterTile,waterTile,waterTile,waterTile,waterTile,waterTile,waterTile,waterTile
waterTile,waterTile,waterTile,waterTile,waterTile,waterTile,waterTile,waterTile,waterTile,waterTile,waterTile,waterTile,waterTile,waterTile,waterTile,waterTile,waterTile,waterTile,waterTile,waterTile,waterTile,waterTile,waterTile,waterTile,waterTile,waterTile,waterTile,waterTile,waterTile,waterTile,waterTile,waterTile,treeTile,greenTile,greenTile,greenTile,treeTile,greenTile,treeTile,greenTile,waterTile,waterTile,waterTile,waterTile,waterTile,waterTile,waterTile,waterTile,waterTile,waterTile,waterTile,waterTile,waterTile,waterTile,waterTile,waterTile,waterTile,waterTile,waterTile,waterTile,waterTile,waterTile,waterTile,waterTile,waterTile,waterTile,waterTile,waterTile,waterTile,waterTile,waterTile,waterTile,waterTile,waterTile,waterTile,waterTile,waterTile,waterTile,waterTile,waterTile,waterTile,waterTile,waterTile,waterTile,waterTile,waterTile,waterTile,waterTile,waterTile,waterTile,waterTile,waterTile,waterTile,waterTile,waterTile,waterTile,waterTile,waterTile,waterTile,waterTile
waterTile,waterTile,waterTile,waterTile,waterTile,waterTile,waterTile,waterTile,waterTile,waterTile,waterTile,waterTile,waterTile,waterTile,waterTile,waterTile,waterTile,waterTile,waterTile,waterTile,waterTile,waterTile,waterTile,waterTile,waterTile,waterTile,waterTile,waterTile,waterTile,greenTile,treeTile,greenTile,greenTile,greenTile,treeTile,greenTile,treeTile,greenTile,greenTile,treeTile,treeTile,treeTile,treeTile,treeTile,waterTile,waterTile,waterTile,waterTile,waterTile,waterTile,waterTile,waterTile,waterTile,waterTile,waterTile,waterTile,waterTile,waterTile,waterTile,waterTile,waterTile,waterTile,waterTile,waterTile,waterTile,greenTile,treeTile,greenTile,greenTile,greenTile,greenTile,greenTile,greenTile,waterTile,waterTile,waterTile,waterTile,waterTile,waterTile,waterTile,waterTile,waterTile,waterTile,waterTile,waterTile,waterTile,waterTile,waterTile,waterTile,waterTile,waterTile,waterTile,waterTile,waterTile,waterTile,waterTile,waterTile,waterTile,waterTile,waterTile
waterTile,waterTile,waterTile,waterTile,waterTile,waterTile,waterTile,waterTile,waterTile,waterTile,waterTile,waterTile,waterTile,waterTile,waterTile,waterTile,waterTile,waterTile,waterTile,waterTile,waterTile,waterTile,waterTile,waterTile,waterTile,waterTile,waterTile,treeTile,treeTile,greenTile,greenTile,greenTile,greenTile,greenTile,treeTile,greenTile,greenTile,treeTile,treeTile,greenTile,greenTile,treeTile,greenTile,treeTile,treeTile,treeTile,treeTile,greenTile,waterTile,waterTile,waterTile,waterTile,waterTile,waterTile,waterTile,waterTile,waterTile,waterTile,waterTile,waterTile,greenTile,treeTile,greenTile,greenTile,greenTile,treeTile,greenTile,greenTile,greenTile,greenTile,greenTile,treeTile,treeTile,greenTile,greenTile,waterTile,waterTile,waterTile,waterTile,waterTile,waterTile,waterTile,waterTile,waterTile,waterTile,waterTile,waterTile,waterTile,waterTile,waterTile,waterTile,waterTile,waterTile,waterTile,waterTile,waterTile,waterTile,waterTile,waterTile,waterTile
waterTile,waterTile,waterTile,waterTile,waterTile,waterTile,waterTile,waterTile,waterTile,waterTile,waterTile,waterTile,waterTile,waterTile,waterTile,waterTile,waterTile,waterTile,waterTile,waterTile,waterTile,waterTile,waterTile,waterTile,waterTile,waterTile,greenTile,greenTile,greenTile,greenTile,greenTile,greenTile,greenTile,greenTile,greenTile,greenTile,treeTile,greenTile,greenTile,greenTile,greenTile,greenTile,greenTile,treeTile,greenTile,treeTile,treeTile,greenTile,greenTile,greenTile,greenTile,greenTile,greenTile,greenTile,greenTile,greenTile,treeTile,greenTile,greenTile,greenTile,greenTile,greenTile,greenTile,greenTile,greenTile,treeTile,greenTile,greenTile,greenTile,greenTile,greenTile,greenTile,greenTile,greenTile,treeTile,treeTile,greenTile,waterTile,waterTile,waterTile,waterTile,waterTile,waterTile,waterTile,waterTile,waterTile,waterTile,waterTile,waterTile,waterTile,waterTile,waterTile,waterTile,waterTile,waterTile,waterTile,waterTile,waterTile,waterTile,waterTile
waterTile,waterTile,waterTile,waterTile,waterTile,waterTile,waterTile,waterTile,waterTile,waterTile,waterTile,waterTile,waterTile,waterTile,waterTile,waterTile,waterTile,waterTile,waterTile,waterTile,waterTile,waterTile,waterTile,waterTile,treeTile,treeTile,greenTile,greenTile,greenTile,greenTile,greenTile,treeTile,greenTile,greenTile,greenTile,greenTile,greenTile,greenTile,greenTile,treeTile,greenTile,greenTile,treeTile,treeTile,greenTile,treeTile,greenTile,greenTile,greenTile,greenTile,greenTile,treeTile,treeTile,greenTile,treeTile,greenTile,greenTile,greenTile,greenTile,greenTile,greenTile,greenTile,greenTile,greenTile,greenTile,greenTile,greenTile,treeTile,treeTile,greenTile,greenTile,greenTile,greenTile,greenTile,greenTile,greenTile,greenTile,greenTile,greenTile,waterTile,waterTile,waterTile,waterTile,waterTile,waterTile,waterTile,waterTile,waterTile,waterTile,waterTile,waterTile,waterTile,waterTile,waterTile,waterTile,waterTile,waterTile,waterTile,waterTile,waterTile
waterTile,waterTile,waterTile,waterTile,waterTile,waterTile,waterTile,waterTile,waterTile,waterTile,waterTile,waterTile,waterTile,waterTile,waterTile,waterTile,waterTile,waterTile,waterTile,waterTile,waterTile,waterTile,waterTile,greenTile,greenTile,treeTile,greenTile,greenTile,greenTile,greenTile,treeTile,treeTile,greenTile,greenTile,treeTile,greenTile,greenTile,treeTile,greenTile,greenTile,greenTile,treeTile,greenTile,treeTile,treeTile,greenTile,treeTile,greenTile,greenTile,greenTile,greenTile,greenTile,greenTile,greenTile,greenTile,treeTile,greenTile,greenTile,treeTile,treeTile,greenTile,greenTile,greenTile,greenTile,greenTile,treeTile,treeTile,greenTile,greenTile,greenTile,greenTile,treeTile,greenTile,treeTile,greenTile,greenTile,treeTile,greenTile,greenTile,treeTile,waterTile,waterTile,waterTile,waterTile,waterTile,waterTile,waterTile,waterTile,waterTile,waterTile,waterTile,waterTile,waterTile,waterTile,waterTile,waterTile,waterTile,waterTile,waterTile,waterTile
waterTile,waterTile,waterTile,waterTile,waterTile,waterTile,waterTile,waterTile,waterTile,waterTile,waterTile,waterTile,waterTile,waterTile,waterTile,waterTile,waterTile,waterTile,waterTile,waterTile,waterTile,waterTile,greenTile,greenTile,treeTile,greenTile,treeTile,greenTile,treeTile,treeTile,greenTile,greenTile,greenTile,treeTile,treeTile,greenTile,greenTile,greenTile,greenTile,treeTile,greenTile,greenTile,greenTile,treeTile,greenTile,greenTile,treeTile,greenTile,greenTile,greenTile,greenTile,treeTile,treeTile,greenTile,greenTile,treeTile,greenTile,greenTile,treeTile,greenTile,greenTile,greenTile,treeTile,greenTile,treeTile,greenTile,treeTile,greenTile,greenTile,greenTile,treeTile,greenTile,greenTile,greenTile,greenTile,greenTile,treeTile,treeTile,greenTile,greenTile,treeTile,waterTile,waterTile,waterTile,waterTile,waterTile,waterTile,waterTile,waterTile,waterTile,waterTile,waterTile,waterTile,waterTile,waterTile,waterTile,waterTile,waterTile,waterTile,waterTile
waterTile,waterTile,waterTile,waterTile,waterTile,waterTile,waterTile,waterTile,waterTile,waterTile,waterTile,waterTile,waterTile,waterTile,waterTile,waterTile,waterTile,waterTile,waterTile,waterTile,waterTile,greenTile,greenTile,treeTile,greenTile,greenTile,greenTile,greenTile,greenTile,greenTile,greenTile,treeTile,greenTile,greenTile,greenTile,greenTile,treeTile,greenTile,treeTile,greenTile,greenTile,treeTile,greenTile,greenTile,greenTile,greenTile,greenTile,greenTile,greenTile,greenTile,treeTile,greenTile,greenTile,greenTile,greenTile,greenTile,greenTile,greenTile,greenTile,greenTile,treeTile,treeTile,greenTile,greenTile,greenTile,greenTile,treeTile,treeTile,greenTile,greenTile,greenTile,greenTile,treeTile,greenTile,treeTile,treeTile,greenTile,greenTile,treeTile,greenTile,greenTile,greenTile,waterTile,waterTile,waterTile,waterTile,waterTile,waterTile,waterTile,waterTile,waterTile,waterTile,waterTile,waterTile,waterTile,waterTile,waterTile,waterTile,waterTile,waterTile
waterTile,waterTile,waterTile,waterTile,waterTile,waterTile,waterTile,waterTile,waterTile,waterTile,waterTile,waterTile,waterTile,waterTile,waterTile,waterTile,waterTile,waterTile,waterTile,waterTile,treeTile,treeTile,greenTile,greenTile,treeTile,greenTile,greenTile,greenTile,greenTile,treeTile,greenTile,treeTile,treeTile,treeTile,greenTile,treeTile,greenTile,greenTile,greenTile,treeTile,treeTile,greenTile,greenTile,greenTile,greenTile,treeTile,greenTile,treeTile,treeTile,greenTile,treeTile,greenTile,greenTile,greenTile,greenTile,greenTile,greenTile,greenTile,greenTile,greenTile,greenTile,greenTile,greenTile,greenTile,treeTile,greenTile,greenTile,greenTile,treeTile,greenTile,greenTile,greenTile,greenTile,greenTile,greenTile,treeTile,greenTile,treeTile,greenTile,greenTile,greenTile,greenTile,greenTile,waterTile,waterTile,waterTile,waterTile,waterTile,waterTile,waterTile,waterTile,waterTile,waterTile,waterTile,waterTile,waterTile,waterTile,waterTile,waterTile,waterTile
waterTile,waterTile,waterTile,waterTile,waterTile,waterTile,waterTile,waterTile,waterTile,waterTile,waterTile,waterTile,waterTile,waterTile,waterTile,waterTile,waterTile,waterTile,waterTile,greenTile,greenTile,treeTile,greenTile,greenTile,greenTile,treeTile,treeTile,greenTile,treeTile,treeTile,treeTile,treeTile,greenTile,greenTile,greenTile,greenTile,greenTile,greenTile,greenTile,greenTile,treeTile,treeTile,treeTile,greenTile,greenTile,greenTile,greenTile,greenTile,greenTile,treeTile,greenTile,treeTile,greenTile,greenTile,greenTile,greenTile,treeTile,greenTile,treeTile,greenTile,greenTile,treeTile,treeTile,greenTile,treeTile,treeTile,greenTile,greenTile,treeTile,greenTile,greenTile,treeTile,treeTile,greenTile,treeTile,greenTile,greenTile,greenTile,treeTile,greenTile,treeTile,greenTile,treeTile,greenTile,waterTile,waterTile,waterTile,waterTile,waterTile,waterTile,waterTile,waterTile,waterTile,waterTile,waterTile,waterTile,waterTile,waterTile,waterTile,waterTile
waterTile,waterTile,waterTile,waterTile,waterTile,waterTile,waterTile,waterTile,waterTile,waterTile,waterTile,waterTile,waterTile,waterTile,waterTile,waterTile,waterTile,waterTile,treeTile,greenTile,greenTile,greenTile,greenTile,greenTile,treeTile,greenTile,treeTile,greenTile,treeTile,greenTile,greenTile,greenTile,greenTile,greenTile,greenTile,treeTile,greenTile,greenTile,treeTile,greenTile,greenTile,greenTile,greenTile,greenTile,greenTile,greenTile,greenTile,greenTile,greenTile,greenTile,treeTile,greenTile,treeTile,greenTile,greenTile,greenTile,treeTile,greenTile,greenTile,treeTile,greenTile,greenTile,greenTile,treeTile,greenTile,treeTile,greenTile,treeTile,greenTile,greenTile,greenTile,treeTile,greenTile,treeTile,greenTile,greenTile,greenTile,treeTile,treeTile,greenTile,treeTile,treeTile,treeTile,greenTile,greenTile,waterTile,waterTile,waterTile,waterTile,waterTile,waterTile,waterTile,waterTile,waterTile,waterTile,waterTile,waterTile,waterTile,waterTile,waterTile
waterTile,waterTile,waterTile,waterTile,waterTile,waterTile,waterTile,waterTile,waterTile,waterTile,waterTile,waterTile,waterTile,waterTile,waterTile,waterTile,waterTile,greenTile,treeTile,greenTile,greenTile,treeTile,greenTile,treeTile,treeTile,treeTile,greenTile,treeTile,greenTile,treeTile,treeTile,treeTile,greenTile,treeTile,greenTile,greenTile,treeTile,greenTile,greenTile,greenTile,greenTile,treeTile,greenTile,treeTile,greenTile,greenTile,treeTile,greenTile,treeTile,greenTile,greenTile,greenTile,greenTile,greenTile,treeTile,greenTile,greenTile,greenTile,greenTile,treeTile,greenTile,treeTile,greenTile,greenTile,greenTile,greenTile,treeTile,treeTile,greenTile,greenTile,treeTile,greenTile,greenTile,greenTile,greenTile,treeTile,treeTile,greenTile,treeTile,greenTile,greenTile,greenTile,greenTile,greenTile,greenTile,greenTile,waterTile,waterTile,waterTile,waterTile,waterTile,waterTile,waterTile,waterTile,waterTile,waterTile,waterTile,waterTile,waterTile,waterTile
waterTile,waterTile,waterTile,waterTile,waterTile,waterTile,waterTile,waterTile,waterTile,waterTile,waterTile,waterTile,waterTile,waterTile,waterTile,waterTile,treeTile,greenTile,greenTile,greenTile,greenTile,treeTile,treeTile,treeTile,treeTile,greenTile,greenTile,treeTile,treeTile,greenTile,treeTile,greenTile,treeTile,treeTile,greenTile,treeTile,treeTile,greenTile,treeTile,greenTile,greenTile,greenTile,treeTile,greenTile,greenTile,treeTile,greenTile,greenTile,greenTile,greenTile,greenTile,greenTile,greenTile,greenTile,treeTile,treeTile,greenTile,greenTile,greenTile,greenTile,greenTile,greenTile,greenTile,greenTile,greenTile,greenTile,treeTile,greenTile,greenTile,greenTile,greenTile,greenTile,greenTile,greenTile,treeTile,greenTile,greenTile,greenTile,greenTile,treeTile,treeTile,greenTile,greenTile,greenTile,treeTile,greenTile,greenTile,waterTile,waterTile,waterTile,waterTile,waterTile,waterTile,waterTile,waterTile,waterTile,waterTile,waterTile,waterTile,waterTile
waterTile,waterTile,waterTile,waterTile,waterTile,waterTile,waterTile,waterTile,waterTile,waterTile,waterTile,waterTile,waterTile,waterTile,waterTile,waterTile,greenTile,greenTile,greenTile,greenTile,greenTile,greenTile,treeTile,treeTile,treeTile,greenTile,greenTile,greenTile,treeTile,greenTile,treeTile,greenTile,greenTile,greenTile,greenTile,treeTile,treeTile,treeTile,greenTile,greenTile,treeTile,greenTile,greenTile,greenTile,greenTile,greenTile,treeTile,greenTile,greenTile,greenTile,treeTile,greenTile,treeTile,greenTile,treeTile,treeTile,greenTile,greenTile,greenTile,greenTile,treeTile,greenTile,treeTile,greenTile,treeTile,greenTile,treeTile,greenTile,greenTile,greenTile,treeTile,greenTile,treeTile,greenTile,greenTile,greenTile,greenTile,greenTile,greenTile,greenTile,greenTile,greenTile,greenTile,greenTile,greenTile,greenTile,greenTile,waterTile,waterTile,waterTile,waterTile,waterTile,waterTile,waterTile,waterTile,waterTile,waterTile,waterTile,waterTile,waterTile
waterTile,waterTile,waterTile,waterTile,waterTile,waterTile,waterTile,waterTile,waterTile,waterTile,waterTile,waterTile,waterTile,waterTile,waterTile,greenTile,greenTile,greenTile,greenTile,treeTile,treeTile,greenTile,treeTile,greenTile,greenTile,greenTile,greenTile,greenTile,treeTile,greenTile,greenTile,treeTile,treeTile,greenTile,greenTile,treeTile,greenTile,greenTile,treeTile,greenTile,treeTile,greenTile,greenTile,greenTile,greenTile,greenTile,greenTile,greenTile,treeTile,treeTile,treeTile,greenTile,greenTile,treeTile,greenTile,greenTile,greenTile,greenTile,greenTile,greenTile,greenTile,greenTile,greenTile,greenTile,greenTile,greenTile,greenTile,greenTile,greenTile,treeTile,greenTile,treeTile,greenTile,greenTile,greenTile,treeTile,greenTile,greenTile,greenTile,treeTile,greenTile,treeTile,greenTile,greenTile,treeTile,greenTile,greenTile,greenTile,waterTile,waterTile,waterTile,waterTile,waterTile,waterTile,waterTile,waterTile,waterTile,waterTile,waterTile,waterTile
waterTile,waterTile,waterTile,waterTile,waterTile,waterTile,waterTile,waterTile,waterTile,waterTile,waterTile,waterTile,waterTile,waterTile,waterTile,greenTile,greenTile,treeTile,treeTile,greenTile,treeTile,greenTile,greenTile,greenTile,greenTile,greenTile,greenTile,greenTile,greenTile,greenTile,treeTile,treeTile,greenTile,greenTile,greenTile,treeTile,treeTile,treeTile,greenTile,greenTile,greenTile,greenTile,greenTile,greenTile,treeTile,treeTile,greenTile,greenTile,greenTile,greenTile,greenTile,greenTile,greenTile,treeTile,treeTile,greenTile,greenTile,greenTile,treeTile,greenTile,treeTile,greenTile,greenTile,greenTile,treeTile,treeTile,greenTile,treeTile,greenTile,greenTile,treeTile,greenTile,greenTile,greenTile,treeTile,treeTile,treeTile,greenTile,greenTile,treeTile,greenTile,greenTile,treeTile,greenTile,treeTile,greenTile,greenTile,greenTile,waterTile,waterTile,waterTile,waterTile,waterTile,waterTile,waterTile,waterTile,waterTile,waterTile,waterTile,waterTile
waterTile,waterTile,waterTile,waterTile,waterTile,waterTile,waterTile,waterTile,waterTile,waterTile,waterTile,waterTile,waterTile,waterTile,greenTile,greenTile,greenTile,greenTile,greenTile,treeTile,greenTile,treeTile,treeTile,treeTile,greenTile,greenTile,treeTile,greenTile,treeTile,treeTile,greenTile,greenTile,greenTile,treeTile,treeTile,greenTile,treeTile,greenTile,greenTile,greenTile,greenTile,treeTile,treeTile,greenTile,greenTile,greenTile,greenTile,greenTile,treeTile,treeTile,greenTile,greenTile,treeTile,treeTile,greenTile,treeTile,greenTile,greenTile,greenTile,treeTile,greenTile,greenTile,greenTile,greenTile,greenTile,treeTile,greenTile,treeTile,greenTile,greenTile,greenTile,greenTile,treeTile,greenTile,greenTile,treeTile,greenTile,greenTile,treeTile,greenTile,treeTile,greenTile,greenTile,treeTile,treeTile,greenTile,treeTile,greenTile,waterTile,waterTile,waterTile,waterTile,waterTile,waterTile,waterTile,waterTile,waterTile,waterTile,waterTile,waterTile
waterTile,waterTile,waterTile,waterTile,waterTile,waterTile,waterTile,waterTile,waterTile,waterTile,waterTile,waterTile,waterTile,waterTile,treeTile,treeTile,treeTile,greenTile,greenTile,treeTile,greenTile,treeTile,treeTile,greenTile,greenTile,greenTile,greenTile,greenTile,treeTile,treeTile,treeTile,greenTile,greenTile,greenTile,greenTile,greenTile,treeTile,treeTile,greenTile,treeTile,treeTile,greenTile,treeTile,greenTile,greenTile,greenTile,greenTile,greenTile,treeTile,greenTile,treeTile,greenTile,treeTile,greenTile,greenTile,treeTile,greenTile,treeTile,greenTile,greenTile,greenTile,greenTile,greenTile,greenTile,treeTile,greenTile,greenTile,greenTile,greenTile,greenTile,greenTile,treeTile,greenTile,treeTile,greenTile,greenTile,treeTile,treeTile,treeTile,greenTile,greenTile,greenTile,greenTile,greenTile,greenTile,greenTile,greenTile,greenTile,greenTile,waterTile,waterTile,waterTile,waterTile,waterTile,waterTile,waterTile,waterTile,waterTile,waterTile,waterTile
waterTile,waterTile,waterTile,waterTile,waterTile,waterTile,waterTile,waterTile,waterTile,waterTile,waterTile,waterTile,waterTile,waterTile,greenTile,greenTile,treeTile,greenTile,treeTile,greenTile,greenTile,treeTile,treeTile,treeTile,greenTile,greenTile,greenTile,greenTile,treeTile,greenTile,greenTile,treeTile,greenTile,greenTile,greenTile,greenTile,greenTile,greenTile,greenTile,treeTile,greenTile,greenTile,treeTile,greenTile,treeTile,treeTile,greenTile,greenTile,treeTile,treeTile,greenTile,greenTile,greenTile,greenTile,greenTile,greenTile,treeTile,greenTile,treeTile,treeTile,greenTile,treeTile,greenTile,greenTile,greenTile,treeTile,greenTile,greenTile,treeTile,greenTile,greenTile,greenTile,treeTile,greenTile,treeTile,greenTile,greenTile,greenTile,greenTile,greenTile,greenTile,greenTile,treeTile,greenTile,greenTile,greenTile,treeTile,greenTile,greenTile,waterTile,waterTile,waterTile,waterTile,waterTile,waterTile,waterTile,waterTile,waterTile,waterTile,waterTile
waterTile,waterTile,waterTile,waterTile,waterTile,waterTile,waterTile,waterTile,waterTile,waterTile,waterTile,waterTile,waterTile,greenTile,treeTile,greenTile,greenTile,greenTile,greenTile,greenTile,greenTile,greenTile,treeTile,greenTile,greenTile,greenTile,greenTile,greenTile,greenTile,treeTile,greenTile,greenTile,greenTile,greenTile,treeTile,greenTile,treeTile,greenTile,treeTile,greenTile,greenTile,treeTile,greenTile,greenTile,greenTile,greenTile,greenTile,greenTile,greenTile,treeTile,greenTile,treeTile,treeTile,treeTile,treeTile,treeTile,greenTile,greenTile,treeTile,treeTile,greenTile,greenTile,treeTile,greenTile,greenTile,treeTile,greenTile,greenTile,greenTile,treeTile,greenTile,treeTile,greenTile,greenTile,greenTile,treeTile,greenTile,treeTile,greenTile,greenTile,treeTile,greenTile,treeTile,treeTile,greenTile,greenTile,greenTile,greenTile,greenTile,waterTile,waterTile,waterTile,waterTile,waterTile,waterTile,waterTile,waterTile,waterTile,waterTile,waterTile
waterTile,waterTile,waterTile,waterTile,waterTile,waterTile,waterTile,waterTile,waterTile,waterTile,waterTile,waterTile,waterTile,greenTile,greenTile,greenTile,greenTile,treeTile,greenTile,greenTile,treeTile,greenTile,treeTile,greenTile,greenTile,treeTile,treeTile,treeTile,treeTile,greenTile,greenTile,greenTile,greenTile,greenTile,greenTile,greenTile,treeTile,greenTile,greenTile,greenTile,treeTile,greenTile,greenTile,greenTile,treeTile,greenTile,greenTile,greenTile,greenTile,greenTile,greenTile,greenTile,greenTile,greenTile,greenTile,greenTile,greenTile,greenTile,treeTile,treeTile,greenTile,greenTile,greenTile,greenTile,greenTile,greenTile,greenTile,greenTile,treeTile,greenTile,greenTile,greenTile,treeTile,greenTile,greenTile,greenTile,greenTile,treeTile,treeTile,greenTile,treeTile,treeTile,greenTile,greenTile,greenTile,greenTile,greenTile,greenTile,greenTile,waterTile,waterTile,waterTile,waterTile,waterTile,waterTile,waterTile,waterTile,waterTile,waterTile,waterTile
waterTile,waterTile,waterTile,waterTile,waterTile,waterTile,waterTile,waterTile,waterTile,waterTile,waterTile,waterTile,waterTile,treeTile,treeTile,greenTile,treeTile,treeTile,greenTile,treeTile,greenTile,greenTile,greenTile,greenTile,greenTile,treeTile,greenTile,greenTile,treeTile,greenTile,treeTile,greenTile,greenTile,greenTile,greenTile,greenTile,greenTile,greenTile,treeTile,greenTile,treeTile,greenTile,greenTile,treeTile,treeTile,greenTile,greenTile,treeTile,greenTile,greenTile,greenTile,greenTile,greenTile,greenTile,greenTile,treeTile,greenTile,greenTile,greenTile,greenTile,greenTile,greenTile,greenTile,greenTile,greenTile,treeTile,greenTile,greenTile,treeTile,greenTile,treeTile,treeTile,greenTile,treeTile,greenTile,greenTile,greenTile,greenTile,greenTile,greenTile,greenTile,greenTile,treeTile,greenTile,greenTile,treeTile,treeTile,greenTile,treeTile,waterTile,waterTile,waterTile,waterTile,waterTile,waterTile,waterTile,waterTile,waterTile,waterTile,waterTile
waterTile,waterTile,waterTile,waterTile,waterTile,waterTile,waterTile,waterTile,waterTile,waterTile,waterTile,waterTile,waterTile,greenTile,greenTile,treeTile,greenTile,greenTile,greenTile,treeTile,greenTile,treeTile,greenTile,greenTile,greenTile,greenTile,greenTile,greenTile,greenTile,greenTile,treeTile,greenTile,greenTile,greenTile,greenTile,greenTile,treeTile,greenTile,greenTile,greenTile,greenTile,greenTile,treeTile,greenTile,greenTile,greenTile,treeTile,greenTile,greenTile,greenTile,greenTile,treeTile,treeTile,greenTile,greenTile,greenTile,greenTile,greenTile,greenTile,treeTile,treeTile,greenTile,treeTile,greenTile,greenTile,greenTile,treeTile,greenTile,treeTile,greenTile,greenTile,treeTile,treeTile,treeTile,greenTile,greenTile,treeTile,greenTile,greenTile,greenTile,treeTile,greenTile,greenTile,treeTile,greenTile,treeTile,greenTile,greenTile,greenTile,waterTile,waterTile,waterTile,waterTile,waterTile,waterTile,waterTile,waterTile,waterTile,waterTile,waterTile
waterTile,waterTile,waterTile,waterTile,waterTile,waterTile,waterTile,waterTile,waterTile,waterTile,waterTile,waterTile,waterTile,greenTile,greenTile,treeTile,greenTile,greenTile,greenTile,greenTile,treeTile,treeTile,greenTile,greenTile,greenTile,greenTile,greenTile,greenTile,greenTile,greenTile,greenTile,treeTile,greenTile,treeTile,greenTile,greenTile,greenTile,treeTile,treeTile,greenTile,greenTile,treeTile,greenTile,greenTile,greenTile,greenTile,greenTile,treeTile,greenTile,greenTile,treeTile,greenTile,greenTile,greenTile,greenTile,greenTile,greenTile,greenTile,greenTile,greenTile,treeTile,greenTile,greenTile,greenTile,greenTile,treeTile,greenTile,greenTile,greenTile,greenTile,greenTile,greenTile,treeTile,greenTile,greenTile,greenTile,greenTile,greenTile,greenTile,treeTile,greenTile,treeTile,treeTile,greenTile,greenTile,greenTile,greenTile,treeTile,treeTile,waterTile,waterTile,waterTile,waterTile,waterTile,waterTile,waterTile,waterTile,waterTile,waterTile,waterTile
waterTile,waterTile,waterTile,waterTile,waterTile,waterTile,waterTile,waterTile,waterTile,waterTile,waterTile,waterTile,waterTile,waterTile,greenTile,greenTile,treeTile,greenTile,greenTile,greenTile,greenTile,treeTile,greenTile,treeTile,greenTile,greenTile,greenTile,greenTile,treeTile,greenTile,treeTile,treeTile,treeTile,greenTile,greenTile,greenTile,treeTile,greenTile,greenTile,greenTile,greenTile,greenTile,greenTile,treeTile,greenTile,greenTile,greenTile,treeTile,treeTile,greenTile,greenTile,greenTile,greenTile,treeTile,greenTile,greenTile,treeTile,treeTile,greenTile,treeTile,treeTile,greenTile,treeTile,treeTile,greenTile,greenTile,greenTile,treeTile,greenTile,treeTile,greenTile,treeTile,treeTile,treeTile,greenTile,greenTile,greenTile,greenTile,greenTile,greenTile,greenTile,treeTile,treeTile,greenTile,treeTile,treeTile,greenTile,treeTile,greenTile,waterTile,waterTile,waterTile,waterTile,waterTile,waterTile,waterTile,waterTile,waterTile,waterTile,waterTile
waterTile,waterTile,waterTile,waterTile,waterTile,waterTile,waterTile,waterTile,waterTile,waterTile,waterTile,waterTile,waterTile,waterTile,greenTile,greenTile,greenTile,treeTile,greenTile,treeTile,greenTile,treeTile,greenTile,greenTile,greenTile,greenTile,treeTile,greenTile,greenTile,greenTile,treeTile,treeTile,treeTile,greenTile,greenTile,greenTile,treeTile,greenTile,greenTile,greenTile,greenTile,treeTile,greenTile,greenTile,treeTile,greenTile,greenTile,greenTile,greenTile,treeTile,greenTile,greenTile,greenTile,treeTile,greenTile,greenTile,treeTile,treeTile,greenTile,greenTile,treeTile,greenTile,greenTile,treeTile,greenTile,greenTile,treeTile,greenTile,treeTile,greenTile,greenTile,treeTile,greenTile,greenTile,treeTile,greenTile,greenTile,greenTile,greenTile,greenTile,greenTile,treeTile,treeTile,greenTile,greenTile,treeTile,greenTile,greenTile,greenTile,waterTile,waterTile,waterTile,waterTile,waterTile,waterTile,waterTile,waterTile,waterTile,waterTile,waterTile
waterTile,waterTile,waterTile,waterTile,waterTile,waterTile,waterTile,waterTile,waterTile,waterTile,waterTile,waterTile,waterTile,waterTile,treeTile,greenTile,treeTile,treeTile,greenTile,greenTile,greenTile,greenTile,treeTile,treeTile,treeTile,greenTile,greenTile,treeTile,greenTile,greenTile,greenTile,greenTile,greenTile,greenTile,treeTile,treeTile,greenTile,greenTile,greenTile,greenTile,treeTile,greenTile,treeTile,greenTile,greenTile,greenTile,greenTile,greenTile,greenTile,greenTile,treeTile,greenTile,greenTile,greenTile,treeTile,treeTile,greenTile,greenTile,treeTile,treeTile,greenTile,greenTile,greenTile,greenTile,greenTile,treeTile,greenTile,greenTile,greenTile,greenTile,greenTile,treeTile,greenTile,treeTile,treeTile,treeTile,greenTile,treeTile,greenTile,treeTile,greenTile,treeTile,greenTile,treeTile,greenTile,greenTile,treeTile,greenTile,greenTile,waterTile,waterTile,waterTile,waterTile,waterTile,waterTile,waterTile,waterTile,waterTile,waterTile,waterTile
waterTile,waterTile,waterTile,waterTile,waterTile,waterTile,waterTile,waterTile,waterTile,waterTile,waterTile,waterTile,waterTile,waterTile,greenTile,greenTile,treeTile,treeTile,greenTile,greenTile,greenTile,treeTile,greenTile,treeTile,greenTile,greenTile,greenTile,treeTile,greenTile,treeTile,treeTile,greenTile,greenTile,greenTile,treeTile,greenTile,greenTile,treeTile,greenTile,greenTile,greenTile,greenTile,greenTile,greenTile,treeTile,greenTile,greenTile,greenTile,greenTile,greenTile,greenTile,treeTile,greenTile,greenTile,greenTile,greenTile,greenTile,greenTile,greenTile,greenTile,greenTile,treeTile,treeTile,greenTile,greenTile,greenTile,greenTile,treeTile,greenTile,greenTile,greenTile,greenTile,greenTile,greenTile,greenTile,greenTile,greenTile,greenTile,greenTile,greenTile,treeTile,greenTile,treeTile,greenTile,greenTile,greenTile,greenTile,treeTile,waterTile,waterTile,waterTile,waterTile,waterTile,waterTile,waterTile,waterTile,waterTile,waterTile,waterTile,waterTile
waterTile,waterTile,waterTile,waterTile,waterTile,waterTile,waterTile,waterTile,waterTile,waterTile,waterTile,waterTile,waterTile,waterTile,treeTile,treeTile,greenTile,greenTile,greenTile,greenTile,greenTile,greenTile,treeTile,treeTile,greenTile,treeTile,greenTile,greenTile,greenTile,greenTile,treeTile,greenTile,treeTile,greenTile,treeTile,greenTile,greenTile,treeTile,treeTile,greenTile,greenTile,greenTile,greenTile,treeTile,greenTile,greenTile,greenTile,treeTile,greenTile,treeTile,greenTile,greenTile,treeTile,greenTile,treeTile,greenTile,treeTile,greenTile,treeTile,greenTile,greenTile,treeTile,treeTile,greenTile,greenTile,treeTile,treeTile,greenTile,treeTile,greenTile,greenTile,greenTile,greenTile,treeTile,treeTile,greenTile,greenTile,greenTile,treeTile,greenTile,greenTile,greenTile,greenTile,treeTile,greenTile,treeTile,greenTile,greenTile,waterTile,waterTile,waterTile,waterTile,waterTile,waterTile,waterTile,waterTile,waterTile,waterTile,waterTile,waterTile
waterTile,waterTile,waterTile,waterTile,waterTile,waterTile,waterTile,waterTile,waterTile,waterTile,waterTile,waterTile,waterTile,waterTile,greenTile,greenTile,greenTile,greenTile,treeTile,treeTile,greenTile,greenTile,treeTile,greenTile,greenTile,treeTile,treeTile,greenTile,treeTile,greenTile,greenTile,treeTile,treeTile,greenTile,greenTile,greenTile,treeTile,greenTile,treeTile,greenTile,greenTile,greenTile,greenTile,greenTile,treeTile,greenTile,greenTile,treeTile,greenTile,greenTile,treeTile,greenTile,greenTile,greenTile,treeTile,greenTile,greenTile,treeTile,greenTile,treeTile,greenTile,greenTile,greenTile,greenTile,greenTile,greenTile,treeTile,treeTile,greenTile,greenTile,greenTile,treeTile,treeTile,treeTile,greenTile,greenTile,greenTile,greenTile,greenTile,greenTile,treeTile,greenTile,greenTile,treeTile,greenTile,greenTile,greenTile,greenTile,waterTile,waterTile,waterTile,waterTile,waterTile,waterTile,waterTile,waterTile,waterTile,waterTile,waterTile,waterTile
waterTile,waterTile,waterTile,waterTile,waterTile,waterTile,waterTile,waterTile,waterTile,waterTile,waterTile,waterTile,waterTile,waterTile,greenTile,greenTile,greenTile,greenTile,greenTile,greenTile,greenTile,greenTile,greenTile,treeTile,treeTile,treeTile,greenTile,treeTile,greenTile,greenTile,greenTile,treeTile,treeTile,treeTile,treeTile,greenTile,greenTile,treeTile,greenTile,greenTile,greenTile,greenTile,greenTile,greenTile,treeTile,greenTile,greenTile,greenTile,treeTile,greenTile,greenTile,greenTile,treeTile,greenTile,greenTile,treeTile,treeTile,treeTile,treeTile,greenTile,greenTile,greenTile,greenTile,greenTile,greenTile,greenTile,treeTile,treeTile,greenTile,greenTile,greenTile,greenTile,greenTile,greenTile,greenTile,greenTile,greenTile,treeTile,greenTile,treeTile,greenTile,greenTile,greenTile,greenTile,greenTile,treeTile,greenTile,greenTile,waterTile,waterTile,waterTile,waterTile,waterTile,waterTile,waterTile,waterTile,waterTile,waterTile,waterTile,waterTile
waterTile,waterTile,waterTile,waterTile,waterTile,waterTile,waterTile,waterTile,waterTile,waterTile,waterTile,waterTile,waterTile,waterTile,greenTile,greenTile,greenTile,greenTile,treeTile,greenTile,greenTile,treeTile,greenTile,greenTile,greenTile,treeTile,greenTile,greenTile,treeTile,greenTile,greenTile,greenTile,treeTile,greenTile,greenTile,greenTile,greenTile,greenTile,greenTile,greenTile,greenTile,greenTile,treeTile,greenTile,greenTile,greenTile,greenTile,greenTile,greenTile,greenTile,greenTile,greenTile,treeTile,greenTile,greenTile,greenTile,greenTile,greenTile,greenTile,greenTile,greenTile,greenTile,greenTile,greenTile,greenTile,greenTile,greenTile,greenTile,greenTile,greenTile,treeTile,greenTile,greenTile,greenTile,greenTile,greenTile,treeTile,greenTile,greenTile,greenTile,treeTile,greenTile,greenTile,greenTile,greenTile,greenTile,greenTile,greenTile,waterTile,waterTile,waterTile,waterTile,waterTile,waterTile,waterTile,waterTile,waterTile,waterTile,waterTile,waterTile
waterTile,waterTile,waterTile,waterTile,waterTile,waterTile,waterTile,waterTile,waterTile,waterTile,waterTile,waterTile,waterTile,waterTile,treeTile,greenTile,greenTile,treeTile,greenTile,treeTile,greenTile,greenTile,treeTile,greenTile,greenTile,greenTile,treeTile,treeTile,treeTile,greenTile,treeTile,greenTile,treeTile,greenTile,greenTile,treeTile,greenTile,greenTile,greenTile,greenTile,greenTile,greenTile,treeTile,treeTile,greenTile,treeTile,greenTile,greenTile,treeTile,greenTile,greenTile,greenTile,treeTile,greenTile,greenTile,greenTile,greenTile,greenTile,treeTile,greenTile,greenTile,treeTile,greenTile,treeTile,greenTile,greenTile,treeTile,greenTile,greenTile,treeTile,treeTile,treeTile,greenTile,treeTile,greenTile,treeTile,greenTile,treeTile,treeTile,greenTile,greenTile,treeTile,greenTile,greenTile,greenTile,greenTile,treeTile,greenTile,waterTile,waterTile,waterTile,waterTile,waterTile,waterTile,waterTile,waterTile,waterTile,waterTile,waterTile,waterTile
waterTile,waterTile,waterTile,waterTile,waterTile,waterTile,waterTile,waterTile,waterTile,waterTile,waterTile,waterTile,waterTile,waterTile,treeTile,greenTile,greenTile,greenTile,greenTile,treeTile,greenTile,treeTile,treeTile,greenTile,greenTile,greenTile,greenTile,greenTile,treeTile,greenTile,greenTile,greenTile,greenTile,treeTile,greenTile,greenTile,greenTile,greenTile,greenTile,greenTile,treeTile,greenTile,greenTile,greenTile,treeTile,greenTile,greenTile,greenTile,greenTile,treeTile,treeTile,greenTile,greenTile,treeTile,greenTile,treeTile,greenTile,greenTile,greenTile,treeTile,greenTile,greenTile,greenTile,treeTile,greenTile,greenTile,treeTile,greenTile,greenTile,greenTile,greenTile,greenTile,treeTile,greenTile,treeTile,greenTile,greenTile,greenTile,greenTile,greenTile,greenTile,greenTile,greenTile,treeTile,greenTile,greenTile,greenTile,greenTile,waterTile,waterTile,waterTile,waterTile,waterTile,waterTile,waterTile,waterTile,waterTile,waterTile,waterTile,waterTile
waterTile,waterTile,waterTile,waterTile,waterTile,waterTile,waterTile,waterTile,waterTile,waterTile,waterTile,waterTile,waterTile,waterTile,treeTile,greenTile,greenTile,treeTile,treeTile,treeTile,greenTile,greenTile,greenTile,treeTile,treeTile,greenTile,greenTile,treeTile,greenTile,greenTile,greenTile,greenTile,treeTile,treeTile,greenTile,treeTile,greenTile,greenTile,greenTile,greenTile,greenTile,treeTile,treeTile,greenTile,greenTile,greenTile,greenTile,treeTile,treeTile,greenTile,treeTile,treeTile,treeTile,greenTile,greenTile,greenTile,treeTile,treeTile,greenTile,treeTile,greenTile,greenTile,greenTile,greenTile,greenTile,greenTile,greenTile,treeTile,greenTile,greenTile,treeTile,greenTile,greenTile,greenTile,treeTile,treeTile,greenTile,treeTile,treeTile,greenTile,greenTile,greenTile,greenTile,greenTile,treeTile,greenTile,treeTile,treeTile,waterTile,waterTile,waterTile,waterTile,waterTile,waterTile,waterTile,waterTile,waterTile,waterTile,waterTile,waterTile
waterTile,waterTile,waterTile,waterTile,waterTile,waterTile,waterTile,waterTile,waterTile,waterTile,waterTile,waterTile,waterTile,waterTile,greenTile,treeTile,treeTile,treeTile,greenTile,treeTile,greenTile,treeTile,treeTile,greenTile,greenTile,greenTile,treeTile,treeTile,greenTile,greenTile,greenTile,greenTile,treeTile,treeTile,treeTile,greenTile,greenTile,greenTile,greenTile,greenTile,greenTile,greenTile,greenTile,treeTile,greenTile,greenTile,treeTile,treeTile,treeTile,greenTile,greenTile,greenTile,greenTile,greenTile,greenTile,greenTile,greenTile,greenTile,treeTile,greenTile,greenTile,greenTile,greenTile,greenTile,greenTile,greenTile,treeTile,greenTile,greenTile,treeTile,greenTile,greenTile,treeTile,greenTile,treeTile,greenTile,treeTile,treeTile,greenTile,treeTile,treeTile,treeTile,greenTile,treeTile,greenTile,greenTile,greenTile,treeTile,waterTile,waterTile,waterTile,waterTile,waterTile,waterTile,waterTile,waterTile,waterTile,waterTile,waterTile,waterTile
waterTile,waterTile,waterTile,waterTile,waterTile,waterTile,waterTile,waterTile,waterTile,waterTile,waterTile,waterTile,waterTile,waterTile,treeTile,greenTile,greenTile,treeTile,greenTile,greenTile,greenTile,treeTile,treeTile,greenTile,greenTile,greenTile,greenTile,greenTile,greenTile,greenTile,treeTile,greenTile,greenTile,greenTile,greenTile,greenTile,greenTile,greenTile,greenTile,greenTile,greenTile,greenTile,greenTile,greenTile,greenTile,treeTile,greenTile,greenTile,greenTile,greenTile,greenTile,greenTile,greenTile,greenTile,treeTile,treeTile,greenTile,greenTile,greenTile,treeTile,treeTile,greenTile,greenTile,greenTile,greenTile,greenTile,treeTile,greenTile,greenTile,greenTile,treeTile,treeTile,greenTile,greenTile,treeTile,treeTile,greenTile,greenTile,greenTile,treeTile,treeTile,treeTile,greenTile,greenTile,greenTile,treeTile,greenTile,greenTile,greenTile,waterTile,waterTile,waterTile,waterTile,waterTile,waterTile,waterTile,waterTile,waterTile,waterTile,waterTile
waterTile,waterTile,waterTile,waterTile,waterTile,waterTile,waterTile,waterTile,waterTile,waterTile,waterTile,waterTile,waterTile,waterTile,treeTile,greenTile,greenTile,greenTile,greenTile,greenTile,greenTile,greenTile,treeTile,greenTile,greenTile,treeTile,greenTile,greenTile,treeTile,treeTile,greenTile,greenTile,greenTile,greenTile,greenTile,treeTile,greenTile,greenTile,greenTile,greenTile,greenTile,treeTile,brownTile,brownTile,brownTile,brownTile,brownTile,brownTile,brownTile,brownTile,brownTile,brownTile,greenTile,greenTile,greenTile,treeTile,greenTile,greenTile,greenTile,greenTile,greenTile,greenTile,treeTile,greenTile,treeTile,greenTile,greenTile,treeTile,treeTile,greenTile,greenTile,greenTile,treeTile,greenTile,greenTile,greenTile,greenTile,greenTile,treeTile,treeTile,greenTile,greenTile,greenTile,treeTile,greenTile,greenTile,greenTile,greenTile,greenTile,waterTile,waterTile,waterTile,waterTile,waterTile,waterTile,waterTile,waterTile,waterTile,waterTile,waterTile
waterTile,waterTile,waterTile,waterTile,waterTile,waterTile,waterTile,waterTile,waterTile,waterTile,waterTile,waterTile,waterTile,greenTile,treeTile,treeTile,greenTile,greenTile,treeTile,greenTile,greenTile,treeTile,treeTile,greenTile,greenTile,greenTile,greenTile,greenTile,greenTile,greenTile,greenTile,greenTile,greenTile,greenTile,greenTile,treeTile,greenTile,greenTile,greenTile,brownTile,brownTile,brownTile,brownTile,brownTile,brownTile,brownTile,brownTile,brownTile,brownTile,brownTile,brownTile,brownTile,brownTile,brownTile,brownTile,greenTile,treeTile,treeTile,greenTile,greenTile,treeTile,greenTile,greenTile,greenTile,greenTile,treeTile,greenTile,greenTile,greenTile,treeTile,greenTile,treeTile,treeTile,greenTile,treeTile,greenTile,treeTile,treeTile,greenTile,greenTile,treeTile,treeTile,greenTile,treeTile,greenTile,greenTile,greenTile,treeTile,greenTile,waterTile,waterTile,waterTile,waterTile,waterTile,waterTile,waterTile,waterTile,waterTile,waterTile,waterTile
waterTile,waterTile,waterTile,waterTile,waterTile,waterTile,waterTile,waterTile,waterTile,waterTile,waterTile,waterTile,waterTile,greenTile,greenTile,treeTile,treeTile,greenTile,treeTile,greenTile,greenTile,greenTile,treeTile,greenTile,greenTile,treeTile,greenTile,greenTile,treeTile,greenTile,greenTile,greenTile,treeTile,treeTile,greenTile,treeTile,greenTile,greenTile,brownTile,brownTile,brownTile,brownTile,brownTile,brownTile,brownTile,brownTile,brownTile,brownTile,brownTile,brownTile,brownTile,brownTile,brownTile,brownTile,brownTile,brownTile,brownTile,greenTile,treeTile,treeTile,treeTile,greenTile,greenTile,treeTile,treeTile,greenTile,greenTile,treeTile,treeTile,greenTile,greenTile,treeTile,treeTile,greenTile,greenTile,treeTile,greenTile,treeTile,treeTile,greenTile,greenTile,greenTile,greenTile,greenTile,treeTile,greenTile,treeTile,treeTile,treeTile,waterTile,waterTile,waterTile,waterTile,waterTile,waterTile,waterTile,waterTile,waterTile,waterTile,waterTile
waterTile,waterTile,waterTile,waterTile,waterTile,waterTile,waterTile,waterTile,waterTile,waterTile,waterTile,waterTile,greenTile,treeTile,treeTile,greenTile,greenTile,greenTile,treeTile,greenTile,treeTile,greenTile,greenTile,greenTile,greenTile,greenTile,treeTile,greenTile,greenTile,greenTile,greenTile,greenTile,greenTile,treeTile,greenTile,greenTile,greenTile,brownTile,brownTile,brownTile,brownTile,brownTile,brownTile,brownTile,brownTile,brownTile,brownTile,brownTile,brownTile,brownTile,brownTile,brownTile,brownTile,brownTile,brownTile,brownTile,brownTile,brownTile,treeTile,greenTile,treeTile,treeTile,treeTile,greenTile,greenTile,treeTile,greenTile,greenTile,greenTile,treeTile,treeTile,greenTile,greenTile,greenTile,treeTile,greenTile,greenTile,greenTile,treeTile,greenTile,greenTile,greenTile,treeTile,greenTile,greenTile,treeTile,greenTile,greenTile,greenTile,treeTile,waterTile,waterTile,waterTile,waterTile,waterTile,waterTile,waterTile,waterTile,waterTile,waterTile
waterTile,waterTile,waterTile,waterTile,waterTile,waterTile,waterTile,waterTile,waterTile,waterTile,waterTile,waterTile,greenTile,treeTile,greenTile,greenTile,treeTile,treeTile,greenTile,treeTile,greenTile,treeTile,treeTile,greenTile,greenTile,greenTile,greenTile,greenTile,greenTile,greenTile,greenTile,greenTile,treeTile,greenTile,greenTile,treeTile,brownTile,brownTile,brownTile,brownTile,brownTile,brownTile,brownTile,brownTile,brownTile,brownTile,brownTile,brownTile,brownTile,brownTile,brownTile,brownTile,brownTile,brownTile,brownTile,brownTile,brownTile,brownTile,brownTile,brownTile,greenTile,treeTile,greenTile,treeTile,greenTile,treeTile,greenTile,greenTile,treeTile,treeTile,greenTile,greenTile,greenTile,greenTile,greenTile,greenTile,greenTile,greenTile,treeTile,treeTile,greenTile,greenTile,treeTile,greenTile,greenTile,greenTile,treeTile,greenTile,greenTile,greenTile,waterTile,waterTile,waterTile,waterTile,waterTile,waterTile,waterTile,waterTile,waterTile,waterTile
waterTile,waterTile,waterTile,waterTile,waterTile,waterTile,waterTile,waterTile,waterTile,waterTile,waterTile,treeTile,treeTile,greenTile,greenTile,greenTile,greenTile,treeTile,greenTile,greenTile,greenTile,greenTile,greenTile,treeTile,greenTile,treeTile,greenTile,greenTile,treeTile,treeTile,greenTile,treeTile,greenTile,treeTile,greenTile,brownTile,brownTile,brownTile,brownTile,brownTile,brownTile,brownTile,brownTile,brownTile,brownTile,brownTile,brownTile,brownTile,brownTile,brownTile,brownTile,brownTile,brownTile,brownTile,brownTile,brownTile,brownTile,brownTile,brownTile,brownTile,brownTile,greenTile,greenTile,greenTile,treeTile,treeTile,treeTile,treeTile,greenTile,greenTile,greenTile,greenTile,greenTile,treeTile,treeTile,treeTile,treeTile,greenTile,treeTile,treeTile,treeTile,greenTile,greenTile,greenTile,greenTile,greenTile,greenTile,treeTile,greenTile,greenTile,waterTile,waterTile,waterTile,waterTile,waterTile,waterTile,waterTile,waterTile,waterTile,waterTile
waterTile,waterTile,waterTile,waterTile,waterTile,waterTile,waterTile,waterTile,waterTile,waterTile,waterTile,treeTile,greenTile,greenTile,greenTile,greenTile,greenTile,treeTile,greenTile,greenTile,greenTile,greenTile,greenTile,treeTile,treeTile,treeTile,treeTile,greenTile,greenTile,greenTile,treeTile,greenTile,treeTile,greenTile,brownTile,brownTile,brownTile,brownTile,brownTile,brownTile,brownTile,brownTile,brownTile,brownTile,brownTile,brownTile,brownTile,brownTile,brownTile,brownTile,brownTile,brownTile,brownTile,brownTile,brownTile,brownTile,brownTile,brownTile,brownTile,brownTile,brownTile,brownTile,brownTile,greenTile,treeTile,treeTile,greenTile,greenTile,greenTile,treeTile,greenTile,greenTile,treeTile,greenTile,greenTile,greenTile,greenTile,greenTile,treeTile,greenTile,greenTile,greenTile,greenTile,greenTile,treeTile,greenTile,greenTile,greenTile,greenTile,greenTile,greenTile,waterTile,waterTile,waterTile,waterTile,waterTile,waterTile,waterTile,waterTile,waterTile
waterTile,waterTile,waterTile,waterTile,waterTile,waterTile,waterTile,waterTile,waterTile,waterTile,greenTile,treeTile,treeTile,greenTile,greenTile,greenTile,treeTile,greenTile,treeTile,greenTile,greenTile,treeTile,treeTile,greenTile,greenTile,treeTile,greenTile,greenTile,greenTile,greenTile,greenTile,greenTile,treeTile,brownTile,brownTile,brownTile,brownTile,brownTile,brownTile,brownTile,brownTile,brownTile,brownTile,brownTile,brownTile,brownTile,brownTile,brownTile,brownTile,brownTile,brownTile,brownTile,brownTile,brownTile,brownTile,brownTile,brownTile,brownTile,brownTile,brownTile,brownTile,brownTile,brownTile,brownTile,greenTile,treeTile,treeTile,greenTile,greenTile,treeTile,greenTile,greenTile,treeTile,treeTile,greenTile,greenTile,treeTile,greenTile,greenTile,treeTile,greenTile,greenTile,greenTile,greenTile,greenTile,greenTile,treeTile,greenTile,greenTile,greenTile,treeTile,waterTile,waterTile,waterTile,waterTile,waterTile,waterTile,waterTile,waterTile,waterTile
waterTile,waterTile,waterTile,waterTile,waterTile,waterTile,waterTile,waterTile,waterTile,waterTile,greenTile,treeTile,greenTile,greenTile,greenTile,greenTile,greenTile,greenTile,greenTile,greenTile,greenTile,greenTile,greenTile,treeTile,greenTile,greenTile,greenTile,greenTile,greenTile,greenTile,greenTile,greenTile,greenTile,brownTile,brownTile,brownTile,brownTile,brownTile,brownTile,brownTile,brownTile,brownTile,brownTile,brownTile,brownTile,brownTile,brownTile,brownTile,brownTile,brownTile,brownTile,brownTile,brownTile,brownTile,brownTile,brownTile,brownTile,brownTile,brownTile,brownTile,brownTile,brownTile,brownTile,brownTile,brownTile,greenTile,greenTile,treeTile,greenTile,greenTile,treeTile,treeTile,greenTile,greenTile,greenTile,greenTile,treeTile,greenTile,greenTile,greenTile,greenTile,greenTile,greenTile,treeTile,greenTile,greenTile,greenTile,greenTile,greenTile,greenTile,greenTile,treeTile,waterTile,waterTile,waterTile,waterTile,waterTile,waterTile,waterTile,waterTile
waterTile,waterTile,waterTile,waterTile,waterTile,waterTile,waterTile,waterTile,waterTile,greenTile,treeTile,treeTile,greenTile,treeTile,greenTile,greenTile,greenTile,greenTile,greenTile,greenTile,treeTile,greenTile,treeTile,greenTile,treeTile,greenTile,treeTile,treeTile,treeTile,greenTile,greenTile,greenTile,brownTile,brownTile,brownTile,brownTile,brownTile,brownTile,brownTile,brownTile,brownTile,brownTile,brownTile,brownTile,brownTile,brownTile,brownTile,brownTile,brownTile,brownTile,brownTile,brownTile,brownTile,brownTile,brownTile,brownTile,brownTile,brownTile,brownTile,brownTile,brownTile,brownTile,brownTile,brownTile,brownTile,brownTile,greenTile,greenTile,treeTile,greenTile,treeTile,greenTile,greenTile,treeTile,treeTile,treeTile,greenTile,greenTile,treeTile,greenTile,greenTile,treeTile,treeTile,greenTile,greenTile,treeTile,treeTile,greenTile,greenTile,greenTile,treeTile,greenTile,waterTile,waterTile,waterTile,waterTile,waterTile,waterTile,waterTile,waterTile
waterTile,waterTile,waterTile,waterTile,waterTile,waterTile,waterTile,waterTile,treeTile,greenTile,greenTile,greenTile,greenTile,greenTile,treeTile,greenTile,treeTile,treeTile,greenTile,treeTile,treeTile,greenTile,greenTile,greenTile,treeTile,treeTile,treeTile,greenTile,greenTile,greenTile,greenTile,greenTile,brownTile,brownTile,brownTile,brownTile,brownTile,brownTile,brownTile,brownTile,brownTile,brownTile,brownTile,brownTile,brownTile,brownTile,brownTile,brownTile,brownTile,brownTile,brownTile,brownTile,brownTile,brownTile,brownTile,brownTile,brownTile,brownTile,brownTile,brownTile,brownTile,brownTile,brownTile,brownTile,brownTile,brownTile,brownTile,greenTile,greenTile,treeTile,greenTile,greenTile,greenTile,greenTile,greenTile,greenTile,greenTile,greenTile,greenTile,greenTile,greenTile,greenTile,greenTile,greenTile,greenTile,greenTile,treeTile,treeTile,treeTile,greenTile,treeTile,treeTile,treeTile,waterTile,waterTile,waterTile,waterTile,waterTile,waterTile,waterTile
waterTile,waterTile,waterTile,waterTile,waterTile,waterTile,waterTile,waterTile,greenTile,greenTile,greenTile,greenTile,greenTile,treeTile,greenTile,greenTile,greenTile,greenTile,greenTile,greenTile,greenTile,greenTile,greenTile,treeTile,treeTile,greenTile,greenTile,greenTile,treeTile,greenTile,treeTile,treeTile,brownTile,brownTile,brownTile,brownTile,brownTile,brownTile,brownTile,brownTile,brownTile,brownTile,brownTile,brownTile,brownTile,brownTile,brownTile,brownTile,brownTile,brownTile,brownTile,brownTile,brownTile,brownTile,brownTile,brownTile,brownTile,brownTile,brownTile,brownTile,brownTile,brownTile,brownTile,brownTile,brownTile,brownTile,brownTile,brownTile,greenTile,greenTile,greenTile,greenTile,greenTile,greenTile,greenTile,greenTile,greenTile,greenTile,treeTile,greenTile,greenTile,greenTile,greenTile,greenTile,greenTile,greenTile,greenTile,greenTile,treeTile,greenTile,greenTile,treeTile,greenTile,waterTile,waterTile,waterTile,waterTile,waterTile,waterTile,waterTile
waterTile,waterTile,waterTile,waterTile,waterTile,waterTile,waterTile,greenTile,greenTile,greenTile,greenTile,treeTile,greenTile,treeTile,greenTile,greenTile,greenTile,treeTile,greenTile,greenTile,greenTile,greenTile,greenTile,greenTile,treeTile,greenTile,greenTile,greenTile,treeTile,greenTile,greenTile,brownTile,brownTile,brownTile,brownTile,brownTile,brownTile,brownTile,brownTile,brownTile,brownTile,brownTile,brownTile,brownTile,brownTile,brownTile,brownTile,brownTile,brownTile,brownTile,brownTile,brownTile,brownTile,brownTile,brownTile,brownTile,brownTile,brownTile,brownTile,brownTile,brownTile,brownTile,brownTile,brownTile,brownTile,brownTile,brownTile,brownTile,greenTile,greenTile,treeTile,greenTile,greenTile,greenTile,greenTile,greenTile,treeTile,treeTile,greenTile,greenTile,greenTile,greenTile,greenTile,greenTile,greenTile,treeTile,treeTile,greenTile,greenTile,greenTile,treeTile,greenTile,greenTile,waterTile,waterTile,waterTile,waterTile,waterTile,waterTile,waterTile
waterTile,waterTile,waterTile,waterTile,waterTile,waterTile,waterTile,treeTile,greenTile,greenTile,treeTile,treeTile,greenTile,treeTile,greenTile,greenTile,treeTile,greenTile,greenTile,greenTile,greenTile,greenTile,greenTile,treeTile,greenTile,treeTile,greenTile,treeTile,greenTile,treeTile,greenTile,brownTile,brownTile,brownTile,brownTile,brownTile,brownTile,brownTile,brownTile,brownTile,brownTile,brownTile,brownTile,brownTile,brownTile,brownTile,brownTile,brownTile,brownTile,brownTile,brownTile,brownTile,brownTile,brownTile,brownTile,brownTile,brownTile,brownTile,brownTile,brownTile,brownTile,brownTile,brownTile,brownTile,brownTile,brownTile,brownTile,brownTile,brownTile,greenTile,treeTile,greenTile,treeTile,greenTile,treeTile,greenTile,greenTile,greenTile,treeTile,greenTile,treeTile,greenTile,treeTile,greenTile,greenTile,greenTile,greenTile,greenTile,greenTile,greenTile,treeTile,treeTile,greenTile,greenTile,waterTile,waterTile,waterTile,waterTile,waterTile,waterTile
waterTile,waterTile,waterTile,waterTile,waterTile,waterTile,greenTile,treeTile,greenTile,greenTile,greenTile,treeTile,treeTile,greenTile,treeTile,treeTile,greenTile,greenTile,greenTile,greenTile,treeTile,treeTile,greenTile,greenTile,treeTile,treeTile,treeTile,greenTile,greenTile,greenTile,greenTile,brownTile,brownTile,brownTile,brownTile,brownTile,brownTile,brownTile,brownTile,brownTile,brownTile,brownTile,brownTile,brownTile,brownTile,brownTile,brownTile,brownTile,brownTile,brownTile,brownTile,brownTile,brownTile,brownTile,brownTile,brownTile,brownTile,brownTile,brownTile,brownTile,brownTile,brownTile,brownTile,brownTile,brownTile,brownTile,brownTile,brownTile,brownTile,treeTile,greenTile,greenTile,treeTile,treeTile,treeTile,greenTile,greenTile,greenTile,treeTile,treeTile,greenTile,treeTile,treeTile,treeTile,greenTile,greenTile,greenTile,treeTile,greenTile,greenTile,treeTile,treeTile,greenTile,greenTile,waterTile,waterTile,waterTile,waterTile,waterTile,waterTile
waterTile,waterTile,waterTile,waterTile,waterTile,waterTile,greenTile,treeTile,greenTile,treeTile,greenTile,greenTile,treeTile,greenTile,greenTile,greenTile,greenTile,treeTile,greenTile,greenTile,treeTile,greenTile,greenTile,treeTile,treeTile,greenTile,treeTile,greenTile,greenTile,treeTile,greenTile,brownTile,brownTile,brownTile,brownTile,brownTile,brownTile,brownTile,brownTile,brownTile,brownTile,brownTile,brownTile,brownTile,brownTile,brownTile,brownTile,brownTile,brownTile,brownTile,brownTile,brownTile,brownTile,brownTile,brownTile,brownTile,brownTile,brownTile,brownTile,brownTile,brownTile,brownTile,brownTile,brownTile,brownTile,brownTile,brownTile,brownTile,brownTile,greenTile,greenTile,treeTile,greenTile,treeTile,greenTile,greenTile,greenTile,greenTile,greenTile,treeTile,greenTile,treeTile,greenTile,greenTile,greenTile,greenTile,treeTile,treeTile,treeTile,treeTile,greenTile,greenTile,treeTile,greenTile,waterTile,waterTile,waterTile,waterTile,waterTile,waterTile
waterTile,waterTile,waterTile,waterTile,waterTile,waterTile,treeTile,greenTile,greenTile,treeTile,greenTile,greenTile,treeTile,greenTile,greenTile,greenTile,greenTile,greenTile,greenTile,treeTile,greenTile,treeTile,treeTile,greenTile,greenTile,treeTile,greenTile,greenTile,treeTile,greenTile,greenTile,brownTile,brownTile,brownTile,brownTile,brownTile,brownTile,brownTile,brownTile,brownTile,brownTile,brownTile,brownTile,brownTile,brownTile,brownTile,brownTile,brownTile,brownTile,brownTile,brownTile,brownTile,brownTile,brownTile,brownTile,brownTile,brownTile,brownTile,brownTile,brownTile,brownTile,brownTile,brownTile,brownTile,brownTile,brownTile,brownTile,brownTile,greenTile,greenTile,greenTile,treeTile,treeTile,greenTile,greenTile,greenTile,treeTile,greenTile,treeTile,greenTile,greenTile,treeTile,greenTile,greenTile,greenTile,greenTile,greenTile,greenTile,treeTile,greenTile,treeTile,greenTile,treeTile,greenTile,waterTile,waterTile,waterTile,waterTile,waterTile,waterTile
waterTile,waterTile,waterTile,waterTile,waterTile,waterTile,treeTile,greenTile,greenTile,treeTile,greenTile,greenTile,greenTile,greenTile,greenTile,greenTile,greenTile,greenTile,treeTile,greenTile,greenTile,greenTile,greenTile,greenTile,treeTile,treeTile,greenTile,treeTile,greenTile,treeTile,greenTile,treeTile,brownTile,brownTile,brownTile,brownTile,brownTile,brownTile,brownTile,brownTile,brownTile,brownTile,brownTile,brownTile,brownTile,brownTile,brownTile,brownTile,brownTile,brownTile,brownTile,brownTile,brownTile,brownTile,brownTile,brownTile,brownTile,brownTile,brownTile,brownTile,brownTile,brownTile,brownTile,brownTile,brownTile,brownTile,brownTile,treeTile,greenTile,greenTile,greenTile,greenTile,treeTile,treeTile,greenTile,greenTile,treeTile,greenTile,greenTile,greenTile,greenTile,greenTile,greenTile,greenTile,treeTile,treeTile,greenTile,greenTile,greenTile,greenTile,greenTile,treeTile,greenTile,greenTile,waterTile,waterTile,waterTile,waterTile,waterTile,waterTile
waterTile,waterTile,waterTile,waterTile,waterTile,waterTile,treeTile,greenTile,greenTile,treeTile,treeTile,treeTile,treeTile,greenTile,treeTile,greenTile,greenTile,greenTile,greenTile,greenTile,treeTile,greenTile,treeTile,treeTile,greenTile,greenTile,greenTile,greenTile,greenTile,greenTile,greenTile,greenTile,brownTile,brownTile,brownTile,brownTile,brownTile,brownTile,brownTile,brownTile,brownTile,brownTile,brownTile,brownTile,brownTile,brownTile,brownTile,brownTile,brownTile,brownTile,brownTile,brownTile,brownTile,brownTile,brownTile,brownTile,brownTile,brownTile,brownTile,brownTile,brownTile,brownTile,brownTile,brownTile,brownTile,brownTile,greenTile,greenTile,greenTile,treeTile,greenTile,treeTile,greenTile,treeTile,treeTile,greenTile,greenTile,greenTile,treeTile,greenTile,greenTile,greenTile,greenTile,greenTile,greenTile,greenTile,treeTile,greenTile,greenTile,greenTile,greenTile,greenTile,greenTile,treeTile,waterTile,waterTile,waterTile,waterTile,waterTile,waterTile
waterTile,waterTile,waterTile,waterTile,waterTile,waterTile,waterTile,treeTile,greenTile,treeTile,treeTile,treeTile,treeTile,greenTile,treeTile,greenTile,greenTile,greenTile,treeTile,greenTile,treeTile,greenTile,greenTile,treeTile,greenTile,treeTile,greenTile,greenTile,greenTile,greenTile,greenTile,greenTile,treeTile,brownTile,brownTile,brownTile,brownTile,brownTile,brownTile,brownTile,brownTile,brownTile,brownTile,brownTile,brownTile,brownTile,brownTile,brownTile,brownTile,brownTile,brownTile,brownTile,brownTile,brownTile,brownTile,brownTile,brownTile,brownTile,brownTile,brownTile,greenTile,treeTile,greenTile,greenTile,greenTile,greenTile,greenTile,greenTile,greenTile,treeTile,greenTile,greenTile,greenTile,greenTile,greenTile,treeTile,treeTile,greenTile,greenTile,greenTile,greenTile,greenTile,greenTile,greenTile,greenTile,greenTile,greenTile,greenTile,greenTile,greenTile,greenTile,treeTile,treeTile,greenTile,waterTile,waterTile,waterTile,waterTile,waterTile,waterTile
waterTile,waterTile,waterTile,waterTile,waterTile,waterTile,waterTile,greenTile,treeTile,treeTile,greenTile,greenTile,treeTile,greenTile,greenTile,greenTile,greenTile,greenTile,greenTile,greenTile,greenTile,greenTile,treeTile,greenTile,greenTile,greenTile,greenTile,greenTile,greenTile,greenTile,greenTile,greenTile,greenTile,treeTile,brownTile,brownTile,brownTile,brownTile,brownTile,brownTile,brownTile,brownTile,brownTile,brownTile,brownTile,brownTile,brownTile,brownTile,brownTile,brownTile,brownTile,greenTile,treeTile,greenTile,greenTile,greenTile,greenTile,treeTile,greenTile,greenTile,greenTile,greenTile,greenTile,treeTile,greenTile,treeTile,greenTile,treeTile,greenTile,treeTile,greenTile,treeTile,treeTile,greenTile,greenTile,treeTile,greenTile,greenTile,greenTile,greenTile,greenTile,greenTile,greenTile,greenTile,greenTile,treeTile,treeTile,greenTile,treeTile,greenTile,greenTile,greenTile,treeTile,waterTile,waterTile,waterTile,waterTile,waterTile,waterTile,waterTile
waterTile,waterTile,waterTile,waterTile,waterTile,waterTile,waterTile,waterTile,greenTile,treeTile,treeTile,greenTile,greenTile,greenTile,greenTile,treeTile,treeTile,greenTile,greenTile,treeTile,greenTile,greenTile,greenTile,greenTile,greenTile,greenTile,greenTile,treeTile,greenTile,greenTile,treeTile,greenTile,treeTile,greenTile,greenTile,brownTile,brownTile,brownTile,brownTile,brownTile,brownTile,brownTile,brownTile,brownTile,brownTile,brownTile,greenTile,greenTile,greenTile,greenTile,greenTile,treeTile,treeTile,greenTile,greenTile,greenTile,treeTile,greenTile,treeTile,treeTile,greenTile,greenTile,greenTile,greenTile,greenTile,greenTile,greenTile,greenTile,greenTile,greenTile,greenTile,greenTile,greenTile,treeTile,greenTile,greenTile,greenTile,greenTile,greenTile,greenTile,greenTile,greenTile,greenTile,greenTile,treeTile,treeTile,greenTile,treeTile,greenTile,greenTile,greenTile,greenTile,treeTile,waterTile,waterTile,waterTile,waterTile,waterTile,waterTile,waterTile
waterTile,waterTile,waterTile,waterTile,waterTile,waterTile,waterTile,waterTile,waterTile,treeTile,treeTile,treeTile,greenTile,greenTile,treeTile,greenTile,greenTile,treeTile,greenTile,greenTile,greenTile,greenTile,treeTile,treeTile,greenTile,greenTile,greenTile,greenTile,greenTile,greenTile,greenTile,greenTile,greenTile,treeTile,greenTile,greenTile,greenTile,treeTile,treeTile,greenTile,greenTile,greenTile,greenTile,greenTile,greenTile,treeTile,greenTile,greenTile,greenTile,greenTile,greenTile,treeTile,treeTile,greenTile,treeTile,greenTile,greenTile,treeTile,treeTile,greenTile,treeTile,greenTile,treeTile,greenTile,greenTile,greenTile,greenTile,treeTile,greenTile,treeTile,treeTile,greenTile,treeTile,treeTile,greenTile,treeTile,treeTile,treeTile,greenTile,greenTile,greenTile,greenTile,greenTile,greenTile,greenTile,treeTile,treeTile,greenTile,treeTile,treeTile,greenTile,greenTile,waterTile,waterTile,waterTile,waterTile,waterTile,waterTile,waterTile,waterTile
waterTile,waterTile,waterTile,waterTile,waterTile,waterTile,waterTile,waterTile,waterTile,waterTile,greenTile,greenTile,greenTile,treeTile,treeTile,greenTile,greenTile,greenTile,treeTile,treeTile,greenTile,greenTile,greenTile,treeTile,greenTile,treeTile,greenTile,greenTile,greenTile,greenTile,greenTile,greenTile,greenTile,greenTile,greenTile,treeTile,greenTile,greenTile,greenTile,greenTile,greenTile,treeTile,greenTile,treeTile,treeTile,greenTile,treeTile,greenTile,treeTile,greenTile,greenTile,treeTile,greenTile,treeTile,greenTile,treeTile,treeTile,greenTile,treeTile,treeTile,greenTile,greenTile,greenTile,treeTile,greenTile,greenTile,greenTile,greenTile,treeTile,greenTile,greenTile,greenTile,greenTile,greenTile,greenTile,greenTile,greenTile,greenTile,treeTile,greenTile,greenTile,greenTile,treeTile,treeTile,treeTile,treeTile,treeTile,treeTile,greenTile,treeTile,greenTile,greenTile,waterTile,waterTile,waterTile,waterTile,waterTile,waterTile,waterTile,waterTile
waterTile,waterTile,waterTile,waterTile,waterTile,waterTile,waterTile,waterTile,waterTile,waterTile,greenTile,treeTile,greenTile,greenTile,greenTile,treeTile,treeTile,greenTile,treeTile,greenTile,treeTile,treeTile,treeTile,greenTile,greenTile,greenTile,greenTile,treeTile,greenTile,greenTile,greenTile,treeTile,greenTile,greenTile,treeTile,greenTile,greenTile,treeTile,greenTile,greenTile,treeTile,greenTile,greenTile,treeTile,treeTile,greenTile,greenTile,greenTile,treeTile,greenTile,greenTile,greenTile,treeTile,greenTile,greenTile,treeTile,greenTile,greenTile,treeTile,greenTile,treeTile,treeTile,greenTile,treeTile,treeTile,treeTile,greenTile,treeTile,greenTile,greenTile,greenTile,treeTile,greenTile,greenTile,greenTile,greenTile,treeTile,greenTile,treeTile,greenTile,greenTile,greenTile,greenTile,greenTile,greenTile,treeTile,greenTile,treeTile,treeTile,treeTile,greenTile,waterTile,waterTile,waterTile,waterTile,waterTile,waterTile,waterTile,waterTile,waterTile
waterTile,waterTile,waterTile,waterTile,waterTile,waterTile,waterTile,waterTile,waterTile,waterTile,waterTile,treeTile,treeTile,treeTile,greenTile,greenTile,greenTile,treeTile,treeTile,treeTile,greenTile,greenTile,treeTile,greenTile,treeTile,greenTile,greenTile,treeTile,treeTile,treeTile,treeTile,treeTile,greenTile,greenTile,greenTile,greenTile,treeTile,greenTile,treeTile,greenTile,treeTile,greenTile,treeTile,treeTile,greenTile,greenTile,greenTile,greenTile,greenTile,greenTile,greenTile,greenTile,greenTile,greenTile,treeTile,greenTile,greenTile,greenTile,greenTile,greenTile,treeTile,greenTile,greenTile,greenTile,greenTile,greenTile,greenTile,greenTile,treeTile,greenTile,greenTile,greenTile,greenTile,greenTile,treeTile,greenTile,treeTile,greenTile,treeTile,greenTile,treeTile,greenTile,greenTile,treeTile,treeTile,greenTile,greenTile,greenTile,treeTile,greenTile,waterTile,waterTile,waterTile,waterTile,waterTile,waterTile,waterTile,waterTile,waterTile,waterTile
waterTile,waterTile,waterTile,waterTile,waterTile,waterTile,waterTile,waterTile,waterTile,waterTile,waterTile,waterTile,greenTile,greenTile,treeTile,greenTile,greenTile,greenTile,treeTile,greenTile,treeTile,greenTile,greenTile,greenTile,greenTile,greenTile,treeTile,treeTile,treeTile,greenTile,greenTile,treeTile,treeTile,greenTile,treeTile,greenTile,treeTile,treeTile,greenTile,greenTile,treeTile,greenTile,greenTile,treeTile,treeTile,treeTile,greenTile,greenTile,greenTile,treeTile,greenTile,treeTile,greenTile,treeTile,greenTile,greenTile,greenTile,treeTile,greenTile,greenTile,treeTile,treeTile,treeTile,greenTile,treeTile,greenTile,treeTile,treeTile,greenTile,greenTile,treeTile,greenTile,treeTile,greenTile,treeTile,greenTile,greenTile,treeTile,greenTile,greenTile,greenTile,greenTile,greenTile,treeTile,greenTile,greenTile,greenTile,greenTile,greenTile,greenTile,waterTile,waterTile,waterTile,waterTile,waterTile,waterTile,waterTile,waterTile,waterTile,waterTile
waterTile,waterTile,waterTile,waterTile,waterTile,waterTile,waterTile,waterTile,waterTile,waterTile,waterTile,waterTile,waterTile,treeTile,greenTile,greenTile,treeTile,greenTile,treeTile,greenTile,treeTile,treeTile,greenTile,greenTile,greenTile,treeTile,greenTile,treeTile,greenTile,greenTile,greenTile,greenTile,greenTile,greenTile,greenTile,greenTile,treeTile,greenTile,greenTile,greenTile,treeTile,greenTile,greenTile,treeTile,greenTile,treeTile,treeTile,greenTile,greenTile,greenTile,greenTile,greenTile,greenTile,treeTile,treeTile,greenTile,greenTile,greenTile,treeTile,treeTile,greenTile,treeTile,greenTile,greenTile,greenTile,treeTile,treeTile,greenTile,treeTile,treeTile,greenTile,greenTile,greenTile,greenTile,greenTile,greenTile,treeTile,greenTile,greenTile,greenTile,greenTile,greenTile,treeTile,greenTile,greenTile,greenTile,greenTile,treeTile,greenTile,waterTile,waterTile,waterTile,waterTile,waterTile,waterTile,waterTile,waterTile,waterTile,waterTile,waterTile
waterTile,waterTile,waterTile,waterTile,waterTile,waterTile,waterTile,waterTile,waterTile,waterTile,waterTile,waterTile,waterTile,waterTile,greenTile,greenTile,greenTile,treeTile,greenTile,greenTile,greenTile,greenTile,treeTile,treeTile,treeTile,greenTile,greenTile,treeTile,greenTile,treeTile,greenTile,greenTile,greenTile,greenTile,greenTile,greenTile,greenTile,greenTile,treeTile,treeTile,greenTile,greenTile,treeTile,greenTile,greenTile,greenTile,treeTile,greenTile,treeTile,greenTile,greenTile,greenTile,treeTile,treeTile,treeTile,greenTile,treeTile,treeTile,treeTile,treeTile,treeTile,treeTile,greenTile,greenTile,greenTile,treeTile,greenTile,greenTile,greenTile,greenTile,treeTile,greenTile,greenTile,greenTile,treeTile,greenTile,treeTile,treeTile,greenTile,greenTile,greenTile,treeTile,greenTile,greenTile,greenTile,greenTile,greenTile,greenTile,waterTile,waterTile,waterTile,waterTile,waterTile,waterTile,waterTile,waterTile,waterTile,waterTile,waterTile,waterTile
waterTile,waterTile,waterTile,waterTile,waterTile,waterTile,waterTile,waterTile,waterTile,waterTile,waterTile,waterTile,waterTile,waterTile,waterTile,greenTile,greenTile,treeTile,greenTile,greenTile,greenTile,greenTile,greenTile,greenTile,treeTile,greenTile,greenTile,treeTile,greenTile,treeTile,treeTile,treeTile,greenTile,greenTile,greenTile,treeTile,greenTile,greenTile,greenTile,treeTile,greenTile,treeTile,greenTile,greenTile,greenTile,greenTile,greenTile,treeTile,greenTile,greenTile,greenTile,greenTile,greenTile,greenTile,greenTile,greenTile,greenTile,treeTile,treeTile,greenTile,treeTile,treeTile,greenTile,greenTile,treeTile,greenTile,greenTile,greenTile,greenTile,greenTile,greenTile,greenTile,greenTile,greenTile,treeTile,greenTile,treeTile,greenTile,greenTile,greenTile,treeTile,greenTile,treeTile,greenTile,treeTile,greenTile,greenTile,waterTile,waterTile,waterTile,waterTile,waterTile,waterTile,waterTile,waterTile,waterTile,waterTile,waterTile,waterTile,waterTile
waterTile,waterTile,waterTile,waterTile,waterTile,waterTile,waterTile,waterTile,waterTile,waterTile,waterTile,waterTile,waterTile,waterTile,waterTile,waterTile,greenTile,greenTile,greenTile,greenTile,greenTile,greenTile,treeTile,greenTile,greenTile,greenTile,treeTile,greenTile,greenTile,greenTile,treeTile,greenTile,greenTile,greenTile,greenTile,greenTile,greenTile,treeTile,greenTile,greenTile,treeTile,greenTile,treeTile,greenTile,greenTile,greenTile,treeTile,greenTile,treeTile,greenTile,greenTile,greenTile,greenTile,greenTile,greenTile,greenTile,greenTile,treeTile,treeTile,greenTile,treeTile,greenTile,greenTile,greenTile,greenTile,greenTile,greenTile,treeTile,greenTile,greenTile,greenTile,treeTile,treeTile,greenTile,treeTile,greenTile,greenTile,treeTile,greenTile,greenTile,greenTile,greenTile,greenTile,treeTile,greenTile,treeTile,greenTile,waterTile,waterTile,waterTile,waterTile,waterTile,waterTile,waterTile,waterTile,waterTile,waterTile,waterTile,waterTile,waterTile
waterTile,waterTile,waterTile,waterTile,waterTile,waterTile,waterTile,waterTile,waterTile,waterTile,waterTile,waterTile,waterTile,waterTile,waterTile,waterTile,waterTile,treeTile,treeTile,greenTile,greenTile,greenTile,greenTile,greenTile,treeTile,greenTile,greenTile,greenTile,treeTile,greenTile,greenTile,greenTile,treeTile,greenTile,greenTile,treeTile,treeTile,greenTile,greenTile,greenTile,greenTile,greenTile,greenTile,greenTile,greenTile,greenTile,greenTile,greenTile,greenTile,greenTile,treeTile,greenTile,greenTile,treeTile,treeTile,greenTile,greenTile,greenTile,treeTile,greenTile,greenTile,treeTile,treeTile,greenTile,greenTile,greenTile,treeTile,treeTile,greenTile,greenTile,treeTile,greenTile,greenTile,greenTile,treeTile,greenTile,greenTile,treeTile,greenTile,greenTile,greenTile,greenTile,greenTile,greenTile,greenTile,treeTile,waterTile,waterTile,waterTile,waterTile,waterTile,waterTile,waterTile,waterTile,waterTile,waterTile,waterTile,waterTile,waterTile,waterTile
waterTile,waterTile,waterTile,waterTile,waterTile,waterTile,waterTile,waterTile,waterTile,waterTile,waterTile,waterTile,waterTile,waterTile,waterTile,waterTile,waterTile,waterTile,greenTile,treeTile,greenTile,greenTile,greenTile,greenTile,treeTile,greenTile,treeTile,treeTile,treeTile,treeTile,greenTile,greenTile,treeTile,treeTile,greenTile,greenTile,greenTile,treeTile,greenTile,greenTile,greenTile,greenTile,greenTile,treeTile,greenTile,greenTile,treeTile,greenTile,greenTile,greenTile,greenTile,greenTile,greenTile,greenTile,greenTile,treeTile,greenTile,greenTile,treeTile,treeTile,greenTile,greenTile,greenTile,greenTile,greenTile,greenTile,treeTile,treeTile,greenTile,treeTile,greenTile,greenTile,greenTile,greenTile,greenTile,treeTile,greenTile,greenTile,greenTile,treeTile,treeTile,greenTile,treeTile,treeTile,greenTile,waterTile,waterTile,waterTile,waterTile,waterTile,waterTile,waterTile,waterTile,waterTile,waterTile,waterTile,waterTile,waterTile,waterTile,waterTile
waterTile,waterTile,waterTile,waterTile,waterTile,waterTile,waterTile,waterTile,waterTile,waterTile,waterTile,waterTile,waterTile,waterTile,waterTile,waterTile,waterTile,waterTile,waterTile,greenTile,treeTile,greenTile,greenTile,treeTile,treeTile,greenTile,greenTile,treeTile,greenTile,greenTile,treeTile,greenTile,greenTile,greenTile,greenTile,treeTile,greenTile,greenTile,greenTile,treeTile,greenTile,greenTile,greenTile,greenTile,greenTile,greenTile,treeTile,greenTile,greenTile,treeTile,greenTile,treeTile,greenTile,treeTile,greenTile,greenTile,greenTile,greenTile,greenTile,greenTile,treeTile,treeTile,greenTile,greenTile,greenTile,treeTile,greenTile,greenTile,treeTile,greenTile,greenTile,greenTile,treeTile,treeTile,greenTile,greenTile,greenTile,greenTile,treeTile,treeTile,greenTile,greenTile,greenTile,greenTile,waterTile,waterTile,waterTile,waterTile,waterTile,waterTile,waterTile,waterTile,waterTile,waterTile,waterTile,waterTile,waterTile,waterTile,waterTile,waterTile
waterTile,waterTile,waterTile,waterTile,waterTile,waterTile,waterTile,waterTile,waterTile,waterTile,waterTile,waterTile,waterTile,waterTile,waterTile,waterTile,waterTile,waterTile,waterTile,waterTile,greenTile,treeTile,treeTile,greenTile,treeTile,greenTile,treeTile,greenTile,treeTile,greenTile,greenTile,greenTile,greenTile,treeTile,greenTile,treeTile,greenTile,greenTile,treeTile,treeTile,treeTile,greenTile,greenTile,greenTile,greenTile,greenTile,greenTile,greenTile,greenTile,greenTile,greenTile,treeTile,greenTile,treeTile,greenTile,greenTile,greenTile,greenTile,greenTile,treeTile,greenTile,treeTile,greenTile,greenTile,greenTile,greenTile,greenTile,treeTile,greenTile,greenTile,treeTile,greenTile,treeTile,greenTile,greenTile,treeTile,treeTile,greenTile,greenTile,greenTile,greenTile,greenTile,greenTile,waterTile,waterTile,waterTile,waterTile,waterTile,waterTile,waterTile,waterTile,waterTile,waterTile,waterTile,waterTile,waterTile,waterTile,waterTile,waterTile,waterTile
waterTile,waterTile,waterTile,waterTile,waterTile,waterTile,waterTile,waterTile,waterTile,waterTile,waterTile,waterTile,waterTile,waterTile,waterTile,waterTile,waterTile,waterTile,waterTile,waterTile,waterTile,greenTile,greenTile,greenTile,greenTile,treeTile,greenTile,greenTile,greenTile,treeTile,greenTile,greenTile,greenTile,greenTile,greenTile,greenTile,treeTile,greenTile,greenTile,treeTile,greenTile,greenTile,greenTile,greenTile,greenTile,greenTile,greenTile,greenTile,greenTile,greenTile,treeTile,greenTile,greenTile,greenTile,greenTile,treeTile,treeTile,greenTile,greenTile,treeTile,treeTile,treeTile,greenTile,treeTile,greenTile,greenTile,greenTile,greenTile,greenTile,greenTile,greenTile,greenTile,greenTile,greenTile,greenTile,treeTile,greenTile,greenTile,greenTile,treeTile,greenTile,treeTile,waterTile,waterTile,waterTile,waterTile,waterTile,waterTile,waterTile,waterTile,waterTile,waterTile,waterTile,waterTile,waterTile,waterTile,waterTile,waterTile,waterTile,waterTile
waterTile,waterTile,waterTile,waterTile,waterTile,waterTile,waterTile,waterTile,waterTile,waterTile,waterTile,waterTile,waterTile,waterTile,waterTile,waterTile,waterTile,waterTile,waterTile,waterTile,waterTile,waterTile,greenTile,greenTile,greenTile,greenTile,greenTile,greenTile,greenTile,greenTile,treeTile,greenTile,greenTile,greenTile,greenTile,treeTile,greenTile,greenTile,greenTile,greenTile,greenTile,greenTile,treeTile,treeTile,greenTile,greenTile,greenTile,greenTile,treeTile,treeTile,treeTile,treeTile,greenTile,greenTile,treeTile,greenTile,greenTile,treeTile,treeTile,greenTile,treeTile,treeTile,greenTile,treeTile,greenTile,greenTile,greenTile,greenTile,greenTile,greenTile,greenTile,treeTile,greenTile,greenTile,treeTile,greenTile,treeTile,treeTile,treeTile,treeTile,treeTile,treeTile,waterTile,waterTile,waterTile,waterTile,waterTile,waterTile,waterTile,waterTile,waterTile,waterTile,waterTile,waterTile,waterTile,waterTile,waterTile,waterTile,waterTile,waterTile
waterTile,waterTile,waterTile,waterTile,waterTile,waterTile,waterTile,waterTile,waterTile,waterTile,waterTile,waterTile,waterTile,waterTile,waterTile,waterTile,waterTile,waterTile,waterTile,waterTile,waterTile,waterTile,greenTile,greenTile,treeTile,treeTile,treeTile,greenTile,greenTile,treeTile,greenTile,greenTile,treeTile,greenTile,treeTile,greenTile,greenTile,greenTile,greenTile,greenTile,greenTile,treeTile,treeTile,greenTile,greenTile,greenTile,greenTile,treeTile,treeTile,greenTile,treeTile,greenTile,treeTile,treeTile,greenTile,greenTile,treeTile,treeTile,greenTile,greenTile,treeTile,greenTile,greenTile,treeTile,greenTile,greenTile,greenTile,treeTile,greenTile,greenTile,greenTile,greenTile,greenTile,greenTile,greenTile,treeTile,greenTile,greenTile,greenTile,treeTile,greenTile,waterTile,waterTile,waterTile,waterTile,waterTile,waterTile,waterTile,waterTile,waterTile,waterTile,waterTile,waterTile,waterTile,waterTile,waterTile,waterTile,waterTile,waterTile,waterTile
waterTile,waterTile,waterTile,waterTile,waterTile,waterTile,waterTile,waterTile,waterTile,waterTile,waterTile,waterTile,waterTile,waterTile,waterTile,waterTile,waterTile,waterTile,waterTile,waterTile,waterTile,waterTile,waterTile,greenTile,greenTile,greenTile,greenTile,greenTile,greenTile,greenTile,treeTile,greenTile,treeTile,greenTile,greenTile,greenTile,greenTile,greenTile,greenTile,greenTile,greenTile,greenTile,greenTile,treeTile,treeTile,greenTile,treeTile,greenTile,greenTile,greenTile,greenTile,treeTile,greenTile,greenTile,greenTile,greenTile,treeTile,treeTile,greenTile,treeTile,greenTile,greenTile,greenTile,greenTile,treeTile,greenTile,greenTile,greenTile,greenTile,greenTile,treeTile,treeTile,greenTile,treeTile,treeTile,greenTile,greenTile,greenTile,greenTile,greenTile,waterTile,waterTile,waterTile,waterTile,waterTile,waterTile,waterTile,waterTile,waterTile,waterTile,waterTile,waterTile,waterTile,waterTile,waterTile,waterTile,waterTile,waterTile,waterTile,waterTile
waterTile,waterTile,waterTile,waterTile,waterTile,waterTile,waterTile,waterTile,waterTile,waterTile,waterTile,waterTile,waterTile,waterTile,waterTile,waterTile,waterTile,waterTile,waterTile,waterTile,waterTile,waterTile,waterTile,waterTile,treeTile,treeTile,treeTile,greenTile,greenTile,greenTile,greenTile,greenTile,greenTile,greenTile,greenTile,greenTile,treeTile,treeTile,greenTile,greenTile,greenTile,treeTile,treeTile,greenTile,greenTile,greenTile,treeTile,greenTile,treeTile,treeTile,greenTile,treeTile,greenTile,greenTile,greenTile,greenTile,greenTile,greenTile,greenTile,greenTile,greenTile,greenTile,greenTile,treeTile,greenTile,greenTile,greenTile,greenTile,greenTile,greenTile,treeTile,greenTile,greenTile,treeTile,treeTile,greenTile,greenTile,greenTile,greenTile,waterTile,waterTile,waterTile,waterTile,waterTile,waterTile,waterTile,waterTile,waterTile,waterTile,waterTile,waterTile,waterTile,waterTile,waterTile,waterTile,waterTile,waterTile,waterTile,waterTile,waterTile
waterTile,waterTile,waterTile,waterTile,waterTile,waterTile,waterTile,waterTile,waterTile,waterTile,waterTile,waterTile,waterTile,waterTile,waterTile,waterTile,waterTile,waterTile,waterTile,waterTile,waterTile,waterTile,waterTile,waterTile,waterTile,greenTile,greenTile,greenTile,greenTile,greenTile,greenTile,treeTile,treeTile,greenTile,greenTile,treeTile,greenTile,greenTile,greenTile,greenTile,greenTile,greenTile,greenTile,greenTile,greenTile,treeTile,treeTile,greenTile,greenTile,greenTile,greenTile,greenTile,greenTile,greenTile,greenTile,treeTile,greenTile,greenTile,treeTile,treeTile,greenTile,greenTile,greenTile,greenTile,treeTile,treeTile,greenTile,treeTile,greenTile,greenTile,treeTile,treeTile,greenTile,greenTile,greenTile,treeTile,treeTile,treeTile,greenTile,waterTile,waterTile,waterTile,waterTile,waterTile,waterTile,waterTile,waterTile,waterTile,waterTile,waterTile,waterTile,waterTile,waterTile,waterTile,waterTile,waterTile,waterTile,waterTile,waterTile,waterTile
waterTile,waterTile,waterTile,waterTile,waterTile,waterTile,waterTile,waterTile,waterTile,waterTile,waterTile,waterTile,waterTile,waterTile,waterTile,waterTile,waterTile,waterTile,waterTile,waterTile,waterTile,waterTile,waterTile,waterTile,waterTile,greenTile,greenTile,greenTile,greenTile,greenTile,greenTile,greenTile,treeTile,greenTile,greenTile,treeTile,treeTile,greenTile,greenTile,treeTile,greenTile,greenTile,treeTile,treeTile,treeTile,greenTile,greenTile,treeTile,greenTile,treeTile,greenTile,greenTile,treeTile,greenTile,treeTile,greenTile,treeTile,greenTile,treeTile,greenTile,greenTile,treeTile,greenTile,treeTile,greenTile,greenTile,greenTile,greenTile,greenTile,greenTile,treeTile,greenTile,treeTile,treeTile,greenTile,greenTile,greenTile,treeTile,waterTile,waterTile,waterTile,waterTile,waterTile,waterTile,waterTile,waterTile,waterTile,waterTile,waterTile,waterTile,waterTile,waterTile,waterTile,waterTile,waterTile,waterTile,waterTile,waterTile,waterTile,waterTile
waterTile,waterTile,waterTile,waterTile,waterTile,waterTile,waterTile,waterTile,waterTile,waterTile,waterTile,waterTile,waterTile,waterTile,waterTile,waterTile,waterTile,waterTile,waterTile,waterTile,waterTile,waterTile,waterTile,waterTile,waterTile,waterTile,treeTile,greenTile,greenTile,treeTile,greenTile,greenTile,greenTile,greenTile,greenTile,greenTile,treeTile,treeTile,greenTile,greenTile,greenTile,greenTile,treeTile,greenTile,greenTile,treeTile,treeTile,greenTile,greenTile,greenTile,greenTile,greenTile,greenTile,greenTile,treeTile,treeTile,treeTile,treeTile,greenTile,greenTile,greenTile,treeTile,greenTile,treeTile,greenTile,treeTile,greenTile,treeTile,greenTile,greenTile,greenTile,greenTile,greenTile,treeTile,treeTile,treeTile,greenTile,waterTile,waterTile,waterTile,waterTile,waterTile,waterTile,waterTile,waterTile,waterTile,waterTile,waterTile,waterTile,waterTile,waterTile,waterTile,waterTile,waterTile,waterTile,waterTile,waterTile,waterTile,waterTile,waterTile
waterTile,waterTile,waterTile,waterTile,waterTile,waterTile,waterTile,waterTile,waterTile,waterTile,waterTile,waterTile,waterTile,waterTile,waterTile,waterTile,waterTile,waterTile,waterTile,waterTile,waterTile,waterTile,waterTile,waterTile,waterTile,waterTile,greenTile,greenTile,greenTile,greenTile,greenTile,greenTile,greenTile,greenTile,greenTile,greenTile,greenTile,greenTile,greenTile,greenTile,treeTile,greenTile,greenTile,greenTile,greenTile,greenTile,treeTile,greenTile,greenTile,greenTile,greenTile,greenTile,treeTile,greenTile,greenTile,treeTile,greenTile,greenTile,greenTile,greenTile,greenTile,greenTile,greenTile,treeTile,treeTile,greenTile,treeTile,greenTile,greenTile,greenTile,greenTile,greenTile,greenTile,greenTile,greenTile,greenTile,waterTile,waterTile,waterTile,waterTile,waterTile,waterTile,waterTile,waterTile,waterTile,waterTile,waterTile,waterTile,waterTile,waterTile,waterTile,waterTile,waterTile,waterTile,waterTile,waterTile,waterTile,waterTile,waterTile,waterTile
waterTile,waterTile,waterTile,waterTile,waterTile,waterTile,waterTile,waterTile,waterTile,waterTile,waterTile,waterTile,waterTile,waterTile,waterTile,waterTile,waterTile,waterTile,waterTile,waterTile,waterTile,waterTile,waterTile,waterTile,waterTile,waterTile,waterTile,greenTile,greenTile,treeTile,treeTile,treeTile,treeTile,treeTile,greenTile,greenTile,greenTile,greenTile,greenTile,greenTile,greenTile,treeTile,treeTile,greenTile,treeTile,treeTile,treeTile,treeTile,greenTile,greenTile,greenTile,waterTile,waterTile,waterTile,waterTile,waterTile,waterTile,treeTile,treeTile,greenTile,greenTile,treeTile,greenTile,greenTile,treeTile,treeTile,greenTile,greenTile,greenTile,treeTile,greenTile,treeTile,treeTile,greenTile,treeTile,greenTile,waterTile,waterTile,waterTile,waterTile,waterTile,waterTile,waterTile,waterTile,waterTile,waterTile,waterTile,waterTile,waterTile,waterTile,waterTile,waterTile,waterTile,waterTile,waterTile,waterTile,waterTile,waterTile,waterTile,waterTile
waterTile,waterTile,waterTile,waterTile,waterTile,waterTile,waterTile,waterTile,waterTile,waterTile,waterTile,waterTile,waterTile,waterTile,waterTile,waterTile,waterTile,waterTile,waterTile,waterTile,waterTile,waterTile,waterTile,waterTile,waterTile,waterTile,waterTile,treeTile,greenTile,greenTile,greenTile,treeTile,treeTile,greenTile,greenTile,treeTile,greenTile,greenTile,greenTile,greenTile,greenTile,treeTile,greenTile,treeTile,greenTile,treeTile,treeTile,greenTile,waterTile,waterTile,waterTile,waterTile,waterTile,waterTile,waterTile,waterTile,waterTile,waterTile,waterTile,waterTile,greenTile,treeTile,treeTile,greenTile,greenTile,greenTile,greenTile,treeTile,greenTile,treeTile,greenTile,greenTile,greenTile,greenTile,greenTile,waterTile,waterTile,waterTile,waterTile,waterTile,waterTile,waterTile,waterTile,waterTile,waterTile,waterTile,waterTile,waterTile,waterTile,waterTile,waterTile,waterTile,waterTile,waterTile,waterTile,waterTile,waterTile,waterTile,waterTile,waterTile
waterTile,waterTile,waterTile,waterTile,waterTile,waterTile,waterTile,waterTile,waterTile,waterTile,waterTile,waterTile,waterTile,waterTile,waterTile,waterTile,waterTile,waterTile,waterTile,waterTile,waterTile,waterTile,waterTile,waterTile,waterTile,waterTile,waterTile,waterTile,greenTile,greenTile,greenTile,greenTile,greenTile,greenTile,greenTile,greenTile,treeTile,treeTile,greenTile,greenTile,greenTile,greenTile,greenTile,greenTile,greenTile,greenTile,greenTile,waterTile,waterTile,waterTile,waterTile,waterTile,waterTile,waterTile,waterTile,waterTile,waterTile,waterTile,waterTile,waterTile,waterTile,greenTile,greenTile,greenTile,greenTile,greenTile,treeTile,greenTile,greenTile,greenTile,greenTile,greenTile,greenTile,greenTile,waterTile,waterTile,waterTile,waterTile,waterTile,waterTile,waterTile,waterTile,waterTile,waterTile,waterTile,waterTile,waterTile,waterTile,waterTile,waterTile,waterTile,waterTile,waterTile,waterTile,waterTile,waterTile,waterTile,waterTile,waterTile,waterTile
waterTile,waterTile,waterTile,waterTile,waterTile,waterTile,waterTile,waterTile,waterTile,waterTile,waterTile,waterTile,waterTile,waterTile,waterTile,waterTile,waterTile,waterTile,waterTile,waterTile,waterTile,waterTile,waterTile,waterTile,waterTile,waterTile,waterTile,waterTile,greenTile,greenTile,greenTile,greenTile,greenTile,treeTile,greenTile,treeTile,greenTile,treeTile,greenTile,greenTile,treeTile,greenTile,greenTile,greenTile,greenTile,greenTile,waterTile,waterTile,waterTile,waterTile,waterTile,waterTile,waterTile,waterTile,waterTile,waterTile,waterTile,waterTile,waterTile,waterTile,waterTile,waterTile,waterTile,greenTile,greenTile,treeTile,treeTile,greenTile,greenTile,greenTile,treeTile,treeTile,greenTile,treeTile,waterTile,waterTile,waterTile,waterTile,waterTile,waterTile,waterTile,waterTile,waterTile,waterTile,waterTile,waterTile,waterTile,waterTile,waterTile,waterTile,waterTile,waterTile,waterTile,waterTile,waterTile,waterTile,waterTile,waterTile,waterTile,waterTile
waterTile,waterTile,waterTile,waterTile,waterTile,waterTile,waterTile,waterTile,waterTile,waterTile,waterTile,waterTile,waterTile,waterTile,waterTile,waterTile,waterTile,waterTile,waterTile,waterTile,waterTile,waterTile,waterTile,waterTile,waterTile,waterTile,waterTile,waterTile,waterTile,treeTile,greenTile,greenTile,treeTile,greenTile,greenTile,greenTile,treeTile,greenTile,treeTile,treeTile,greenTile,greenTile,greenTile,treeTile,greenTile,waterTile,waterTile,waterTile,waterTile,waterTile,waterTile,waterTile,waterTile,waterTile,waterTile,waterTile,waterTile,waterTile,waterTile,waterTile,waterTile,waterTile,waterTile,waterTile,treeTile,treeTile,greenTile,greenTile,treeTile,greenTile,treeTile,greenTile,greenTile,waterTile,waterTile,waterTile,waterTile,waterTile,waterTile,waterTile,waterTile,waterTile,waterTile,waterTile,waterTile,waterTile,waterTile,waterTile,waterTile,waterTile,waterTile,waterTile,waterTile,waterTile,waterTile,waterTile,waterTile,waterTile,waterTile,waterTile
waterTile,waterTile,waterTile,waterTile,waterTile,waterTile,waterTile,waterTile,waterTile,waterTile,waterTile,waterTile,waterTile,waterTile,waterTile,waterTile,waterTile,waterTile,waterTile,waterTile,waterTile,waterTile,waterTile,waterTile,waterTile,waterTile,waterTile,waterTile,waterTile,treeTile,greenTile,greenTile,greenTile,greenTile,greenTile,greenTile,greenTile,greenTile,greenTile,greenTile,greenTile,treeTile,greenTile,treeTile,waterTile,waterTile,waterTile,waterTile,waterTile,waterTile,waterTile,waterTile,waterTile,waterTile,waterTile,waterTile,waterTile,waterTile,waterTile,waterTile,waterTile,waterTile,waterTile,waterTile,waterTile,waterTile,treeTile,treeTile,treeTile,treeTile,greenTile,greenTile,waterTile,waterTile,waterTile,waterTile,waterTile,waterTile,waterTile,waterTile,waterTile,waterTile,waterTile,waterTile,waterTile,waterTile,waterTile,waterTile,waterTile,waterTile,waterTile,waterTile,waterTile,waterTile,waterTile,waterTile,waterTile,waterTile,waterTile,waterTile
waterTile,waterTile,waterTile,waterTile,waterTile,waterTile,waterTile,waterTile,waterTile,waterTile,waterTile,waterTile,waterTile,waterTile,waterTile,waterTile,waterTile,waterTile,waterTile,waterTile,waterTile,waterTile,waterTile,waterTile,waterTile,waterTile,waterTile,waterTile,waterTile,waterTile,greenTile,greenTile,greenTile,greenTile,greenTile,greenTile,greenTile,greenTile,greenTile,greenTile,treeTile,greenTile,greenTile,waterTile,waterTile,waterTile,waterTile,waterTile,waterTile,waterTile,waterTile,waterTile,waterTile,waterTile,waterTile,waterTile,waterTile,waterTile,waterTile,waterTile,waterTile,waterTile,waterTile,waterTile,waterTile,waterTile,waterTile,greenTile,treeTile,treeTile,greenTile,waterTile,waterTile,waterTile,waterTile,waterTile,waterTile,waterTile,waterTile,waterTile,waterTile,waterTile,waterTile,waterTile,waterTile,waterTile,waterTile,waterTile,waterTile,waterTile,waterTile,waterTile,waterTile,waterTile,waterTile,waterTile,waterTile,waterTile,waterTile,waterTile
waterTile,waterTile,waterTile,waterTile,waterTile,waterTile,waterTile,waterTile,waterTile,waterTile,waterTile,waterTile,waterTile,waterTile,waterTile,waterTile,waterTile,waterTile,waterTile,waterTile,waterTile,waterTile,waterTile,waterTile,waterTile,waterTile,waterTile,waterTile,waterTile,waterTile,greenTile,greenTile,treeTile,greenTile,treeTile,greenTile,greenTile,greenTile,treeTile,greenTile,greenTile,greenTile,waterTile,waterTile,waterTile,waterTile,waterTile,waterTile,waterTile,waterTile,waterTile,waterTile,waterTile,waterTile,waterTile,waterTile,waterTile,waterTile,waterTile,waterTile,waterTile,waterTile,waterTile,waterTile,waterTile,waterTile,waterTile,waterTile,waterTile,waterTile,waterTile,waterTile,waterTile,waterTile,waterTile,waterTile,waterTile,waterTile,waterTile,waterTile,waterTile,waterTile,waterTile,waterTile,waterTile,waterTile,waterTile,waterTile,waterTile,waterTile,waterTile,waterTile,waterTile,waterTile,waterTile,waterTile,waterTile,waterTile,waterTile,waterTile
waterTile,waterTile,waterTile,waterTile,waterTile,waterTile,waterTile,waterTile,waterTile,waterTile,waterTile,waterTile,waterTile,waterTile,waterTile,waterTile,waterTile,waterTile,waterTile,waterTile,waterTile,waterTile,waterTile,waterTile,waterTile,waterTile,waterTile,waterTile,waterTile,waterTile,waterTile,greenTile,greenTile,treeTile,greenTile,greenTile,greenTile,treeTile,greenTile,greenTile,greenTile,waterTile,waterTile,waterTile,waterTile,waterTile,waterTile,waterTile,waterTile,waterTile,waterTile,waterTile,waterTile,waterTile,waterTile,waterTile,waterTile,waterTile,waterTile,waterTile,waterTile,waterTile,waterTile,waterTile,waterTile,waterTile,waterTile,waterTile,waterTile,waterTile,waterTile,waterTile,waterTile,waterTile,waterTile,waterTile,waterTile,waterTile,waterTile,waterTile,waterTile,waterTile,waterTile,waterTile,waterTile,waterTile,waterTile,waterTile,waterTile,waterTile,waterTile,waterTile,waterTile,waterTile,waterTile,waterTile,waterTile,waterTile,waterTile,waterTile
waterTile,waterTile,waterTile,waterTile,waterTile,waterTile,waterTile,waterTile,waterTile,waterTile,waterTile,waterTile,waterTile,waterTile,waterTile,waterTile,waterTile,waterTile,waterTile,waterTile,waterTile,waterTile,waterTile,waterTile,waterTile,waterTile,waterTile,waterTile,waterTile,waterTile,waterTile,waterTile,treeTile,greenTile,greenTile,treeTile,greenTile,greenTile,greenTile,treeTile,waterTile,waterTile,waterTile,waterTile,waterTile,waterTile,waterTile,waterTile,waterTile,waterTile,waterTile,waterTile,waterTile,waterTile,waterTile,waterTile,waterTile,waterTile,waterTile,waterTile,waterTile,waterTile,waterTile,waterTile,waterTile,waterTile,waterTile,waterTile,waterTile,waterTile,waterTile,waterTile,waterTile,waterTile,waterTile,waterTile,waterTile,waterTile,waterTile,waterTile,waterTile,waterTile,waterTile,waterTile,waterTile,waterTile,waterTile,waterTile,waterTile,waterTile,waterTile,waterTile,waterTile,waterTile,waterTile,waterTile,waterTile,waterTile,waterTile,waterTile
waterTile,waterTile,waterTile,waterTile,waterTile,waterTile,waterTile,waterTile,waterTile,waterTile,waterTile,waterTile,waterTile,waterTile,waterTile,waterTile,waterTile,waterTile,waterTile,waterTile,waterTile,waterTile,waterTile,waterTile,waterTile,waterTile,waterTile,waterTile,waterTile,waterTile,waterTile,waterTile,waterTile,greenTile,greenTile,greenTile,greenTile,greenTile,waterTile,waterTile,waterTile,waterTile,waterTile,waterTile,waterTile,waterTile,waterTile,waterTile,waterTile,waterTile,waterTile,waterTile,waterTile,waterTile,waterTile,waterTile,waterTile,waterTile,waterTile,waterTile,waterTile,waterTile,waterTile,waterTile,waterTile,waterTile,waterTile,waterTile,waterTile,waterTile,waterTile,waterTile,waterTile,waterTile,waterTile,waterTile,waterTile,waterTile,waterTile,waterTile,waterTile,waterTile,waterTile,waterTile,waterTile,waterTile,waterTile,waterTile,waterTile,waterTile,waterTile,waterTile,waterTile,waterTile,waterTile,waterTile,waterTile,waterTile,waterTile,waterTile
waterTile,waterTile,waterTile,waterTile,waterTile,waterTile,waterTile,waterTile,waterTile,waterTile,waterTile,waterTile,waterTile,waterTile,waterTile,waterTile,waterTile,waterTile,waterTile,waterTile,waterTile,waterTile,waterTile,waterTile,waterTile,waterTile,waterTile,waterTile,waterTile,waterTile,waterTile,waterTile,waterTile,waterTile,waterTile,waterTile,waterTile,waterTile,waterTile,waterTile,waterTile,waterTile,waterTile,waterTile,waterTile,waterTile,waterTile,waterTile,waterTile,waterTile,waterTile,waterTile,waterTile,waterTile,waterTile,waterTile,waterTile,waterTile,waterTile,waterTile,waterTile,waterTile,waterTile,waterTile,waterTile,waterTile,waterTile,waterTile,waterTile,waterTile,waterTile,waterTile,waterTile,waterTile,waterTile,waterTile,waterTile,waterTile,waterTile,waterTile,waterTile,waterTile,waterTile,waterTile,waterTile,waterTile,waterTile,waterTile,waterTile,waterTile,waterTile,waterTile,waterTile,waterTile,waterTile,waterTile,waterTile,waterTile,waterTile,waterTile
