18:48:58.066 [main                     ] DEBUG Logger               - Configured Logger
18:48:58.076 [main                     ] DEBUG GameApplication      - Logging settings
Title: Rancher's Delight
Version: 1.7
Width: 1200
Height: 1000
Fullscreen: false
Intro: false
Profiling: false
Single step:false
App Mode: DEVELOPER
Menu Key: ESCAPE
Stage Style: DECORATED
Scene Factory: class com.almasb.fxgl.app.scene.SceneFactory

18:48:58.343 [JavaFX Application Thread] DEBUG FXGLApplication      - Initializing FXGL
18:48:58.346 [JavaFX Application Thread] INFO  Engine               - FXGL-17.3 (30.03.2023 11.49) on LINUX (J:25.0.2 FX:21.0.6)
18:48:58.346 [JavaFX Application Thread] DEBUG Engine               - JRE Vendor Name: Oracle Corporation
18:48:58.346 [JavaFX Application Thread] DEBUG Engine               - Running on OS: Linux version 6.19.10-arch1-1
18:48:58.346 [JavaFX Application Thread] DEBUG Engine               - Architecture: amd64
18:48:58.346 [JavaFX Application Thread] INFO  Engine               - Source code and latest versions at: https://github.com/AlmasB/FXGL
18:48:58.346 [JavaFX Application Thread] INFO  Engine               -       Ask questions and discuss at: https://github.com/AlmasB/FXGL/discussions
18:48:58.346 [JavaFX Application Thread] INFO  Engine               -              Join the FXGL chat at: https://gitter.im/AlmasB/FXGL
18:48:58.428 [JavaFX Application Thread] DEBUG PrimaryStageWindow   - Creating a JavaFX scene
18:48:58.467 [JavaFX Application Thread] DEBUG PrimaryStageWindow   - Target settings size: 1200.0 x 1000.0
18:48:58.467 [JavaFX Application Thread] DEBUG PrimaryStageWindow   - Scaled scene size:    1200.0 x 1000.0
18:48:58.467 [JavaFX Application Thread] DEBUG PrimaryStageWindow   - Scaled ratio: (1.0, 1.0)
18:48:58.468 [JavaFX Application Thread] DEBUG PrimaryStageWindow   - Set initial scene to FXGLStartupScene
18:48:58.472 [JavaFX Application Thread] DEBUG PrimaryStageWindow   - Opening main window
18:48:58.550 [JavaFX Application Thread] DEBUG PrimaryStageWindow   - Window border size: (0.0, 35.0)
18:48:58.550 [JavaFX Application Thread] DEBUG PrimaryStageWindow   - Scaled size: 1200.0 x 965.0
18:48:58.550 [JavaFX Application Thread] DEBUG PrimaryStageWindow   - Scaled ratio: (0.965, 0.965)
18:48:58.550 [JavaFX Application Thread] DEBUG PrimaryStageWindow   - Scene size: 1200.0 x 1000.0
18:48:58.550 [JavaFX Application Thread] DEBUG PrimaryStageWindow   - Stage size: 1200.0 x 1000.0
18:48:58.555 [FXGL Background Thread 1 ] DEBUG Engine               - Initializing environment variables
18:48:58.590 [FXGL Background Thread 1 ] DEBUG FXGLAssetLoaderServi - User app class for loading assets: class com.example.ranchers_delight.GameApp
18:48:58.590 [FXGL Background Thread 1 ] DEBUG GameApplicationServi - Applying CSS: fxgl_dark.css
18:48:58.591 [FXGL Background Thread 1 ] DEBUG FXGLAssetLoaderServi - Loading from file system: jar:file:///home/alex/.m2/repository/com/github/almasb/fxgl/17.3/fxgl-17.3.jar!/fxglassets/ui/css/fxgl_dark.css
18:48:58.633 [FXGL Background Thread 1 ] DEBUG GameApplicationServi - Initializing application scenes
18:48:58.664 [FXGL Background Thread 1 ] DEBUG GameWorld            - Game world initialized
18:48:58.706 [FXGL Background Thread 1 ] DEBUG PhysicsWorld         - Physics world initialized: appHeight=1000, physics.ppm=50.0
18:48:58.706 [FXGL Background Thread 1 ] DEBUG PhysicsWorld         - Using strategy: BRUTE_FORCE
18:48:58.709 [FXGL Background Thread 1 ] DEBUG GameScene            - Game scene initialized: 1200x1000
18:48:58.720 [FXGL Background Thread 1 ] DEBUG FXGL.DefaultMenu     - createMenuBodyGameMenu()
18:48:58.736 [FXGL Background Thread 1 ] DEBUG FXGL.DefaultMenu     - createOptionsMenu()
18:48:58.745 [FXGL Background Thread 1 ] DEBUG FXGLAssetLoaderServi - Loading from file system: jar:file:///home/alex/.m2/repository/com/github/almasb/fxgl/17.3/fxgl-17.3.jar!/fxglassets/textures/particles/smoke.png
18:48:58.810 [FXGL Background Thread 1 ] DEBUG FXGLAssetLoaderServi - Loading from file system: jar:file:///home/alex/.m2/repository/com/github/almasb/fxgl/17.3/fxgl-17.3.jar!/fxglassets/textures/particles/trace_horizontal.png
18:48:58.832 [FXGL Background Thread 1 ] DEBUG GameApplicationServi - Application scenes initialized
18:48:58.840 [FXGL Background Thread 1 ] DEBUG SystemBundleService  - Loading FXGL system data
18:48:58.842 [FXGL Background Thread 1 ] DEBUG FileSystemAccess     - Reading from: /home/alex/IdeaProjects/ranchers_delight/system/fxgl.bundle
18:48:58.843 [FXGL Background Thread 1 ] DEBUG SystemBundleService  - Bundle FXGL: {}
18:48:58.844 [FXGL Background Thread 1 ] DEBUG UpdaterService       - Checking for updates
18:48:58.847 [FXGL Background Thread 4 ] DEBUG FXGLApplication      - Loading fonts
18:48:58.847 [FXGL Background Thread 1 ] DEBUG FXGLApplication      - Loading default localization
18:48:58.847 [FXGL Background Thread 4 ] DEBUG FXGLAssetLoaderServi - Loading from file system: jar:file:///home/alex/.m2/repository/com/github/almasb/fxgl/17.3/fxgl-17.3.jar!/fxglassets/ui/fonts/VarelaRound-Regular.ttf
18:48:58.848 [FXGL Background Thread 1 ] DEBUG FXGLAssetLoaderServi - Loading from file system: jar:file:///home/alex/.m2/repository/com/github/almasb/fxgl/17.3/fxgl-17.3.jar!/fxglassets/languages/english.lang
18:48:58.854 [FXGL Background Thread 4 ] DEBUG FXGLAssetLoaderServi - Loading from file system: jar:file:///home/alex/.m2/repository/com/github/almasb/fxgl/17.3/fxgl-17.3.jar!/fxglassets/ui/fonts/Abel-Regular.ttf
18:48:58.857 [FXGL Background Thread 4 ] DEBUG FXGLAssetLoaderServi - Loading from file system: jar:file:///home/alex/.m2/repository/com/github/almasb/fxgl/17.3/fxgl-17.3.jar!/fxglassets/ui/fonts/TerminalLandMono-Regular.otf
18:48:58.860 [FXGL Background Thread 1 ] INFO  FXGLApplication      - FXGL initialization took: 0.305 sec
18:48:58.860 [FXGL Background Thread 4 ] DEBUG FXGLAssetLoaderServi - Loading from file system: jar:file:///home/alex/.m2/repository/com/github/almasb/fxgl/17.3/fxgl-17.3.jar!/fxglassets/ui/fonts/Courier-Prime.ttf
18:48:58.868 [JavaFX Application Thread] DEBUG Input                - Registered new binding: action0 - W
18:48:58.868 [JavaFX Application Thread] DEBUG Input                - Registered new binding: action1 - S
18:48:58.869 [JavaFX Application Thread] DEBUG Input                - Registered new binding: action2 - A
18:48:58.870 [JavaFX Application Thread] DEBUG Input                - Registered new binding: action3 - D
18:48:58.880 [JavaFX Application Thread] DEBUG Input                - Registered new binding: action4 - E
18:48:58.882 [JavaFX Application Thread] DEBUG Input                - Registered new binding: action5 - LMB
18:48:58.883 [JavaFX Application Thread] DEBUG Input                - Registered new binding: action6 - Esc
18:48:58.886 [JavaFX Application Thread] DEBUG Input                - Registered new binding: action7 - 1
18:48:58.887 [JavaFX Application Thread] DEBUG Input                - Registered new binding: action8 - 2
18:48:58.887 [JavaFX Application Thread] DEBUG Input                - Registered new binding: action9 - 3
18:48:58.887 [JavaFX Application Thread] DEBUG Input                - Registered new binding: action10 - 4
18:48:58.887 [JavaFX Application Thread] DEBUG Input                - Registered new binding: action11 - 5
18:48:58.888 [JavaFX Application Thread] DEBUG Input                - Registered new binding: action12 - 6
18:48:58.888 [JavaFX Application Thread] DEBUG Input                - Registered new binding: action13 - 7
18:48:58.888 [JavaFX Application Thread] DEBUG Input                - Registered new binding: action14 - 8
18:48:58.888 [JavaFX Application Thread] DEBUG Input                - Registered new binding: action15 - 9
18:48:58.889 [JavaFX Application Thread] DEBUG Input                - Registered new binding: action16 - 0
18:48:58.890 [JavaFX Application Thread] DEBUG FXGLAssetLoaderServi - Loading from file system: jar:file:///home/alex/.m2/repository/com/github/almasb/fxgl/17.3/fxgl-17.3.jar!/fxglassets/textures/fxgl_icon.png
18:48:58.926 [JavaFX Application Thread] DEBUG FXGLAssetLoaderServi - Loading from file system: jar:file:///home/alex/.m2/repository/com/github/almasb/fxgl/17.3/fxgl-17.3.jar!/fxglassets/textures/fxgl_default_cursor.png
18:48:58.929 [JavaFX Application Thread] DEBUG Input                - Registered new binding: Screenshot - CTRL+8
18:48:58.929 [JavaFX Application Thread] DEBUG Input                - Registered new binding: System info dump - CTRL+9
18:48:58.929 [JavaFX Application Thread] DEBUG Input                - Registered new binding: Restart - CTRL+R
18:48:58.930 [JavaFX Application Thread] DEBUG Input                - Registered new binding: Toggle Debug Camera - CTRL+7
18:48:58.932 [JavaFX Application Thread] DEBUG LoopRunner           - Starting loop
18:48:58.932 [JavaFX Application Thread] DEBUG LoopRunner           - Initializing JavaFX AnimationTimerLoop
18:48:58.933 [JavaFX Application Thread] DEBUG GameApplicationServi - Starting new game
18:48:58.933 [JavaFX Application Thread] DEBUG Input                - Clearing active input actions
18:48:58.941 [JavaFX Application Thread] DEBUG GameApplicationServi - Removing overlay from FXGLStartupScene and adding to FXGLLoadingScene
18:48:58.942 [JavaFX Application Thread] DEBUG PrimaryStageWindow   - FXGLStartupScene -> FXGLLoadingScene
18:48:58.942 [JavaFX Application Thread] DEBUG GameApplicationServi - Clearing previous game
18:48:58.942 [JavaFX Application Thread] DEBUG GameScene            - Clearing game scene
18:48:58.942 [JavaFX Application Thread] DEBUG GameWorld            - Clearing game world
18:48:58.942 [JavaFX Application Thread] DEBUG PhysicsWorld         - Clearing physics world
18:48:58.944 [JavaFX Application Thread] DEBUG FXGLApplication      - Registering font factories with UI factory
18:48:58.944 [FXGL Background Thread 4 ] DEBUG FXGLApplication      - Initializing game
18:48:58.966 [FXGL Background Thread 4 ] INFO  FXGLApplication      - Game initialization took: 0.022 sec
18:48:59.030 [JavaFX Application Thread] DEBUG Input                - Clearing active input actions
18:48:59.046 [JavaFX Application Thread] DEBUG GameApplicationServi - Removing overlay from FXGLLoadingScene and adding to GameScene
18:48:59.047 [JavaFX Application Thread] DEBUG PrimaryStageWindow   - FXGLLoadingScene -> GameScene
18:48:59.166 [JavaFX Application Thread] DEBUG PrimaryStageWindow   - Push state: MainMenu
18:48:59.166 [JavaFX Application Thread] DEBUG Input                - Clearing active input actions
18:48:59.168 [JavaFX Application Thread] DEBUG GameApplicationServi - Removing overlay from GameScene and adding to MainMenu
18:48:59.168 [JavaFX Application Thread] DEBUG PrimaryStageWindow   - GameScene -> MainMenu
18:48:59.550 [FXGL Background Thread 2 ] INFO  UpdaterService       - Your current version:  17.3
18:48:59.550 [FXGL Background Thread 2 ] INFO  UpdaterService       - Latest stable version: 25
18:49:00.276 [JavaFX Application Thread] DEBUG PrimaryStageWindow   - Pop state: MainMenu
18:49:00.276 [JavaFX Application Thread] DEBUG Input                - Clearing active input actions
18:49:00.277 [JavaFX Application Thread] DEBUG GameApplicationServi - Removing overlay from MainMenu and adding to GameScene
18:49:00.278 [JavaFX Application Thread] DEBUG PrimaryStageWindow   - GameScene <- MainMenu
18:49:01.846 [FXGL Background Thread 3 ] DEBUG Engine               - Logging environment variables
18:49:01.847 [FXGL Background Thread 3 ] DEBUG Engine               - achievements: []
18:49:01.847 [FXGL Background Thread 3 ] DEBUG Engine               - actualHeight: 965.0
18:49:01.847 [FXGL Background Thread 3 ] DEBUG Engine               - actualHeightProperty: ReadOnlyDoubleProperty [value: 965.0]
18:49:01.847 [FXGL Background Thread 3 ] DEBUG Engine               - actualWidth: 1200.0
18:49:01.847 [FXGL Background Thread 3 ] DEBUG Engine               - actualWidthProperty: ReadOnlyDoubleProperty [value: 936.0]
18:49:01.847 [FXGL Background Thread 3 ] DEBUG Engine               - appIcon: fxgl_icon.png
18:49:01.848 [FXGL Background Thread 3 ] DEBUG Engine               - applicationMode: DEVELOPER
18:49:01.848 [FXGL Background Thread 3 ] DEBUG Engine               - cSSList: [fxgl_dark.css]
18:49:01.848 [FXGL Background Thread 3 ] DEBUG Engine               - collisionDetectionStrategy: BRUTE_FORCE
18:49:01.848 [FXGL Background Thread 3 ] DEBUG Engine               - configClass: Optional.empty
18:49:01.848 [FXGL Background Thread 3 ] DEBUG Engine               - credits: []
18:49:01.849 [FXGL Background Thread 3 ] DEBUG Engine               - defaultCursor: CursorInfo(imageName=fxgl_default_cursor.png, hotspotX=7.0, hotspotY=6.0)
18:49:01.849 [FXGL Background Thread 3 ] DEBUG Engine               - devBBoxColorProperty: ObjectProperty [value: 0xff0000ff]
18:49:01.849 [FXGL Background Thread 3 ] DEBUG Engine               - devEnableDebugCameraProperty: BooleanProperty [value: false]
18:49:01.849 [FXGL Background Thread 3 ] DEBUG Engine               - devSensorColorProperty: ObjectProperty [value: 0xffff00ff]
18:49:01.849 [FXGL Background Thread 3 ] DEBUG Engine               - devShowBBoxProperty: BooleanProperty [value: false]
18:49:01.849 [FXGL Background Thread 3 ] DEBUG Engine               - devShowPositionProperty: BooleanProperty [value: false]
18:49:01.850 [FXGL Background Thread 3 ] DEBUG Engine               - enabledMenuItems: []
18:49:01.850 [FXGL Background Thread 3 ] DEBUG Engine               - engineServices: [class com.almasb.fxgl.app.services.FXGLAssetLoaderService, class com.almasb.fxgl.app.FXGLApplication$GameApplicationService, class com.almasb.fxgl.app.services.FXGLDialogService, class com.almasb.fxgl.app.services.IOTaskExecutorService, class com.almasb.fxgl.io.FileSystemService, class com.almasb.fxgl.localization.LocalizationService, class com.almasb.fxgl.app.services.SystemBundleService, class com.almasb.fxgl.profile.SaveLoadService, class com.almasb.fxgl.ui.FXGLUIFactoryServiceProvider, class com.almasb.fxgl.ui.FXGLDialogFactoryServiceProvider, class com.almasb.fxgl.audio.AudioPlayer, class com.almasb.fxgl.notification.impl.NotificationServiceProvider, class com.almasb.fxgl.achievement.AchievementService, class com.almasb.fxgl.cutscene.CutsceneService, class com.almasb.fxgl.minigames.MiniGameService, class com.almasb.fxgl.net.NetService, class com.almasb.fxgl.app.services.UpdaterService, class com.almasb.fxgl.dev.DevService]
18:49:01.850 [FXGL Background Thread 3 ] DEBUG Engine               - fontGame: Abel-Regular.ttf
18:49:01.850 [FXGL Background Thread 3 ] DEBUG Engine               - fontMono: TerminalLandMono-Regular.otf
18:49:01.850 [FXGL Background Thread 3 ] DEBUG Engine               - fontSizeScaleUI: 1.0
18:49:01.850 [FXGL Background Thread 3 ] DEBUG Engine               - fontText: Courier-Prime.ttf
18:49:01.850 [FXGL Background Thread 3 ] DEBUG Engine               - fontUI: VarelaRound-Regular.ttf
18:49:01.850 [FXGL Background Thread 3 ] DEBUG Engine               - fullScreen: BooleanProperty [value: false]
18:49:01.850 [FXGL Background Thread 3 ] DEBUG Engine               - gameDifficulty: MEDIUM
18:49:01.850 [FXGL Background Thread 3 ] DEBUG Engine               - gameDifficultyProperty: ObjectProperty [value: MEDIUM]
18:49:01.850 [FXGL Background Thread 3 ] DEBUG Engine               - globalMusicVolume: 0.5
18:49:01.850 [FXGL Background Thread 3 ] DEBUG Engine               - globalMusicVolumeProperty: DoubleProperty [value: 0.5]
18:49:01.851 [FXGL Background Thread 3 ] DEBUG Engine               - globalSoundVolume: 0.5
18:49:01.851 [FXGL Background Thread 3 ] DEBUG Engine               - globalSoundVolumeProperty: DoubleProperty [value: 0.5]
18:49:01.851 [FXGL Background Thread 3 ] DEBUG Engine               - height: 1000
18:49:01.851 [FXGL Background Thread 3 ] DEBUG Engine               - is3D: false
18:49:01.851 [FXGL Background Thread 3 ] DEBUG Engine               - isAndroid: false
18:49:01.851 [FXGL Background Thread 3 ] DEBUG Engine               - isBrowser: false
18:49:01.851 [FXGL Background Thread 3 ] DEBUG Engine               - isClickFeedbackEnabled: false
18:49:01.851 [FXGL Background Thread 3 ] DEBUG Engine               - isCloseConfirmation: false
18:49:01.852 [FXGL Background Thread 3 ] DEBUG Engine               - isDesktop: true
18:49:01.852 [FXGL Background Thread 3 ] DEBUG Engine               - isDeveloperMenuEnabled: false
18:49:01.852 [FXGL Background Thread 3 ] DEBUG Engine               - isEmbedded: false
18:49:01.852 [FXGL Background Thread 3 ] DEBUG Engine               - isEntityPreloadEnabled: true
18:49:01.852 [FXGL Background Thread 3 ] DEBUG Engine               - isExperimentalTiledLargeMap: false
18:49:01.852 [FXGL Background Thread 3 ] DEBUG Engine               - isFileSystemWriteAllowed: true
18:49:01.852 [FXGL Background Thread 3 ] DEBUG Engine               - isFullScreenAllowed: false
18:49:01.852 [FXGL Background Thread 3 ] DEBUG Engine               - isFullScreenFromStart: false
18:49:01.852 [FXGL Background Thread 3 ] DEBUG Engine               - isGameMenuEnabled: true
18:49:01.852 [FXGL Background Thread 3 ] DEBUG Engine               - isIOS: false
18:49:01.852 [FXGL Background Thread 3 ] DEBUG Engine               - isIntroEnabled: false
18:49:01.852 [FXGL Background Thread 3 ] DEBUG Engine               - isLinux: true
18:49:01.852 [FXGL Background Thread 3 ] DEBUG Engine               - isMac: false
18:49:01.852 [FXGL Background Thread 3 ] DEBUG Engine               - isMainMenuEnabled: false
18:49:01.852 [FXGL Background Thread 3 ] DEBUG Engine               - isManualResizeEnabled: true
18:49:01.852 [FXGL Background Thread 3 ] DEBUG Engine               - isMobile: false
18:49:01.852 [FXGL Background Thread 3 ] DEBUG Engine               - isNative: false
18:49:01.852 [FXGL Background Thread 3 ] DEBUG Engine               - isPauseMusicWhenMinimized: true
18:49:01.852 [FXGL Background Thread 3 ] DEBUG Engine               - isPreserveResizeRatio: true
18:49:01.853 [FXGL Background Thread 3 ] DEBUG Engine               - isProfilingEnabled: false
18:49:01.853 [FXGL Background Thread 3 ] DEBUG Engine               - isScaleAffectedOnResize: true
18:49:01.853 [FXGL Background Thread 3 ] DEBUG Engine               - isSingleStep: false
18:49:01.853 [FXGL Background Thread 3 ] DEBUG Engine               - isUserProfileEnabled: false
18:49:01.853 [FXGL Background Thread 3 ] DEBUG Engine               - isWindows: false
18:49:01.853 [FXGL Background Thread 3 ] DEBUG Engine               - language: ObjectProperty [value: ENGLISH]
18:49:01.853 [FXGL Background Thread 3 ] DEBUG Engine               - menuKey: ESCAPE
18:49:01.853 [FXGL Background Thread 3 ] DEBUG Engine               - mouseSensitivity: 0.2
18:49:01.853 [FXGL Background Thread 3 ] DEBUG Engine               - notificationViewClass: class com.almasb.fxgl.notification.view.XboxNotificationView
18:49:01.853 [FXGL Background Thread 3 ] DEBUG Engine               - pixelsPerMeter: 50.0
18:49:01.853 [FXGL Background Thread 3 ] DEBUG Engine               - platform: LINUX
18:49:01.853 [FXGL Background Thread 3 ] DEBUG Engine               - prefHeightProperty: ReadOnlyDoubleProperty [value: 1000.0]
18:49:01.853 [FXGL Background Thread 3 ] DEBUG Engine               - prefWidthProperty: ReadOnlyDoubleProperty [value: 1200.0]
18:49:01.853 [FXGL Background Thread 3 ] DEBUG Engine               - profileDir: profiles/
18:49:01.853 [FXGL Background Thread 3 ] DEBUG Engine               - profileName: StringProperty [value: DEFAULT]
18:49:01.853 [FXGL Background Thread 3 ] DEBUG Engine               - randomSeed: -1
18:49:01.854 [FXGL Background Thread 3 ] DEBUG Engine               - runtimeInfo: RuntimeInfo(platform=LINUX, version=17.3, build=30.03.2023 11.49)
18:49:01.854 [FXGL Background Thread 3 ] DEBUG Engine               - saveFileExt: sav
18:49:01.854 [FXGL Background Thread 3 ] DEBUG Engine               - scaledHeightProp$fxgl: DoubleProperty [bound, value: 965.0]
18:49:01.854 [FXGL Background Thread 3 ] DEBUG Engine               - scaledWidthProp$fxgl: DoubleProperty [bound, value: 936.0]
18:49:01.854 [FXGL Background Thread 3 ] DEBUG Engine               - sceneFactory: com.almasb.fxgl.app.scene.SceneFactory@53d53a41
18:49:01.854 [FXGL Background Thread 3 ] DEBUG Engine               - secondsIn24h: 60
18:49:01.854 [FXGL Background Thread 3 ] DEBUG Engine               - soundMenuBack: menu/back.wav
18:49:01.854 [FXGL Background Thread 3 ] DEBUG Engine               - soundMenuPress: menu/press.wav
18:49:01.854 [FXGL Background Thread 3 ] DEBUG Engine               - soundMenuSelect: menu/select.wav
18:49:01.854 [FXGL Background Thread 3 ] DEBUG Engine               - soundNotification: core/notification.wav
18:49:01.854 [FXGL Background Thread 3 ] DEBUG Engine               - stageStyle: DECORATED
18:49:01.854 [FXGL Background Thread 3 ] DEBUG Engine               - supportedLanguages: [ENGLISH, FRENCH, GERMAN, HUNGARIAN, RUSSIAN]
18:49:01.854 [FXGL Background Thread 3 ] DEBUG Engine               - ticksPerSecond: -1
18:49:01.854 [FXGL Background Thread 3 ] DEBUG Engine               - title: Rancher's Delight
18:49:01.854 [FXGL Background Thread 3 ] DEBUG Engine               - urlGithub: https://github.com/AlmasB/FXGL
18:49:01.854 [FXGL Background Thread 3 ] DEBUG Engine               - urlLeaderboard: http://fxgl-top.herokuapp.com/
18:49:01.855 [FXGL Background Thread 3 ] DEBUG Engine               - urlPOM: https://raw.githubusercontent.com/AlmasB/FXGL/release/README.md
18:49:01.855 [FXGL Background Thread 3 ] DEBUG Engine               - userAppClass: class com.example.ranchers_delight.GameApp
18:49:01.855 [FXGL Background Thread 3 ] DEBUG Engine               - version: 1.7
18:49:01.855 [FXGL Background Thread 3 ] DEBUG Engine               - versionCheckDays: 7
18:49:01.855 [FXGL Background Thread 3 ] DEBUG Engine               - width: 1200
18:49:01.855 [FXGL Background Thread 3 ] DEBUG Engine               - Logging services
18:49:01.855 [FXGL Background Thread 3 ] DEBUG Engine               - class com.almasb.fxgl.app.services.FXGLAssetLoaderService
18:49:01.855 [FXGL Background Thread 3 ] DEBUG Engine               - class com.almasb.fxgl.app.FXGLApplication$GameApplicationService
18:49:01.855 [FXGL Background Thread 3 ] DEBUG Engine               - class com.almasb.fxgl.app.services.FXGLDialogService
18:49:01.855 [FXGL Background Thread 3 ] DEBUG Engine               - class com.almasb.fxgl.app.services.IOTaskExecutorService
18:49:01.855 [FXGL Background Thread 3 ] DEBUG Engine               - class com.almasb.fxgl.io.FileSystemService
18:49:01.855 [FXGL Background Thread 3 ] DEBUG Engine               - class com.almasb.fxgl.localization.LocalizationService
18:49:01.855 [FXGL Background Thread 3 ] DEBUG Engine               - class com.almasb.fxgl.app.services.SystemBundleService
18:49:01.855 [FXGL Background Thread 3 ] DEBUG Engine               - class com.almasb.fxgl.profile.SaveLoadService
18:49:01.855 [FXGL Background Thread 3 ] DEBUG Engine               - class com.almasb.fxgl.ui.FXGLUIFactoryServiceProvider
18:49:01.855 [FXGL Background Thread 3 ] DEBUG Engine               - class com.almasb.fxgl.ui.FXGLDialogFactoryServiceProvider
18:49:01.855 [FXGL Background Thread 3 ] DEBUG Engine               - class com.almasb.fxgl.audio.AudioPlayer
18:49:01.855 [FXGL Background Thread 3 ] DEBUG Engine               - class com.almasb.fxgl.notification.impl.NotificationServiceProvider
18:49:01.855 [FXGL Background Thread 3 ] DEBUG Engine               - class com.almasb.fxgl.achievement.AchievementService
18:49:01.855 [FXGL Background Thread 3 ] DEBUG Engine               - class com.almasb.fxgl.cutscene.CutsceneService
18:49:01.855 [FXGL Background Thread 3 ] DEBUG Engine               - class com.almasb.fxgl.minigames.MiniGameService
18:49:01.855 [FXGL Background Thread 3 ] DEBUG Engine               - class com.almasb.fxgl.net.NetService
18:49:01.856 [FXGL Background Thread 3 ] DEBUG Engine               - class com.almasb.fxgl.app.services.UpdaterService
18:49:01.856 [FXGL Background Thread 3 ] DEBUG Engine               - class com.almasb.fxgl.dev.DevService
19:49:55.584 [JavaFX Application Thread] DEBUG FXGLApplication      - Exiting FXGL
19:49:55.586 [JavaFX Application Thread] DEBUG LoopRunner           - Stopping loop
19:49:55.587 [JavaFX Application Thread] DEBUG SystemBundleService  - Saving FXGL system data
19:49:55.593 [JavaFX Application Thread] DEBUG FileSystemAccess     - Writing to: /home/alex/IdeaProjects/ranchers_delight/system/fxgl.bundle
19:49:55.595 [JavaFX Application Thread] DEBUG Async                - Shutting down background threads
19:49:55.595 [JavaFX Application Thread] DEBUG PrimaryStageWindow   - Closing main window
19:49:55.602 [JavaFX Application Thread] DEBUG Logger               - Closing Logger
