12:05:47.924 [main                     ] DEBUG Logger               - Configured Logger
12:05:47.934 [main                     ] DEBUG GameApplication      - Logging settings
Title: Rancher's Delight
Version: 1.7
Width: 1200
Height: 1000
Fullscreen: false
Intro: false
Profiling: false
Single step:false
App Mode: DEVELOPER
Menu Key: ESCAPE
Stage Style: DECORATED
Scene Factory: class com.almasb.fxgl.app.scene.SceneFactory

12:05:48.355 [JavaFX Application Thread] DEBUG FXGLApplication      - Initializing FXGL
12:05:48.359 [JavaFX Application Thread] INFO  Engine               - FXGL-17.3 (30.03.2023 11.49) on LINUX (J:25.0.2 FX:21.0.6)
12:05:48.360 [JavaFX Application Thread] DEBUG Engine               - JRE Vendor Name: Oracle Corporation
12:05:48.361 [JavaFX Application Thread] DEBUG Engine               - Running on OS: Linux version 6.19.9-arch1-1
12:05:48.361 [JavaFX Application Thread] DEBUG Engine               - Architecture: amd64
12:05:48.361 [JavaFX Application Thread] INFO  Engine               - Source code and latest versions at: https://github.com/AlmasB/FXGL
12:05:48.361 [JavaFX Application Thread] INFO  Engine               -       Ask questions and discuss at: https://github.com/AlmasB/FXGL/discussions
12:05:48.361 [JavaFX Application Thread] INFO  Engine               -              Join the FXGL chat at: https://gitter.im/AlmasB/FXGL
12:05:48.485 [JavaFX Application Thread] DEBUG PrimaryStageWindow   - Creating a JavaFX scene
12:05:48.539 [JavaFX Application Thread] DEBUG PrimaryStageWindow   - Target settings size: 1200.0 x 1000.0
12:05:48.540 [JavaFX Application Thread] DEBUG PrimaryStageWindow   - Scaled scene size:    1200.0 x 1000.0
12:05:48.540 [JavaFX Application Thread] DEBUG PrimaryStageWindow   - Scaled ratio: (1.0, 1.0)
12:05:48.541 [JavaFX Application Thread] DEBUG PrimaryStageWindow   - Set initial scene to FXGLStartupScene
12:05:48.545 [JavaFX Application Thread] DEBUG PrimaryStageWindow   - Opening main window
12:05:48.656 [JavaFX Application Thread] DEBUG PrimaryStageWindow   - Window border size: (0.0, 35.0)
12:05:48.656 [JavaFX Application Thread] DEBUG PrimaryStageWindow   - Scaled size: 1200.0 x 965.0
12:05:48.656 [JavaFX Application Thread] DEBUG PrimaryStageWindow   - Scaled ratio: (0.965, 0.965)
12:05:48.656 [JavaFX Application Thread] DEBUG PrimaryStageWindow   - Scene size: 1200.0 x 1000.0
12:05:48.657 [JavaFX Application Thread] DEBUG PrimaryStageWindow   - Stage size: 1200.0 x 1000.0
12:05:48.662 [FXGL Background Thread 1 ] DEBUG Engine               - Initializing environment variables
12:05:48.721 [FXGL Background Thread 1 ] DEBUG FXGLAssetLoaderServi - User app class for loading assets: class com.example.ranchers_delight.GameApp
12:05:48.722 [FXGL Background Thread 1 ] DEBUG GameApplicationServi - Applying CSS: fxgl_dark.css
12:05:48.723 [FXGL Background Thread 1 ] DEBUG FXGLAssetLoaderServi - Loading from file system: jar:file:///home/alex/.m2/repository/com/github/almasb/fxgl/17.3/fxgl-17.3.jar!/fxglassets/ui/css/fxgl_dark.css
12:05:48.790 [FXGL Background Thread 1 ] DEBUG GameApplicationServi - Initializing application scenes
12:05:48.833 [FXGL Background Thread 1 ] DEBUG GameWorld            - Game world initialized
12:05:48.889 [FXGL Background Thread 1 ] DEBUG PhysicsWorld         - Physics world initialized: appHeight=1000, physics.ppm=50.0
12:05:48.889 [FXGL Background Thread 1 ] DEBUG PhysicsWorld         - Using strategy: BRUTE_FORCE
12:05:48.893 [FXGL Background Thread 1 ] DEBUG GameScene            - Game scene initialized: 1200x1000
12:05:48.903 [FXGL Background Thread 1 ] DEBUG FXGL.DefaultMenu     - createMenuBodyGameMenu()
12:05:48.918 [FXGL Background Thread 1 ] DEBUG FXGL.DefaultMenu     - createOptionsMenu()
12:05:48.930 [FXGL Background Thread 1 ] DEBUG FXGLAssetLoaderServi - Loading from file system: jar:file:///home/alex/.m2/repository/com/github/almasb/fxgl/17.3/fxgl-17.3.jar!/fxglassets/textures/particles/smoke.png
12:05:49.044 [FXGL Background Thread 1 ] DEBUG FXGLAssetLoaderServi - Loading from file system: jar:file:///home/alex/.m2/repository/com/github/almasb/fxgl/17.3/fxgl-17.3.jar!/fxglassets/textures/particles/trace_horizontal.png
12:05:49.077 [FXGL Background Thread 1 ] DEBUG GameApplicationServi - Application scenes initialized
12:05:49.088 [FXGL Background Thread 1 ] DEBUG SystemBundleService  - Loading FXGL system data
12:05:49.089 [FXGL Background Thread 1 ] DEBUG FileSystemAccess     - Reading from: /home/alex/IdeaProjects/ranchers_delight/system/fxgl.bundle
12:05:49.092 [FXGL Background Thread 1 ] DEBUG SystemBundleService  - Bundle FXGL: {}
12:05:49.092 [FXGL Background Thread 1 ] DEBUG UpdaterService       - Checking for updates
12:05:49.096 [FXGL Background Thread 4 ] DEBUG FXGLApplication      - Loading fonts
12:05:49.097 [FXGL Background Thread 1 ] DEBUG FXGLApplication      - Loading default localization
12:05:49.097 [FXGL Background Thread 4 ] DEBUG FXGLAssetLoaderServi - Loading from file system: jar:file:///home/alex/.m2/repository/com/github/almasb/fxgl/17.3/fxgl-17.3.jar!/fxglassets/ui/fonts/VarelaRound-Regular.ttf
12:05:49.098 [FXGL Background Thread 1 ] DEBUG FXGLAssetLoaderServi - Loading from file system: jar:file:///home/alex/.m2/repository/com/github/almasb/fxgl/17.3/fxgl-17.3.jar!/fxglassets/languages/english.lang
12:05:49.103 [FXGL Background Thread 4 ] DEBUG FXGLAssetLoaderServi - Loading from file system: jar:file:///home/alex/.m2/repository/com/github/almasb/fxgl/17.3/fxgl-17.3.jar!/fxglassets/ui/fonts/Abel-Regular.ttf
12:05:49.104 [FXGL Background Thread 4 ] DEBUG FXGLAssetLoaderServi - Loading from file system: jar:file:///home/alex/.m2/repository/com/github/almasb/fxgl/17.3/fxgl-17.3.jar!/fxglassets/ui/fonts/TerminalLandMono-Regular.otf
12:05:49.106 [FXGL Background Thread 4 ] DEBUG FXGLAssetLoaderServi - Loading from file system: jar:file:///home/alex/.m2/repository/com/github/almasb/fxgl/17.3/fxgl-17.3.jar!/fxglassets/ui/fonts/Courier-Prime.ttf
12:05:49.110 [JavaFX Application Thread] DEBUG FXGLApplication      - Registering font factories with UI factory
12:05:49.113 [FXGL Background Thread 1 ] INFO  FXGLApplication      - FXGL initialization took: 0.451 sec
12:05:49.123 [JavaFX Application Thread] DEBUG Input                - Registered new binding: action0 - W
12:05:49.123 [JavaFX Application Thread] DEBUG Input                - Registered new binding: action1 - S
12:05:49.124 [JavaFX Application Thread] DEBUG Input                - Registered new binding: action2 - A
12:05:49.124 [JavaFX Application Thread] DEBUG Input                - Registered new binding: action3 - D
12:05:49.125 [JavaFX Application Thread] DEBUG Input                - Registered new binding: action4 - E
12:05:49.125 [JavaFX Application Thread] DEBUG Input                - Registered new binding: action5 - Esc
12:05:49.127 [JavaFX Application Thread] DEBUG Input                - Registered new binding: action6 - 1
12:05:49.127 [JavaFX Application Thread] DEBUG Input                - Registered new binding: action7 - 2
12:05:49.127 [JavaFX Application Thread] DEBUG Input                - Registered new binding: action8 - 3
12:05:49.127 [JavaFX Application Thread] DEBUG Input                - Registered new binding: action9 - 4
12:05:49.127 [JavaFX Application Thread] DEBUG Input                - Registered new binding: action10 - 5
12:05:49.127 [JavaFX Application Thread] DEBUG Input                - Registered new binding: action11 - 6
12:05:49.128 [JavaFX Application Thread] DEBUG FXGLAssetLoaderServi - Loading from file system: jar:file:///home/alex/.m2/repository/com/github/almasb/fxgl/17.3/fxgl-17.3.jar!/fxglassets/textures/fxgl_icon.png
12:05:49.154 [JavaFX Application Thread] DEBUG FXGLAssetLoaderServi - Loading from file system: jar:file:///home/alex/.m2/repository/com/github/almasb/fxgl/17.3/fxgl-17.3.jar!/fxglassets/textures/fxgl_default_cursor.png
12:05:49.157 [JavaFX Application Thread] DEBUG Input                - Registered new binding: Screenshot - CTRL+8
12:05:49.158 [JavaFX Application Thread] DEBUG Input                - Registered new binding: System info dump - CTRL+9
12:05:49.158 [JavaFX Application Thread] DEBUG Input                - Registered new binding: Restart - CTRL+R
12:05:49.159 [JavaFX Application Thread] DEBUG Input                - Registered new binding: Toggle Debug Camera - CTRL+7
12:05:49.162 [JavaFX Application Thread] DEBUG LoopRunner           - Starting loop
12:05:49.162 [JavaFX Application Thread] DEBUG LoopRunner           - Initializing JavaFX AnimationTimerLoop
12:05:49.163 [JavaFX Application Thread] DEBUG GameApplicationServi - Starting new game
12:05:49.163 [JavaFX Application Thread] DEBUG Input                - Clearing active input actions
12:05:49.191 [JavaFX Application Thread] DEBUG GameApplicationServi - Removing overlay from FXGLStartupScene and adding to FXGLLoadingScene
12:05:49.191 [JavaFX Application Thread] DEBUG PrimaryStageWindow   - FXGLStartupScene -> FXGLLoadingScene
12:05:49.192 [JavaFX Application Thread] DEBUG GameApplicationServi - Clearing previous game
12:05:49.192 [JavaFX Application Thread] DEBUG GameScene            - Clearing game scene
12:05:49.192 [JavaFX Application Thread] DEBUG GameWorld            - Clearing game world
12:05:49.192 [JavaFX Application Thread] DEBUG PhysicsWorld         - Clearing physics world
12:05:49.194 [FXGL Background Thread 1 ] DEBUG FXGLApplication      - Initializing game
12:05:49.208 [FXGL Background Thread 1 ] INFO  FXGLApplication      - Game initialization took: 0.014 sec
12:05:49.314 [JavaFX Application Thread] DEBUG Input                - Clearing active input actions
12:05:49.330 [JavaFX Application Thread] DEBUG GameApplicationServi - Removing overlay from FXGLLoadingScene and adding to GameScene
12:05:49.330 [JavaFX Application Thread] DEBUG PrimaryStageWindow   - FXGLLoadingScene -> GameScene
12:05:49.461 [JavaFX Application Thread] DEBUG PrimaryStageWindow   - Push state: MainMenu
12:05:49.461 [JavaFX Application Thread] DEBUG Input                - Clearing active input actions
12:05:49.462 [JavaFX Application Thread] DEBUG GameApplicationServi - Removing overlay from GameScene and adding to MainMenu
12:05:49.463 [JavaFX Application Thread] DEBUG PrimaryStageWindow   - GameScene -> MainMenu
12:05:50.126 [FXGL Background Thread 2 ] INFO  UpdaterService       - Your current version:  17.3
12:05:50.126 [FXGL Background Thread 2 ] INFO  UpdaterService       - Latest stable version: 25
12:05:51.654 [JavaFX Application Thread] DEBUG PrimaryStageWindow   - Pop state: MainMenu
12:05:51.654 [JavaFX Application Thread] DEBUG Input                - Clearing active input actions
12:05:51.654 [JavaFX Application Thread] DEBUG GameApplicationServi - Removing overlay from MainMenu and adding to GameScene
12:05:51.655 [JavaFX Application Thread] DEBUG PrimaryStageWindow   - GameScene <- MainMenu
12:05:52.095 [FXGL Background Thread 3 ] DEBUG Engine               - Logging environment variables
12:05:52.096 [FXGL Background Thread 3 ] DEBUG Engine               - achievements: []
12:05:52.096 [FXGL Background Thread 3 ] DEBUG Engine               - actualHeight: 965.0
12:05:52.097 [FXGL Background Thread 3 ] DEBUG Engine               - actualHeightProperty: ReadOnlyDoubleProperty [value: 965.0]
12:05:52.097 [FXGL Background Thread 3 ] DEBUG Engine               - actualWidth: 1200.0
12:05:52.097 [FXGL Background Thread 3 ] DEBUG Engine               - actualWidthProperty: ReadOnlyDoubleProperty [value: 1888.0]
12:05:52.097 [FXGL Background Thread 3 ] DEBUG Engine               - appIcon: fxgl_icon.png
12:05:52.097 [FXGL Background Thread 3 ] DEBUG Engine               - applicationMode: DEVELOPER
12:05:52.097 [FXGL Background Thread 3 ] DEBUG Engine               - cSSList: [fxgl_dark.css]
12:05:52.097 [FXGL Background Thread 3 ] DEBUG Engine               - collisionDetectionStrategy: BRUTE_FORCE
12:05:52.097 [FXGL Background Thread 3 ] DEBUG Engine               - configClass: Optional.empty
12:05:52.097 [FXGL Background Thread 3 ] DEBUG Engine               - credits: []
12:05:52.098 [FXGL Background Thread 3 ] DEBUG Engine               - defaultCursor: CursorInfo(imageName=fxgl_default_cursor.png, hotspotX=7.0, hotspotY=6.0)
12:05:52.098 [FXGL Background Thread 3 ] DEBUG Engine               - devBBoxColorProperty: ObjectProperty [value: 0xff0000ff]
12:05:52.099 [FXGL Background Thread 3 ] DEBUG Engine               - devEnableDebugCameraProperty: BooleanProperty [value: false]
12:05:52.099 [FXGL Background Thread 3 ] DEBUG Engine               - devSensorColorProperty: ObjectProperty [value: 0xffff00ff]
12:05:52.099 [FXGL Background Thread 3 ] DEBUG Engine               - devShowBBoxProperty: BooleanProperty [value: false]
12:05:52.099 [FXGL Background Thread 3 ] DEBUG Engine               - devShowPositionProperty: BooleanProperty [value: false]
12:05:52.099 [FXGL Background Thread 3 ] DEBUG Engine               - enabledMenuItems: []
12:05:52.099 [FXGL Background Thread 3 ] DEBUG Engine               - engineServices: [class com.almasb.fxgl.app.services.FXGLAssetLoaderService, class com.almasb.fxgl.app.FXGLApplication$GameApplicationService, class com.almasb.fxgl.app.services.FXGLDialogService, class com.almasb.fxgl.app.services.IOTaskExecutorService, class com.almasb.fxgl.io.FileSystemService, class com.almasb.fxgl.localization.LocalizationService, class com.almasb.fxgl.app.services.SystemBundleService, class com.almasb.fxgl.profile.SaveLoadService, class com.almasb.fxgl.ui.FXGLUIFactoryServiceProvider, class com.almasb.fxgl.ui.FXGLDialogFactoryServiceProvider, class com.almasb.fxgl.audio.AudioPlayer, class com.almasb.fxgl.notification.impl.NotificationServiceProvider, class com.almasb.fxgl.achievement.AchievementService, class com.almasb.fxgl.cutscene.CutsceneService, class com.almasb.fxgl.minigames.MiniGameService, class com.almasb.fxgl.net.NetService, class com.almasb.fxgl.app.services.UpdaterService, class com.almasb.fxgl.dev.DevService]
12:05:52.099 [FXGL Background Thread 3 ] DEBUG Engine               - fontGame: Abel-Regular.ttf
12:05:52.100 [FXGL Background Thread 3 ] DEBUG Engine               - fontMono: TerminalLandMono-Regular.otf
12:05:52.100 [FXGL Background Thread 3 ] DEBUG Engine               - fontSizeScaleUI: 1.0
12:05:52.100 [FXGL Background Thread 3 ] DEBUG Engine               - fontText: Courier-Prime.ttf
12:05:52.100 [FXGL Background Thread 3 ] DEBUG Engine               - fontUI: VarelaRound-Regular.ttf
12:05:52.100 [FXGL Background Thread 3 ] DEBUG Engine               - fullScreen: BooleanProperty [value: false]
12:05:52.100 [FXGL Background Thread 3 ] DEBUG Engine               - gameDifficulty: MEDIUM
12:05:52.100 [FXGL Background Thread 3 ] DEBUG Engine               - gameDifficultyProperty: ObjectProperty [value: MEDIUM]
12:05:52.100 [FXGL Background Thread 3 ] DEBUG Engine               - globalMusicVolume: 0.5
12:05:52.101 [FXGL Background Thread 3 ] DEBUG Engine               - globalMusicVolumeProperty: DoubleProperty [value: 0.5]
12:05:52.101 [FXGL Background Thread 3 ] DEBUG Engine               - globalSoundVolume: 0.5
12:05:52.101 [FXGL Background Thread 3 ] DEBUG Engine               - globalSoundVolumeProperty: DoubleProperty [value: 0.5]
12:05:52.101 [FXGL Background Thread 3 ] DEBUG Engine               - height: 1000
12:05:52.101 [FXGL Background Thread 3 ] DEBUG Engine               - is3D: false
12:05:52.101 [FXGL Background Thread 3 ] DEBUG Engine               - isAndroid: false
12:05:52.102 [FXGL Background Thread 3 ] DEBUG Engine               - isBrowser: false
12:05:52.102 [FXGL Background Thread 3 ] DEBUG Engine               - isClickFeedbackEnabled: false
12:05:52.102 [FXGL Background Thread 3 ] DEBUG Engine               - isCloseConfirmation: false
12:05:52.102 [FXGL Background Thread 3 ] DEBUG Engine               - isDesktop: true
12:05:52.102 [FXGL Background Thread 3 ] DEBUG Engine               - isDeveloperMenuEnabled: false
12:05:52.102 [FXGL Background Thread 3 ] DEBUG Engine               - isEmbedded: false
12:05:52.102 [FXGL Background Thread 3 ] DEBUG Engine               - isEntityPreloadEnabled: true
12:05:52.102 [FXGL Background Thread 3 ] DEBUG Engine               - isExperimentalTiledLargeMap: false
12:05:52.102 [FXGL Background Thread 3 ] DEBUG Engine               - isFileSystemWriteAllowed: true
12:05:52.102 [FXGL Background Thread 3 ] DEBUG Engine               - isFullScreenAllowed: false
12:05:52.102 [FXGL Background Thread 3 ] DEBUG Engine               - isFullScreenFromStart: false
12:05:52.102 [FXGL Background Thread 3 ] DEBUG Engine               - isGameMenuEnabled: true
12:05:52.102 [FXGL Background Thread 3 ] DEBUG Engine               - isIOS: false
12:05:52.102 [FXGL Background Thread 3 ] DEBUG Engine               - isIntroEnabled: false
12:05:52.103 [FXGL Background Thread 3 ] DEBUG Engine               - isLinux: true
12:05:52.103 [FXGL Background Thread 3 ] DEBUG Engine               - isMac: false
12:05:52.103 [FXGL Background Thread 3 ] DEBUG Engine               - isMainMenuEnabled: false
12:05:52.103 [FXGL Background Thread 3 ] DEBUG Engine               - isManualResizeEnabled: true
12:05:52.103 [FXGL Background Thread 3 ] DEBUG Engine               - isMobile: false
12:05:52.103 [FXGL Background Thread 3 ] DEBUG Engine               - isNative: false
12:05:52.103 [FXGL Background Thread 3 ] DEBUG Engine               - isPauseMusicWhenMinimized: true
12:05:52.103 [FXGL Background Thread 3 ] DEBUG Engine               - isPreserveResizeRatio: true
12:05:52.103 [FXGL Background Thread 3 ] DEBUG Engine               - isProfilingEnabled: false
12:05:52.103 [FXGL Background Thread 3 ] DEBUG Engine               - isScaleAffectedOnResize: true
12:05:52.103 [FXGL Background Thread 3 ] DEBUG Engine               - isSingleStep: false
12:05:52.103 [FXGL Background Thread 3 ] DEBUG Engine               - isUserProfileEnabled: false
12:05:52.103 [FXGL Background Thread 3 ] DEBUG Engine               - isWindows: false
12:05:52.103 [FXGL Background Thread 3 ] DEBUG Engine               - language: ObjectProperty [value: ENGLISH]
12:05:52.103 [FXGL Background Thread 3 ] DEBUG Engine               - menuKey: ESCAPE
12:05:52.103 [FXGL Background Thread 3 ] DEBUG Engine               - mouseSensitivity: 0.2
12:05:52.103 [FXGL Background Thread 3 ] DEBUG Engine               - notificationViewClass: class com.almasb.fxgl.notification.view.XboxNotificationView
12:05:52.103 [FXGL Background Thread 3 ] DEBUG Engine               - pixelsPerMeter: 50.0
12:05:52.103 [FXGL Background Thread 3 ] DEBUG Engine               - platform: LINUX
12:05:52.103 [FXGL Background Thread 3 ] DEBUG Engine               - prefHeightProperty: ReadOnlyDoubleProperty [value: 1000.0]
12:05:52.103 [FXGL Background Thread 3 ] DEBUG Engine               - prefWidthProperty: ReadOnlyDoubleProperty [value: 1200.0]
12:05:52.103 [FXGL Background Thread 3 ] DEBUG Engine               - profileDir: profiles/
12:05:52.103 [FXGL Background Thread 3 ] DEBUG Engine               - profileName: StringProperty [value: DEFAULT]
12:05:52.104 [FXGL Background Thread 3 ] DEBUG Engine               - randomSeed: -1
12:05:52.104 [FXGL Background Thread 3 ] DEBUG Engine               - runtimeInfo: RuntimeInfo(platform=LINUX, version=17.3, build=30.03.2023 11.49)
12:05:52.104 [FXGL Background Thread 3 ] DEBUG Engine               - saveFileExt: sav
12:05:52.104 [FXGL Background Thread 3 ] DEBUG Engine               - scaledHeightProp$fxgl: DoubleProperty [bound, value: 965.0]
12:05:52.104 [FXGL Background Thread 3 ] DEBUG Engine               - scaledWidthProp$fxgl: DoubleProperty [bound, value: 1888.0]
12:05:52.104 [FXGL Background Thread 3 ] DEBUG Engine               - sceneFactory: com.almasb.fxgl.app.scene.SceneFactory@7c8c5901
12:05:52.104 [FXGL Background Thread 3 ] DEBUG Engine               - secondsIn24h: 60
12:05:52.104 [FXGL Background Thread 3 ] DEBUG Engine               - soundMenuBack: menu/back.wav
12:05:52.104 [FXGL Background Thread 3 ] DEBUG Engine               - soundMenuPress: menu/press.wav
12:05:52.104 [FXGL Background Thread 3 ] DEBUG Engine               - soundMenuSelect: menu/select.wav
12:05:52.104 [FXGL Background Thread 3 ] DEBUG Engine               - soundNotification: core/notification.wav
12:05:52.104 [FXGL Background Thread 3 ] DEBUG Engine               - stageStyle: DECORATED
12:05:52.104 [FXGL Background Thread 3 ] DEBUG Engine               - supportedLanguages: [ENGLISH, FRENCH, GERMAN, HUNGARIAN, RUSSIAN]
12:05:52.104 [FXGL Background Thread 3 ] DEBUG Engine               - ticksPerSecond: -1
12:05:52.104 [FXGL Background Thread 3 ] DEBUG Engine               - title: Rancher's Delight
12:05:52.104 [FXGL Background Thread 3 ] DEBUG Engine               - urlGithub: https://github.com/AlmasB/FXGL
12:05:52.104 [FXGL Background Thread 3 ] DEBUG Engine               - urlLeaderboard: http://fxgl-top.herokuapp.com/
12:05:52.104 [FXGL Background Thread 3 ] DEBUG Engine               - urlPOM: https://raw.githubusercontent.com/AlmasB/FXGL/release/README.md
12:05:52.105 [FXGL Background Thread 3 ] DEBUG Engine               - userAppClass: class com.example.ranchers_delight.GameApp
12:05:52.105 [FXGL Background Thread 3 ] DEBUG Engine               - version: 1.7
12:05:52.105 [FXGL Background Thread 3 ] DEBUG Engine               - versionCheckDays: 7
12:05:52.105 [FXGL Background Thread 3 ] DEBUG Engine               - width: 1200
12:05:52.105 [FXGL Background Thread 3 ] DEBUG Engine               - Logging services
12:05:52.105 [FXGL Background Thread 3 ] DEBUG Engine               - class com.almasb.fxgl.app.services.FXGLAssetLoaderService
12:05:52.105 [FXGL Background Thread 3 ] DEBUG Engine               - class com.almasb.fxgl.app.FXGLApplication$GameApplicationService
12:05:52.105 [FXGL Background Thread 3 ] DEBUG Engine               - class com.almasb.fxgl.app.services.FXGLDialogService
12:05:52.105 [FXGL Background Thread 3 ] DEBUG Engine               - class com.almasb.fxgl.app.services.IOTaskExecutorService
12:05:52.105 [FXGL Background Thread 3 ] DEBUG Engine               - class com.almasb.fxgl.io.FileSystemService
12:05:52.105 [FXGL Background Thread 3 ] DEBUG Engine               - class com.almasb.fxgl.localization.LocalizationService
12:05:52.105 [FXGL Background Thread 3 ] DEBUG Engine               - class com.almasb.fxgl.app.services.SystemBundleService
12:05:52.105 [FXGL Background Thread 3 ] DEBUG Engine               - class com.almasb.fxgl.profile.SaveLoadService
12:05:52.105 [FXGL Background Thread 3 ] DEBUG Engine               - class com.almasb.fxgl.ui.FXGLUIFactoryServiceProvider
12:05:52.105 [FXGL Background Thread 3 ] DEBUG Engine               - class com.almasb.fxgl.ui.FXGLDialogFactoryServiceProvider
12:05:52.105 [FXGL Background Thread 3 ] DEBUG Engine               - class com.almasb.fxgl.audio.AudioPlayer
12:05:52.105 [FXGL Background Thread 3 ] DEBUG Engine               - class com.almasb.fxgl.notification.impl.NotificationServiceProvider
12:05:52.105 [FXGL Background Thread 3 ] DEBUG Engine               - class com.almasb.fxgl.achievement.AchievementService
12:05:52.105 [FXGL Background Thread 3 ] DEBUG Engine               - class com.almasb.fxgl.cutscene.CutsceneService
12:05:52.105 [FXGL Background Thread 3 ] DEBUG Engine               - class com.almasb.fxgl.minigames.MiniGameService
12:05:52.105 [FXGL Background Thread 3 ] DEBUG Engine               - class com.almasb.fxgl.net.NetService
12:05:52.105 [FXGL Background Thread 3 ] DEBUG Engine               - class com.almasb.fxgl.app.services.UpdaterService
12:05:52.105 [FXGL Background Thread 3 ] DEBUG Engine               - class com.almasb.fxgl.dev.DevService
12:06:14.415 [JavaFX Application Thread] DEBUG PrimaryStageWindow   - Push state: MainMenu
12:06:14.416 [JavaFX Application Thread] DEBUG Input                - Clearing active input actions
12:06:14.416 [JavaFX Application Thread] DEBUG GameApplicationServi - Removing overlay from GameScene and adding to MainMenu
12:06:14.416 [JavaFX Application Thread] DEBUG PrimaryStageWindow   - GameScene -> MainMenu
12:06:16.134 [JavaFX Application Thread] DEBUG FXGLApplication      - Exiting FXGL
12:06:16.134 [JavaFX Application Thread] DEBUG LoopRunner           - Stopping loop
12:06:16.134 [JavaFX Application Thread] DEBUG SystemBundleService  - Saving FXGL system data
12:06:16.137 [JavaFX Application Thread] DEBUG FileSystemAccess     - Writing to: /home/alex/IdeaProjects/ranchers_delight/system/fxgl.bundle
12:06:16.138 [JavaFX Application Thread] DEBUG Async                - Shutting down background threads
12:06:16.138 [JavaFX Application Thread] DEBUG PrimaryStageWindow   - Closing main window
12:06:16.142 [JavaFX Application Thread] DEBUG Logger               - Closing Logger
