20:44:08.838 [main                     ] DEBUG Logger               - Configured Logger
20:44:08.846 [main                     ] DEBUG GameApplication      - Logging settings
Title: Rancher's Delight
Version: 1.7
Width: 1200
Height: 1000
Fullscreen: false
Intro: false
Profiling: false
Single step:false
App Mode: DEVELOPER
Menu Key: ESCAPE
Stage Style: DECORATED
Scene Factory: class com.almasb.fxgl.app.scene.SceneFactory

20:44:09.239 [JavaFX Application Thread] DEBUG FXGLApplication      - Initializing FXGL
20:44:09.247 [JavaFX Application Thread] INFO  Engine               - FXGL-17.3 (30.03.2023 11.49) on LINUX (J:25.0.2 FX:21.0.6)
20:44:09.247 [JavaFX Application Thread] DEBUG Engine               - JRE Vendor Name: Oracle Corporation
20:44:09.248 [JavaFX Application Thread] DEBUG Engine               - Running on OS: Linux version 6.19.10-arch1-1
20:44:09.248 [JavaFX Application Thread] DEBUG Engine               - Architecture: amd64
20:44:09.248 [JavaFX Application Thread] INFO  Engine               - Source code and latest versions at: https://github.com/AlmasB/FXGL
20:44:09.248 [JavaFX Application Thread] INFO  Engine               -       Ask questions and discuss at: https://github.com/AlmasB/FXGL/discussions
20:44:09.248 [JavaFX Application Thread] INFO  Engine               -              Join the FXGL chat at: https://gitter.im/AlmasB/FXGL
20:44:09.386 [JavaFX Application Thread] DEBUG PrimaryStageWindow   - Creating a JavaFX scene
20:44:09.461 [JavaFX Application Thread] DEBUG PrimaryStageWindow   - Target settings size: 1200.0 x 1000.0
20:44:09.461 [JavaFX Application Thread] DEBUG PrimaryStageWindow   - Scaled scene size:    1200.0 x 1000.0
20:44:09.462 [JavaFX Application Thread] DEBUG PrimaryStageWindow   - Scaled ratio: (1.0, 1.0)
20:44:09.465 [JavaFX Application Thread] DEBUG PrimaryStageWindow   - Set initial scene to FXGLStartupScene
20:44:09.475 [JavaFX Application Thread] DEBUG PrimaryStageWindow   - Opening main window
20:44:09.634 [JavaFX Application Thread] DEBUG PrimaryStageWindow   - Window border size: (0.0, 35.0)
20:44:09.634 [JavaFX Application Thread] DEBUG PrimaryStageWindow   - Scaled size: 1200.0 x 965.0
20:44:09.634 [JavaFX Application Thread] DEBUG PrimaryStageWindow   - Scaled ratio: (0.965, 0.965)
20:44:09.635 [JavaFX Application Thread] DEBUG PrimaryStageWindow   - Scene size: 1200.0 x 1000.0
20:44:09.635 [JavaFX Application Thread] DEBUG PrimaryStageWindow   - Stage size: 1200.0 x 1000.0
20:44:09.643 [FXGL Background Thread 1 ] DEBUG Engine               - Initializing environment variables
20:44:09.723 [FXGL Background Thread 1 ] DEBUG FXGLAssetLoaderServi - User app class for loading assets: class com.example.ranchers_delight.GameApp
20:44:09.723 [FXGL Background Thread 1 ] DEBUG GameApplicationServi - Applying CSS: fxgl_dark.css
20:44:09.724 [FXGL Background Thread 1 ] DEBUG FXGLAssetLoaderServi - Loading from file system: jar:file:///home/alex/.m2/repository/com/github/almasb/fxgl/17.3/fxgl-17.3.jar!/fxglassets/ui/css/fxgl_dark.css
20:44:09.769 [FXGL Background Thread 1 ] DEBUG GameApplicationServi - Initializing application scenes
20:44:09.809 [FXGL Background Thread 1 ] DEBUG GameWorld            - Game world initialized
20:44:09.850 [FXGL Background Thread 1 ] DEBUG PhysicsWorld         - Physics world initialized: appHeight=1000, physics.ppm=50.0
20:44:09.851 [FXGL Background Thread 1 ] DEBUG PhysicsWorld         - Using strategy: BRUTE_FORCE
20:44:09.854 [FXGL Background Thread 1 ] DEBUG GameScene            - Game scene initialized: 1200x1000
20:44:09.864 [FXGL Background Thread 1 ] DEBUG FXGL.DefaultMenu     - createMenuBodyGameMenu()
20:44:09.875 [FXGL Background Thread 1 ] DEBUG FXGL.DefaultMenu     - createOptionsMenu()
20:44:09.887 [FXGL Background Thread 1 ] DEBUG FXGLAssetLoaderServi - Loading from file system: jar:file:///home/alex/.m2/repository/com/github/almasb/fxgl/17.3/fxgl-17.3.jar!/fxglassets/textures/particles/smoke.png
20:44:09.954 [FXGL Background Thread 1 ] DEBUG FXGLAssetLoaderServi - Loading from file system: jar:file:///home/alex/.m2/repository/com/github/almasb/fxgl/17.3/fxgl-17.3.jar!/fxglassets/textures/particles/trace_horizontal.png
20:44:09.974 [FXGL Background Thread 1 ] DEBUG GameApplicationServi - Application scenes initialized
20:44:09.984 [FXGL Background Thread 1 ] DEBUG SystemBundleService  - Loading FXGL system data
20:44:09.986 [FXGL Background Thread 1 ] DEBUG FileSystemAccess     - Reading from: /home/alex/IdeaProjects/ranchers_delight/system/fxgl.bundle
20:44:09.988 [FXGL Background Thread 1 ] DEBUG SystemBundleService  - Bundle FXGL: {}
20:44:09.988 [FXGL Background Thread 1 ] DEBUG UpdaterService       - Checking for updates
20:44:09.995 [FXGL Background Thread 4 ] DEBUG FXGLApplication      - Loading fonts
20:44:09.996 [FXGL Background Thread 4 ] DEBUG FXGLAssetLoaderServi - Loading from file system: jar:file:///home/alex/.m2/repository/com/github/almasb/fxgl/17.3/fxgl-17.3.jar!/fxglassets/ui/fonts/VarelaRound-Regular.ttf
20:44:09.997 [FXGL Background Thread 1 ] DEBUG FXGLApplication      - Loading default localization
20:44:09.998 [FXGL Background Thread 1 ] DEBUG FXGLAssetLoaderServi - Loading from file system: jar:file:///home/alex/.m2/repository/com/github/almasb/fxgl/17.3/fxgl-17.3.jar!/fxglassets/languages/english.lang
20:44:10.003 [FXGL Background Thread 4 ] DEBUG FXGLAssetLoaderServi - Loading from file system: jar:file:///home/alex/.m2/repository/com/github/almasb/fxgl/17.3/fxgl-17.3.jar!/fxglassets/ui/fonts/Abel-Regular.ttf
20:44:10.005 [FXGL Background Thread 4 ] DEBUG FXGLAssetLoaderServi - Loading from file system: jar:file:///home/alex/.m2/repository/com/github/almasb/fxgl/17.3/fxgl-17.3.jar!/fxglassets/ui/fonts/TerminalLandMono-Regular.otf
20:44:10.007 [FXGL Background Thread 4 ] DEBUG FXGLAssetLoaderServi - Loading from file system: jar:file:///home/alex/.m2/repository/com/github/almasb/fxgl/17.3/fxgl-17.3.jar!/fxglassets/ui/fonts/Courier-Prime.ttf
20:44:10.013 [FXGL Background Thread 1 ] INFO  FXGLApplication      - FXGL initialization took: 0.370 sec
20:44:10.015 [JavaFX Application Thread] DEBUG FXGLApplication      - Registering font factories with UI factory
20:44:10.052 [JavaFX Application Thread] DEBUG Input                - Registered new binding: action0 - W
20:44:10.055 [JavaFX Application Thread] DEBUG Input                - Registered new binding: action1 - S
20:44:10.056 [JavaFX Application Thread] DEBUG Input                - Registered new binding: action2 - A
20:44:10.066 [JavaFX Application Thread] DEBUG Input                - Registered new binding: action3 - D
20:44:10.068 [JavaFX Application Thread] DEBUG Input                - Registered new binding: action4 - E
20:44:10.087 [JavaFX Application Thread] DEBUG Input                - Registered new binding: action5 - LMB
20:44:10.088 [JavaFX Application Thread] DEBUG Input                - Registered new binding: action6 - Esc
20:44:10.094 [JavaFX Application Thread] DEBUG Input                - Registered new binding: action7 - 1
20:44:10.094 [JavaFX Application Thread] DEBUG Input                - Registered new binding: action8 - 2
20:44:10.095 [JavaFX Application Thread] DEBUG Input                - Registered new binding: action9 - 3
20:44:10.095 [JavaFX Application Thread] DEBUG Input                - Registered new binding: action10 - 4
20:44:10.095 [JavaFX Application Thread] DEBUG Input                - Registered new binding: action11 - 5
20:44:10.095 [JavaFX Application Thread] DEBUG Input                - Registered new binding: action12 - 6
20:44:10.095 [JavaFX Application Thread] DEBUG Input                - Registered new binding: action13 - 7
20:44:10.095 [JavaFX Application Thread] DEBUG Input                - Registered new binding: action14 - 8
20:44:10.095 [JavaFX Application Thread] DEBUG Input                - Registered new binding: action15 - 9
20:44:10.096 [JavaFX Application Thread] DEBUG Input                - Registered new binding: action16 - 0
20:44:10.097 [JavaFX Application Thread] DEBUG FXGLAssetLoaderServi - Loading from file system: jar:file:///home/alex/.m2/repository/com/github/almasb/fxgl/17.3/fxgl-17.3.jar!/fxglassets/textures/fxgl_icon.png
20:44:10.125 [JavaFX Application Thread] DEBUG FXGLAssetLoaderServi - Loading from file system: jar:file:///home/alex/.m2/repository/com/github/almasb/fxgl/17.3/fxgl-17.3.jar!/fxglassets/textures/fxgl_default_cursor.png
20:44:10.128 [JavaFX Application Thread] DEBUG Input                - Registered new binding: Screenshot - CTRL+8
20:44:10.130 [JavaFX Application Thread] DEBUG Input                - Registered new binding: System info dump - CTRL+9
20:44:10.130 [JavaFX Application Thread] DEBUG Input                - Registered new binding: Restart - CTRL+R
20:44:10.132 [JavaFX Application Thread] DEBUG Input                - Registered new binding: Toggle Debug Camera - CTRL+7
20:44:10.137 [JavaFX Application Thread] DEBUG LoopRunner           - Starting loop
20:44:10.137 [JavaFX Application Thread] DEBUG LoopRunner           - Initializing JavaFX AnimationTimerLoop
20:44:10.138 [JavaFX Application Thread] DEBUG GameApplicationServi - Starting new game
20:44:10.139 [JavaFX Application Thread] DEBUG Input                - Clearing active input actions
20:44:10.151 [JavaFX Application Thread] DEBUG GameApplicationServi - Removing overlay from FXGLStartupScene and adding to FXGLLoadingScene
20:44:10.152 [JavaFX Application Thread] DEBUG PrimaryStageWindow   - FXGLStartupScene -> FXGLLoadingScene
20:44:10.153 [JavaFX Application Thread] DEBUG GameApplicationServi - Clearing previous game
20:44:10.153 [JavaFX Application Thread] DEBUG GameScene            - Clearing game scene
20:44:10.153 [JavaFX Application Thread] DEBUG GameWorld            - Clearing game world
20:44:10.153 [JavaFX Application Thread] DEBUG PhysicsWorld         - Clearing physics world
20:44:10.157 [FXGL Background Thread 1 ] DEBUG FXGLApplication      - Initializing game
20:44:10.191 [FXGL Background Thread 1 ] INFO  FXGLApplication      - Game initialization took: 0.035 sec
20:44:10.309 [JavaFX Application Thread] DEBUG Input                - Clearing active input actions
20:44:10.327 [JavaFX Application Thread] DEBUG GameApplicationServi - Removing overlay from FXGLLoadingScene and adding to GameScene
20:44:10.328 [JavaFX Application Thread] DEBUG PrimaryStageWindow   - FXGLLoadingScene -> GameScene
20:44:10.446 [JavaFX Application Thread] DEBUG PrimaryStageWindow   - Push state: MainMenu
20:44:10.446 [JavaFX Application Thread] DEBUG Input                - Clearing active input actions
20:44:10.449 [JavaFX Application Thread] DEBUG GameApplicationServi - Removing overlay from GameScene and adding to MainMenu
20:44:10.450 [JavaFX Application Thread] DEBUG PrimaryStageWindow   - GameScene -> MainMenu
20:44:10.840 [FXGL Background Thread 2 ] INFO  UpdaterService       - Your current version:  17.3
20:44:10.840 [FXGL Background Thread 2 ] INFO  UpdaterService       - Latest stable version: 25
20:44:12.993 [FXGL Background Thread 3 ] DEBUG Engine               - Logging environment variables
20:44:12.994 [FXGL Background Thread 3 ] DEBUG Engine               - achievements: []
20:44:12.994 [FXGL Background Thread 3 ] DEBUG Engine               - actualHeight: 965.0
20:44:12.994 [FXGL Background Thread 3 ] DEBUG Engine               - actualHeightProperty: ReadOnlyDoubleProperty [value: 965.0]
20:44:12.994 [FXGL Background Thread 3 ] DEBUG Engine               - actualWidth: 936.0
20:44:12.994 [FXGL Background Thread 3 ] DEBUG Engine               - actualWidthProperty: ReadOnlyDoubleProperty [value: 1888.0]
20:44:12.994 [FXGL Background Thread 3 ] DEBUG Engine               - appIcon: fxgl_icon.png
20:44:12.994 [FXGL Background Thread 3 ] DEBUG Engine               - applicationMode: DEVELOPER
20:44:12.994 [FXGL Background Thread 3 ] DEBUG Engine               - cSSList: [fxgl_dark.css]
20:44:12.994 [FXGL Background Thread 3 ] DEBUG Engine               - collisionDetectionStrategy: BRUTE_FORCE
20:44:12.994 [FXGL Background Thread 3 ] DEBUG Engine               - configClass: Optional.empty
20:44:12.995 [FXGL Background Thread 3 ] DEBUG Engine               - credits: []
20:44:12.995 [FXGL Background Thread 3 ] DEBUG Engine               - defaultCursor: CursorInfo(imageName=fxgl_default_cursor.png, hotspotX=7.0, hotspotY=6.0)
20:44:12.995 [FXGL Background Thread 3 ] DEBUG Engine               - devBBoxColorProperty: ObjectProperty [value: 0xff0000ff]
20:44:12.995 [FXGL Background Thread 3 ] DEBUG Engine               - devEnableDebugCameraProperty: BooleanProperty [value: false]
20:44:12.995 [FXGL Background Thread 3 ] DEBUG Engine               - devSensorColorProperty: ObjectProperty [value: 0xffff00ff]
20:44:12.996 [FXGL Background Thread 3 ] DEBUG Engine               - devShowBBoxProperty: BooleanProperty [value: false]
20:44:12.996 [FXGL Background Thread 3 ] DEBUG Engine               - devShowPositionProperty: BooleanProperty [value: false]
20:44:12.996 [FXGL Background Thread 3 ] DEBUG Engine               - enabledMenuItems: []
20:44:12.996 [FXGL Background Thread 3 ] DEBUG Engine               - engineServices: [class com.almasb.fxgl.app.services.FXGLAssetLoaderService, class com.almasb.fxgl.app.FXGLApplication$GameApplicationService, class com.almasb.fxgl.app.services.FXGLDialogService, class com.almasb.fxgl.app.services.IOTaskExecutorService, class com.almasb.fxgl.io.FileSystemService, class com.almasb.fxgl.localization.LocalizationService, class com.almasb.fxgl.app.services.SystemBundleService, class com.almasb.fxgl.profile.SaveLoadService, class com.almasb.fxgl.ui.FXGLUIFactoryServiceProvider, class com.almasb.fxgl.ui.FXGLDialogFactoryServiceProvider, class com.almasb.fxgl.audio.AudioPlayer, class com.almasb.fxgl.notification.impl.NotificationServiceProvider, class com.almasb.fxgl.achievement.AchievementService, class com.almasb.fxgl.cutscene.CutsceneService, class com.almasb.fxgl.minigames.MiniGameService, class com.almasb.fxgl.net.NetService, class com.almasb.fxgl.app.services.UpdaterService, class com.almasb.fxgl.dev.DevService]
20:44:12.996 [FXGL Background Thread 3 ] DEBUG Engine               - fontGame: Abel-Regular.ttf
20:44:12.996 [FXGL Background Thread 3 ] DEBUG Engine               - fontMono: TerminalLandMono-Regular.otf
20:44:12.996 [FXGL Background Thread 3 ] DEBUG Engine               - fontSizeScaleUI: 1.0
20:44:12.996 [FXGL Background Thread 3 ] DEBUG Engine               - fontText: Courier-Prime.ttf
20:44:12.996 [FXGL Background Thread 3 ] DEBUG Engine               - fontUI: VarelaRound-Regular.ttf
20:44:12.997 [FXGL Background Thread 3 ] DEBUG Engine               - fullScreen: BooleanProperty [value: false]
20:44:12.997 [FXGL Background Thread 3 ] DEBUG Engine               - gameDifficulty: MEDIUM
20:44:12.997 [FXGL Background Thread 3 ] DEBUG Engine               - gameDifficultyProperty: ObjectProperty [value: MEDIUM]
20:44:12.997 [FXGL Background Thread 3 ] DEBUG Engine               - globalMusicVolume: 0.5
20:44:12.997 [FXGL Background Thread 3 ] DEBUG Engine               - globalMusicVolumeProperty: DoubleProperty [value: 0.5]
20:44:12.997 [FXGL Background Thread 3 ] DEBUG Engine               - globalSoundVolume: 0.5
20:44:12.997 [FXGL Background Thread 3 ] DEBUG Engine               - globalSoundVolumeProperty: DoubleProperty [value: 0.5]
20:44:12.998 [FXGL Background Thread 3 ] DEBUG Engine               - height: 1000
20:44:12.998 [FXGL Background Thread 3 ] DEBUG Engine               - is3D: false
20:44:12.998 [FXGL Background Thread 3 ] DEBUG Engine               - isAndroid: false
20:44:12.998 [FXGL Background Thread 3 ] DEBUG Engine               - isBrowser: false
20:44:12.998 [FXGL Background Thread 3 ] DEBUG Engine               - isClickFeedbackEnabled: false
20:44:12.998 [FXGL Background Thread 3 ] DEBUG Engine               - isCloseConfirmation: false
20:44:12.999 [FXGL Background Thread 3 ] DEBUG Engine               - isDesktop: true
20:44:12.999 [FXGL Background Thread 3 ] DEBUG Engine               - isDeveloperMenuEnabled: false
20:44:12.999 [FXGL Background Thread 3 ] DEBUG Engine               - isEmbedded: false
20:44:12.999 [FXGL Background Thread 3 ] DEBUG Engine               - isEntityPreloadEnabled: true
20:44:12.999 [FXGL Background Thread 3 ] DEBUG Engine               - isExperimentalTiledLargeMap: false
20:44:12.999 [FXGL Background Thread 3 ] DEBUG Engine               - isFileSystemWriteAllowed: true
20:44:12.999 [FXGL Background Thread 3 ] DEBUG Engine               - isFullScreenAllowed: false
20:44:12.999 [FXGL Background Thread 3 ] DEBUG Engine               - isFullScreenFromStart: false
20:44:12.999 [FXGL Background Thread 3 ] DEBUG Engine               - isGameMenuEnabled: true
20:44:12.999 [FXGL Background Thread 3 ] DEBUG Engine               - isIOS: false
20:44:12.999 [FXGL Background Thread 3 ] DEBUG Engine               - isIntroEnabled: false
20:44:13.000 [FXGL Background Thread 3 ] DEBUG Engine               - isLinux: true
20:44:13.000 [FXGL Background Thread 3 ] DEBUG Engine               - isMac: false
20:44:13.000 [FXGL Background Thread 3 ] DEBUG Engine               - isMainMenuEnabled: false
20:44:13.000 [FXGL Background Thread 3 ] DEBUG Engine               - isManualResizeEnabled: true
20:44:13.000 [FXGL Background Thread 3 ] DEBUG Engine               - isMobile: false
20:44:13.000 [FXGL Background Thread 3 ] DEBUG Engine               - isNative: false
20:44:13.000 [FXGL Background Thread 3 ] DEBUG Engine               - isPauseMusicWhenMinimized: true
20:44:13.000 [FXGL Background Thread 3 ] DEBUG Engine               - isPreserveResizeRatio: true
20:44:13.000 [FXGL Background Thread 3 ] DEBUG Engine               - isProfilingEnabled: false
20:44:13.000 [FXGL Background Thread 3 ] DEBUG Engine               - isScaleAffectedOnResize: true
20:44:13.000 [FXGL Background Thread 3 ] DEBUG Engine               - isSingleStep: false
20:44:13.000 [FXGL Background Thread 3 ] DEBUG Engine               - isUserProfileEnabled: false
20:44:13.000 [FXGL Background Thread 3 ] DEBUG Engine               - isWindows: false
20:44:13.000 [FXGL Background Thread 3 ] DEBUG Engine               - language: ObjectProperty [value: ENGLISH]
20:44:13.000 [FXGL Background Thread 3 ] DEBUG Engine               - menuKey: ESCAPE
20:44:13.000 [FXGL Background Thread 3 ] DEBUG Engine               - mouseSensitivity: 0.2
20:44:13.000 [FXGL Background Thread 3 ] DEBUG Engine               - notificationViewClass: class com.almasb.fxgl.notification.view.XboxNotificationView
20:44:13.000 [FXGL Background Thread 3 ] DEBUG Engine               - pixelsPerMeter: 50.0
20:44:13.001 [FXGL Background Thread 3 ] DEBUG Engine               - platform: LINUX
20:44:13.001 [FXGL Background Thread 3 ] DEBUG Engine               - prefHeightProperty: ReadOnlyDoubleProperty [value: 1000.0]
20:44:13.001 [FXGL Background Thread 3 ] DEBUG Engine               - prefWidthProperty: ReadOnlyDoubleProperty [value: 1200.0]
20:44:13.001 [FXGL Background Thread 3 ] DEBUG Engine               - profileDir: profiles/
20:44:13.001 [FXGL Background Thread 3 ] DEBUG Engine               - profileName: StringProperty [value: DEFAULT]
20:44:13.001 [FXGL Background Thread 3 ] DEBUG Engine               - randomSeed: -1
20:44:13.001 [FXGL Background Thread 3 ] DEBUG Engine               - runtimeInfo: RuntimeInfo(platform=LINUX, version=17.3, build=30.03.2023 11.49)
20:44:13.001 [FXGL Background Thread 3 ] DEBUG Engine               - saveFileExt: sav
20:44:13.001 [FXGL Background Thread 3 ] DEBUG Engine               - scaledHeightProp$fxgl: DoubleProperty [bound, value: 965.0]
20:44:13.002 [FXGL Background Thread 3 ] DEBUG Engine               - scaledWidthProp$fxgl: DoubleProperty [bound, value: 1888.0]
20:44:13.002 [FXGL Background Thread 3 ] DEBUG Engine               - sceneFactory: com.almasb.fxgl.app.scene.SceneFactory@447dba0d
20:44:13.002 [FXGL Background Thread 3 ] DEBUG Engine               - secondsIn24h: 60
20:44:13.002 [FXGL Background Thread 3 ] DEBUG Engine               - soundMenuBack: menu/back.wav
20:44:13.002 [FXGL Background Thread 3 ] DEBUG Engine               - soundMenuPress: menu/press.wav
20:44:13.002 [FXGL Background Thread 3 ] DEBUG Engine               - soundMenuSelect: menu/select.wav
20:44:13.002 [FXGL Background Thread 3 ] DEBUG Engine               - soundNotification: core/notification.wav
20:44:13.002 [FXGL Background Thread 3 ] DEBUG Engine               - stageStyle: DECORATED
20:44:13.002 [FXGL Background Thread 3 ] DEBUG Engine               - supportedLanguages: [ENGLISH, FRENCH, GERMAN, HUNGARIAN, RUSSIAN]
20:44:13.002 [FXGL Background Thread 3 ] DEBUG Engine               - ticksPerSecond: -1
20:44:13.002 [FXGL Background Thread 3 ] DEBUG Engine               - title: Rancher's Delight
20:44:13.002 [FXGL Background Thread 3 ] DEBUG Engine               - urlGithub: https://github.com/AlmasB/FXGL
20:44:13.003 [FXGL Background Thread 3 ] DEBUG Engine               - urlLeaderboard: http://fxgl-top.herokuapp.com/
20:44:13.003 [FXGL Background Thread 3 ] DEBUG Engine               - urlPOM: https://raw.githubusercontent.com/AlmasB/FXGL/release/README.md
20:44:13.003 [FXGL Background Thread 3 ] DEBUG Engine               - userAppClass: class com.example.ranchers_delight.GameApp
20:44:13.003 [FXGL Background Thread 3 ] DEBUG Engine               - version: 1.7
20:44:13.003 [FXGL Background Thread 3 ] DEBUG Engine               - versionCheckDays: 7
20:44:13.003 [FXGL Background Thread 3 ] DEBUG Engine               - width: 1200
20:44:13.003 [FXGL Background Thread 3 ] DEBUG Engine               - Logging services
20:44:13.003 [FXGL Background Thread 3 ] DEBUG Engine               - class com.almasb.fxgl.app.services.FXGLAssetLoaderService
20:44:13.003 [FXGL Background Thread 3 ] DEBUG Engine               - class com.almasb.fxgl.app.FXGLApplication$GameApplicationService
20:44:13.003 [FXGL Background Thread 3 ] DEBUG Engine               - class com.almasb.fxgl.app.services.FXGLDialogService
20:44:13.003 [FXGL Background Thread 3 ] DEBUG Engine               - class com.almasb.fxgl.app.services.IOTaskExecutorService
20:44:13.003 [FXGL Background Thread 3 ] DEBUG Engine               - class com.almasb.fxgl.io.FileSystemService
20:44:13.003 [FXGL Background Thread 3 ] DEBUG Engine               - class com.almasb.fxgl.localization.LocalizationService
20:44:13.003 [FXGL Background Thread 3 ] DEBUG Engine               - class com.almasb.fxgl.app.services.SystemBundleService
20:44:13.003 [FXGL Background Thread 3 ] DEBUG Engine               - class com.almasb.fxgl.profile.SaveLoadService
20:44:13.004 [FXGL Background Thread 3 ] DEBUG Engine               - class com.almasb.fxgl.ui.FXGLUIFactoryServiceProvider
20:44:13.004 [FXGL Background Thread 3 ] DEBUG Engine               - class com.almasb.fxgl.ui.FXGLDialogFactoryServiceProvider
20:44:13.004 [FXGL Background Thread 3 ] DEBUG Engine               - class com.almasb.fxgl.audio.AudioPlayer
20:44:13.004 [FXGL Background Thread 3 ] DEBUG Engine               - class com.almasb.fxgl.notification.impl.NotificationServiceProvider
20:44:13.004 [FXGL Background Thread 3 ] DEBUG Engine               - class com.almasb.fxgl.achievement.AchievementService
20:44:13.004 [FXGL Background Thread 3 ] DEBUG Engine               - class com.almasb.fxgl.cutscene.CutsceneService
20:44:13.004 [FXGL Background Thread 3 ] DEBUG Engine               - class com.almasb.fxgl.minigames.MiniGameService
20:44:13.004 [FXGL Background Thread 3 ] DEBUG Engine               - class com.almasb.fxgl.net.NetService
20:44:13.004 [FXGL Background Thread 3 ] DEBUG Engine               - class com.almasb.fxgl.app.services.UpdaterService
20:44:13.004 [FXGL Background Thread 3 ] DEBUG Engine               - class com.almasb.fxgl.dev.DevService
20:44:15.458 [JavaFX Application Thread] DEBUG PrimaryStageWindow   - Pop state: MainMenu
20:44:15.458 [JavaFX Application Thread] DEBUG Input                - Clearing active input actions
20:44:15.459 [JavaFX Application Thread] DEBUG GameApplicationServi - Removing overlay from MainMenu and adding to GameScene
20:44:15.459 [JavaFX Application Thread] DEBUG PrimaryStageWindow   - GameScene <- MainMenu
20:44:44.284 [JavaFX Application Thread] DEBUG PrimaryStageWindow   - Push state: MainMenu
20:44:44.284 [JavaFX Application Thread] DEBUG Input                - Clearing active input actions
20:44:44.285 [JavaFX Application Thread] DEBUG GameApplicationServi - Removing overlay from GameScene and adding to MainMenu
20:44:44.285 [JavaFX Application Thread] DEBUG PrimaryStageWindow   - GameScene -> MainMenu
20:44:54.960 [JavaFX Application Thread] DEBUG PrimaryStageWindow   - Pop state: MainMenu
20:44:54.960 [JavaFX Application Thread] DEBUG Input                - Clearing active input actions
20:44:54.961 [JavaFX Application Thread] DEBUG GameApplicationServi - Removing overlay from MainMenu and adding to GameScene
20:44:54.961 [JavaFX Application Thread] DEBUG PrimaryStageWindow   - GameScene <- MainMenu
20:44:57.958 [JavaFX Application Thread] DEBUG PrimaryStageWindow   - Push state: MainMenu
20:44:57.958 [JavaFX Application Thread] DEBUG Input                - Clearing active input actions
20:44:57.958 [JavaFX Application Thread] DEBUG GameApplicationServi - Removing overlay from GameScene and adding to MainMenu
20:44:57.958 [JavaFX Application Thread] DEBUG PrimaryStageWindow   - GameScene -> MainMenu
20:44:59.064 [JavaFX Application Thread] DEBUG PrimaryStageWindow   - Pop state: MainMenu
20:44:59.064 [JavaFX Application Thread] DEBUG Input                - Clearing active input actions
20:44:59.065 [JavaFX Application Thread] DEBUG GameApplicationServi - Removing overlay from MainMenu and adding to GameScene
20:44:59.065 [JavaFX Application Thread] DEBUG PrimaryStageWindow   - GameScene <- MainMenu
20:45:40.249 [JavaFX Application Thread] DEBUG PrimaryStageWindow   - Push state: MainMenu
20:45:40.249 [JavaFX Application Thread] DEBUG Input                - Clearing active input actions
20:45:40.250 [JavaFX Application Thread] DEBUG GameApplicationServi - Removing overlay from GameScene and adding to MainMenu
20:45:40.250 [JavaFX Application Thread] DEBUG PrimaryStageWindow   - GameScene -> MainMenu
20:45:41.668 [JavaFX Application Thread] DEBUG PrimaryStageWindow   - Pop state: MainMenu
20:45:41.668 [JavaFX Application Thread] DEBUG Input                - Clearing active input actions
20:45:41.668 [JavaFX Application Thread] DEBUG GameApplicationServi - Removing overlay from MainMenu and adding to GameScene
20:45:41.668 [JavaFX Application Thread] DEBUG PrimaryStageWindow   - GameScene <- MainMenu
20:45:43.887 [JavaFX Application Thread] DEBUG PrimaryStageWindow   - Push state: MainMenu
20:45:43.887 [JavaFX Application Thread] DEBUG Input                - Clearing active input actions
20:45:43.887 [JavaFX Application Thread] DEBUG GameApplicationServi - Removing overlay from GameScene and adding to MainMenu
20:45:43.887 [JavaFX Application Thread] DEBUG PrimaryStageWindow   - GameScene -> MainMenu
20:45:47.316 [JavaFX Application Thread] DEBUG PrimaryStageWindow   - Pop state: MainMenu
20:45:47.316 [JavaFX Application Thread] DEBUG Input                - Clearing active input actions
20:45:47.317 [JavaFX Application Thread] DEBUG GameApplicationServi - Removing overlay from MainMenu and adding to GameScene
20:45:47.317 [JavaFX Application Thread] DEBUG PrimaryStageWindow   - GameScene <- MainMenu
20:45:48.299 [JavaFX Application Thread] DEBUG PrimaryStageWindow   - Push state: MainMenu
20:45:48.299 [JavaFX Application Thread] DEBUG Input                - Clearing active input actions
20:45:48.300 [JavaFX Application Thread] DEBUG GameApplicationServi - Removing overlay from GameScene and adding to MainMenu
20:45:48.300 [JavaFX Application Thread] DEBUG PrimaryStageWindow   - GameScene -> MainMenu
20:45:54.139 [JavaFX Application Thread] DEBUG FXGLApplication      - Exiting FXGL
20:45:54.139 [JavaFX Application Thread] DEBUG LoopRunner           - Stopping loop
20:45:54.139 [JavaFX Application Thread] DEBUG SystemBundleService  - Saving FXGL system data
20:45:54.141 [JavaFX Application Thread] DEBUG FileSystemAccess     - Writing to: /home/alex/IdeaProjects/ranchers_delight/system/fxgl.bundle
20:45:54.144 [JavaFX Application Thread] DEBUG Async                - Shutting down background threads
20:45:54.144 [JavaFX Application Thread] DEBUG PrimaryStageWindow   - Closing main window
20:45:54.147 [JavaFX Application Thread] DEBUG Logger               - Closing Logger
