07:51:56.322 [main                     ] DEBUG Logger               - Configured Logger
07:51:56.330 [main                     ] DEBUG GameApplication      - Logging settings
Title: Rancher's Delight
Version: 1.7
Width: 1200
Height: 1000
Fullscreen: false
Intro: false
Profiling: false
Single step:false
App Mode: DEVELOPER
Menu Key: ESCAPE
Stage Style: DECORATED
Scene Factory: class com.almasb.fxgl.app.scene.SceneFactory

07:51:56.612 [JavaFX Application Thread] DEBUG FXGLApplication      - Initializing FXGL
07:51:56.614 [JavaFX Application Thread] INFO  Engine               - FXGL-17.3 (30.03.2023 11.49) on LINUX (J:25.0.2 FX:21.0.6)
07:51:56.615 [JavaFX Application Thread] DEBUG Engine               - JRE Vendor Name: Oracle Corporation
07:51:56.615 [JavaFX Application Thread] DEBUG Engine               - Running on OS: Linux version 6.19.9-arch1-1
07:51:56.615 [JavaFX Application Thread] DEBUG Engine               - Architecture: amd64
07:51:56.615 [JavaFX Application Thread] INFO  Engine               - Source code and latest versions at: https://github.com/AlmasB/FXGL
07:51:56.615 [JavaFX Application Thread] INFO  Engine               -       Ask questions and discuss at: https://github.com/AlmasB/FXGL/discussions
07:51:56.615 [JavaFX Application Thread] INFO  Engine               -              Join the FXGL chat at: https://gitter.im/AlmasB/FXGL
07:51:56.695 [JavaFX Application Thread] DEBUG PrimaryStageWindow   - Creating a JavaFX scene
07:51:56.737 [JavaFX Application Thread] DEBUG PrimaryStageWindow   - Target settings size: 1200.0 x 1000.0
07:51:56.737 [JavaFX Application Thread] DEBUG PrimaryStageWindow   - Scaled scene size:    1200.0 x 1000.0
07:51:56.737 [JavaFX Application Thread] DEBUG PrimaryStageWindow   - Scaled ratio: (1.0, 1.0)
07:51:56.738 [JavaFX Application Thread] DEBUG PrimaryStageWindow   - Set initial scene to FXGLStartupScene
07:51:56.741 [JavaFX Application Thread] DEBUG PrimaryStageWindow   - Opening main window
07:51:56.815 [JavaFX Application Thread] DEBUG PrimaryStageWindow   - Window border size: (0.0, 35.0)
07:51:56.815 [JavaFX Application Thread] DEBUG PrimaryStageWindow   - Scaled size: 1200.0 x 965.0
07:51:56.815 [JavaFX Application Thread] DEBUG PrimaryStageWindow   - Scaled ratio: (0.965, 0.965)
07:51:56.815 [JavaFX Application Thread] DEBUG PrimaryStageWindow   - Scene size: 1200.0 x 1000.0
07:51:56.815 [JavaFX Application Thread] DEBUG PrimaryStageWindow   - Stage size: 1200.0 x 1000.0
07:51:56.821 [FXGL Background Thread 1 ] DEBUG Engine               - Initializing environment variables
07:51:56.865 [FXGL Background Thread 1 ] DEBUG FXGLAssetLoaderServi - User app class for loading assets: class com.example.ranchers_delight.GameApp
07:51:56.866 [FXGL Background Thread 1 ] DEBUG GameApplicationServi - Applying CSS: fxgl_dark.css
07:51:56.867 [FXGL Background Thread 1 ] DEBUG FXGLAssetLoaderServi - Loading from file system: jar:file:///home/alex/.m2/repository/com/github/almasb/fxgl/17.3/fxgl-17.3.jar!/fxglassets/ui/css/fxgl_dark.css
07:51:56.917 [FXGL Background Thread 1 ] DEBUG GameApplicationServi - Initializing application scenes
07:51:56.955 [FXGL Background Thread 1 ] DEBUG GameWorld            - Game world initialized
07:51:57.001 [FXGL Background Thread 1 ] DEBUG PhysicsWorld         - Physics world initialized: appHeight=1000, physics.ppm=50.0
07:51:57.001 [FXGL Background Thread 1 ] DEBUG PhysicsWorld         - Using strategy: BRUTE_FORCE
07:51:57.004 [FXGL Background Thread 1 ] DEBUG GameScene            - Game scene initialized: 1200x1000
07:51:57.015 [FXGL Background Thread 1 ] DEBUG FXGL.DefaultMenu     - createMenuBodyGameMenu()
07:51:57.026 [FXGL Background Thread 1 ] DEBUG FXGL.DefaultMenu     - createOptionsMenu()
07:51:57.036 [FXGL Background Thread 1 ] DEBUG FXGLAssetLoaderServi - Loading from file system: jar:file:///home/alex/.m2/repository/com/github/almasb/fxgl/17.3/fxgl-17.3.jar!/fxglassets/textures/particles/smoke.png
07:51:57.099 [FXGL Background Thread 1 ] DEBUG FXGLAssetLoaderServi - Loading from file system: jar:file:///home/alex/.m2/repository/com/github/almasb/fxgl/17.3/fxgl-17.3.jar!/fxglassets/textures/particles/trace_horizontal.png
07:51:57.121 [FXGL Background Thread 1 ] DEBUG GameApplicationServi - Application scenes initialized
07:51:57.130 [FXGL Background Thread 1 ] DEBUG SystemBundleService  - Loading FXGL system data
07:51:57.132 [FXGL Background Thread 1 ] DEBUG FileSystemAccess     - Reading from: /home/alex/IdeaProjects/ranchers_delight/system/fxgl.bundle
07:51:57.133 [FXGL Background Thread 1 ] DEBUG SystemBundleService  - Bundle FXGL: {}
07:51:57.133 [FXGL Background Thread 1 ] DEBUG UpdaterService       - Checking for updates
07:51:57.138 [FXGL Background Thread 4 ] DEBUG FXGLApplication      - Loading fonts
07:51:57.139 [FXGL Background Thread 1 ] DEBUG FXGLApplication      - Loading default localization
07:51:57.139 [FXGL Background Thread 4 ] DEBUG FXGLAssetLoaderServi - Loading from file system: jar:file:///home/alex/.m2/repository/com/github/almasb/fxgl/17.3/fxgl-17.3.jar!/fxglassets/ui/fonts/VarelaRound-Regular.ttf
07:51:57.140 [FXGL Background Thread 1 ] DEBUG FXGLAssetLoaderServi - Loading from file system: jar:file:///home/alex/.m2/repository/com/github/almasb/fxgl/17.3/fxgl-17.3.jar!/fxglassets/languages/english.lang
07:51:57.147 [FXGL Background Thread 4 ] DEBUG FXGLAssetLoaderServi - Loading from file system: jar:file:///home/alex/.m2/repository/com/github/almasb/fxgl/17.3/fxgl-17.3.jar!/fxglassets/ui/fonts/Abel-Regular.ttf
07:51:57.148 [FXGL Background Thread 4 ] DEBUG FXGLAssetLoaderServi - Loading from file system: jar:file:///home/alex/.m2/repository/com/github/almasb/fxgl/17.3/fxgl-17.3.jar!/fxglassets/ui/fonts/TerminalLandMono-Regular.otf
07:51:57.150 [FXGL Background Thread 4 ] DEBUG FXGLAssetLoaderServi - Loading from file system: jar:file:///home/alex/.m2/repository/com/github/almasb/fxgl/17.3/fxgl-17.3.jar!/fxglassets/ui/fonts/Courier-Prime.ttf
07:51:57.154 [JavaFX Application Thread] DEBUG FXGLApplication      - Registering font factories with UI factory
07:51:57.155 [FXGL Background Thread 1 ] INFO  FXGLApplication      - FXGL initialization took: 0.334 sec
07:51:57.162 [JavaFX Application Thread] DEBUG Input                - Registered new binding: action0 - W
07:51:57.163 [JavaFX Application Thread] DEBUG Input                - Registered new binding: action1 - S
07:51:57.163 [JavaFX Application Thread] DEBUG Input                - Registered new binding: action2 - A
07:51:57.164 [JavaFX Application Thread] DEBUG Input                - Registered new binding: action3 - D
07:51:57.165 [JavaFX Application Thread] DEBUG Input                - Registered new binding: action4 - E
07:51:57.165 [JavaFX Application Thread] DEBUG Input                - Registered new binding: action5 - Esc
07:51:57.166 [JavaFX Application Thread] DEBUG Input                - Registered new binding: action6 - 1
07:51:57.166 [JavaFX Application Thread] DEBUG Input                - Registered new binding: action7 - 2
07:51:57.166 [JavaFX Application Thread] DEBUG Input                - Registered new binding: action8 - 3
07:51:57.166 [JavaFX Application Thread] DEBUG Input                - Registered new binding: action9 - 4
07:51:57.167 [JavaFX Application Thread] DEBUG Input                - Registered new binding: action10 - 5
07:51:57.167 [JavaFX Application Thread] DEBUG Input                - Registered new binding: action11 - 6
07:51:57.167 [JavaFX Application Thread] DEBUG FXGLAssetLoaderServi - Loading from file system: jar:file:///home/alex/.m2/repository/com/github/almasb/fxgl/17.3/fxgl-17.3.jar!/fxglassets/textures/fxgl_icon.png
07:51:57.200 [JavaFX Application Thread] DEBUG FXGLAssetLoaderServi - Loading from file system: jar:file:///home/alex/.m2/repository/com/github/almasb/fxgl/17.3/fxgl-17.3.jar!/fxglassets/textures/fxgl_default_cursor.png
07:51:57.202 [JavaFX Application Thread] DEBUG Input                - Registered new binding: Screenshot - CTRL+8
07:51:57.203 [JavaFX Application Thread] DEBUG Input                - Registered new binding: System info dump - CTRL+9
07:51:57.203 [JavaFX Application Thread] DEBUG Input                - Registered new binding: Restart - CTRL+R
07:51:57.204 [JavaFX Application Thread] DEBUG Input                - Registered new binding: Toggle Debug Camera - CTRL+7
07:51:57.207 [JavaFX Application Thread] DEBUG LoopRunner           - Starting loop
07:51:57.207 [JavaFX Application Thread] DEBUG LoopRunner           - Initializing JavaFX AnimationTimerLoop
07:51:57.208 [JavaFX Application Thread] DEBUG GameApplicationServi - Starting new game
07:51:57.209 [JavaFX Application Thread] DEBUG Input                - Clearing active input actions
07:51:57.219 [JavaFX Application Thread] DEBUG GameApplicationServi - Removing overlay from FXGLStartupScene and adding to FXGLLoadingScene
07:51:57.220 [JavaFX Application Thread] DEBUG PrimaryStageWindow   - FXGLStartupScene -> FXGLLoadingScene
07:51:57.220 [JavaFX Application Thread] DEBUG GameApplicationServi - Clearing previous game
07:51:57.220 [JavaFX Application Thread] DEBUG GameScene            - Clearing game scene
07:51:57.220 [JavaFX Application Thread] DEBUG GameWorld            - Clearing game world
07:51:57.221 [JavaFX Application Thread] DEBUG PhysicsWorld         - Clearing physics world
07:51:57.222 [FXGL Background Thread 1 ] DEBUG FXGLApplication      - Initializing game
07:51:57.235 [FXGL Background Thread 1 ] INFO  FXGLApplication      - Game initialization took: 0.013 sec
07:51:57.323 [JavaFX Application Thread] DEBUG Input                - Clearing active input actions
07:51:57.335 [JavaFX Application Thread] DEBUG GameApplicationServi - Removing overlay from FXGLLoadingScene and adding to GameScene
07:51:57.335 [JavaFX Application Thread] DEBUG PrimaryStageWindow   - FXGLLoadingScene -> GameScene
07:51:57.454 [JavaFX Application Thread] DEBUG PrimaryStageWindow   - Push state: MainMenu
07:51:57.454 [JavaFX Application Thread] DEBUG Input                - Clearing active input actions
07:51:57.456 [JavaFX Application Thread] DEBUG GameApplicationServi - Removing overlay from GameScene and adding to MainMenu
07:51:57.457 [JavaFX Application Thread] DEBUG PrimaryStageWindow   - GameScene -> MainMenu
07:51:57.974 [FXGL Background Thread 2 ] INFO  UpdaterService       - Your current version:  17.3
07:51:57.974 [FXGL Background Thread 2 ] INFO  UpdaterService       - Latest stable version: 25
07:51:59.432 [JavaFX Application Thread] DEBUG PrimaryStageWindow   - Pop state: MainMenu
07:51:59.433 [JavaFX Application Thread] DEBUG Input                - Clearing active input actions
07:51:59.433 [JavaFX Application Thread] DEBUG GameApplicationServi - Removing overlay from MainMenu and adding to GameScene
07:51:59.433 [JavaFX Application Thread] DEBUG PrimaryStageWindow   - GameScene <- MainMenu
07:52:00.136 [FXGL Background Thread 3 ] DEBUG Engine               - Logging environment variables
07:52:00.137 [FXGL Background Thread 3 ] DEBUG Engine               - achievements: []
07:52:00.137 [FXGL Background Thread 3 ] DEBUG Engine               - actualHeight: 965.0
07:52:00.137 [FXGL Background Thread 3 ] DEBUG Engine               - actualHeightProperty: ReadOnlyDoubleProperty [value: 965.0]
07:52:00.137 [FXGL Background Thread 3 ] DEBUG Engine               - actualWidth: 1200.0
07:52:00.137 [FXGL Background Thread 3 ] DEBUG Engine               - actualWidthProperty: ReadOnlyDoubleProperty [value: 936.0]
07:52:00.137 [FXGL Background Thread 3 ] DEBUG Engine               - appIcon: fxgl_icon.png
07:52:00.138 [FXGL Background Thread 3 ] DEBUG Engine               - applicationMode: DEVELOPER
07:52:00.138 [FXGL Background Thread 3 ] DEBUG Engine               - cSSList: [fxgl_dark.css]
07:52:00.138 [FXGL Background Thread 3 ] DEBUG Engine               - collisionDetectionStrategy: BRUTE_FORCE
07:52:00.138 [FXGL Background Thread 3 ] DEBUG Engine               - configClass: Optional.empty
07:52:00.138 [FXGL Background Thread 3 ] DEBUG Engine               - credits: []
07:52:00.138 [FXGL Background Thread 3 ] DEBUG Engine               - defaultCursor: CursorInfo(imageName=fxgl_default_cursor.png, hotspotX=7.0, hotspotY=6.0)
07:52:00.139 [FXGL Background Thread 3 ] DEBUG Engine               - devBBoxColorProperty: ObjectProperty [value: 0xff0000ff]
07:52:00.139 [FXGL Background Thread 3 ] DEBUG Engine               - devEnableDebugCameraProperty: BooleanProperty [value: false]
07:52:00.139 [FXGL Background Thread 3 ] DEBUG Engine               - devSensorColorProperty: ObjectProperty [value: 0xffff00ff]
07:52:00.139 [FXGL Background Thread 3 ] DEBUG Engine               - devShowBBoxProperty: BooleanProperty [value: false]
07:52:00.139 [FXGL Background Thread 3 ] DEBUG Engine               - devShowPositionProperty: BooleanProperty [value: false]
07:52:00.139 [FXGL Background Thread 3 ] DEBUG Engine               - enabledMenuItems: []
07:52:00.139 [FXGL Background Thread 3 ] DEBUG Engine               - engineServices: [class com.almasb.fxgl.app.services.FXGLAssetLoaderService, class com.almasb.fxgl.app.FXGLApplication$GameApplicationService, class com.almasb.fxgl.app.services.FXGLDialogService, class com.almasb.fxgl.app.services.IOTaskExecutorService, class com.almasb.fxgl.io.FileSystemService, class com.almasb.fxgl.localization.LocalizationService, class com.almasb.fxgl.app.services.SystemBundleService, class com.almasb.fxgl.profile.SaveLoadService, class com.almasb.fxgl.ui.FXGLUIFactoryServiceProvider, class com.almasb.fxgl.ui.FXGLDialogFactoryServiceProvider, class com.almasb.fxgl.audio.AudioPlayer, class com.almasb.fxgl.notification.impl.NotificationServiceProvider, class com.almasb.fxgl.achievement.AchievementService, class com.almasb.fxgl.cutscene.CutsceneService, class com.almasb.fxgl.minigames.MiniGameService, class com.almasb.fxgl.net.NetService, class com.almasb.fxgl.app.services.UpdaterService, class com.almasb.fxgl.dev.DevService]
07:52:00.139 [FXGL Background Thread 3 ] DEBUG Engine               - fontGame: Abel-Regular.ttf
07:52:00.139 [FXGL Background Thread 3 ] DEBUG Engine               - fontMono: TerminalLandMono-Regular.otf
07:52:00.139 [FXGL Background Thread 3 ] DEBUG Engine               - fontSizeScaleUI: 1.0
07:52:00.139 [FXGL Background Thread 3 ] DEBUG Engine               - fontText: Courier-Prime.ttf
07:52:00.139 [FXGL Background Thread 3 ] DEBUG Engine               - fontUI: VarelaRound-Regular.ttf
07:52:00.140 [FXGL Background Thread 3 ] DEBUG Engine               - fullScreen: BooleanProperty [value: false]
07:52:00.140 [FXGL Background Thread 3 ] DEBUG Engine               - gameDifficulty: MEDIUM
07:52:00.140 [FXGL Background Thread 3 ] DEBUG Engine               - gameDifficultyProperty: ObjectProperty [value: MEDIUM]
07:52:00.140 [FXGL Background Thread 3 ] DEBUG Engine               - globalMusicVolume: 0.5
07:52:00.140 [FXGL Background Thread 3 ] DEBUG Engine               - globalMusicVolumeProperty: DoubleProperty [value: 0.5]
07:52:00.140 [FXGL Background Thread 3 ] DEBUG Engine               - globalSoundVolume: 0.5
07:52:00.140 [FXGL Background Thread 3 ] DEBUG Engine               - globalSoundVolumeProperty: DoubleProperty [value: 0.5]
07:52:00.140 [FXGL Background Thread 3 ] DEBUG Engine               - height: 1000
07:52:00.140 [FXGL Background Thread 3 ] DEBUG Engine               - is3D: false
07:52:00.140 [FXGL Background Thread 3 ] DEBUG Engine               - isAndroid: false
07:52:00.140 [FXGL Background Thread 3 ] DEBUG Engine               - isBrowser: false
07:52:00.141 [FXGL Background Thread 3 ] DEBUG Engine               - isClickFeedbackEnabled: false
07:52:00.141 [FXGL Background Thread 3 ] DEBUG Engine               - isCloseConfirmation: false
07:52:00.141 [FXGL Background Thread 3 ] DEBUG Engine               - isDesktop: true
07:52:00.141 [FXGL Background Thread 3 ] DEBUG Engine               - isDeveloperMenuEnabled: false
07:52:00.141 [FXGL Background Thread 3 ] DEBUG Engine               - isEmbedded: false
07:52:00.141 [FXGL Background Thread 3 ] DEBUG Engine               - isEntityPreloadEnabled: true
07:52:00.141 [FXGL Background Thread 3 ] DEBUG Engine               - isExperimentalTiledLargeMap: false
07:52:00.141 [FXGL Background Thread 3 ] DEBUG Engine               - isFileSystemWriteAllowed: true
07:52:00.141 [FXGL Background Thread 3 ] DEBUG Engine               - isFullScreenAllowed: false
07:52:00.141 [FXGL Background Thread 3 ] DEBUG Engine               - isFullScreenFromStart: false
07:52:00.141 [FXGL Background Thread 3 ] DEBUG Engine               - isGameMenuEnabled: true
07:52:00.141 [FXGL Background Thread 3 ] DEBUG Engine               - isIOS: false
07:52:00.141 [FXGL Background Thread 3 ] DEBUG Engine               - isIntroEnabled: false
07:52:00.141 [FXGL Background Thread 3 ] DEBUG Engine               - isLinux: true
07:52:00.141 [FXGL Background Thread 3 ] DEBUG Engine               - isMac: false
07:52:00.141 [FXGL Background Thread 3 ] DEBUG Engine               - isMainMenuEnabled: false
07:52:00.142 [FXGL Background Thread 3 ] DEBUG Engine               - isManualResizeEnabled: true
07:52:00.142 [FXGL Background Thread 3 ] DEBUG Engine               - isMobile: false
07:52:00.142 [FXGL Background Thread 3 ] DEBUG Engine               - isNative: false
07:52:00.142 [FXGL Background Thread 3 ] DEBUG Engine               - isPauseMusicWhenMinimized: true
07:52:00.142 [FXGL Background Thread 3 ] DEBUG Engine               - isPreserveResizeRatio: true
07:52:00.142 [FXGL Background Thread 3 ] DEBUG Engine               - isProfilingEnabled: false
07:52:00.142 [FXGL Background Thread 3 ] DEBUG Engine               - isScaleAffectedOnResize: true
07:52:00.142 [FXGL Background Thread 3 ] DEBUG Engine               - isSingleStep: false
07:52:00.142 [FXGL Background Thread 3 ] DEBUG Engine               - isUserProfileEnabled: false
07:52:00.142 [FXGL Background Thread 3 ] DEBUG Engine               - isWindows: false
07:52:00.142 [FXGL Background Thread 3 ] DEBUG Engine               - language: ObjectProperty [value: ENGLISH]
07:52:00.142 [FXGL Background Thread 3 ] DEBUG Engine               - menuKey: ESCAPE
07:52:00.142 [FXGL Background Thread 3 ] DEBUG Engine               - mouseSensitivity: 0.2
07:52:00.142 [FXGL Background Thread 3 ] DEBUG Engine               - notificationViewClass: class com.almasb.fxgl.notification.view.XboxNotificationView
07:52:00.142 [FXGL Background Thread 3 ] DEBUG Engine               - pixelsPerMeter: 50.0
07:52:00.142 [FXGL Background Thread 3 ] DEBUG Engine               - platform: LINUX
07:52:00.142 [FXGL Background Thread 3 ] DEBUG Engine               - prefHeightProperty: ReadOnlyDoubleProperty [value: 1000.0]
07:52:00.142 [FXGL Background Thread 3 ] DEBUG Engine               - prefWidthProperty: ReadOnlyDoubleProperty [value: 1200.0]
07:52:00.142 [FXGL Background Thread 3 ] DEBUG Engine               - profileDir: profiles/
07:52:00.142 [FXGL Background Thread 3 ] DEBUG Engine               - profileName: StringProperty [value: DEFAULT]
07:52:00.142 [FXGL Background Thread 3 ] DEBUG Engine               - randomSeed: -1
07:52:00.143 [FXGL Background Thread 3 ] DEBUG Engine               - runtimeInfo: RuntimeInfo(platform=LINUX, version=17.3, build=30.03.2023 11.49)
07:52:00.143 [FXGL Background Thread 3 ] DEBUG Engine               - saveFileExt: sav
07:52:00.143 [FXGL Background Thread 3 ] DEBUG Engine               - scaledHeightProp$fxgl: DoubleProperty [bound, value: 965.0]
07:52:00.143 [FXGL Background Thread 3 ] DEBUG Engine               - scaledWidthProp$fxgl: DoubleProperty [bound, value: 936.0]
07:52:00.143 [FXGL Background Thread 3 ] DEBUG Engine               - sceneFactory: com.almasb.fxgl.app.scene.SceneFactory@5333560e
07:52:00.143 [FXGL Background Thread 3 ] DEBUG Engine               - secondsIn24h: 60
07:52:00.143 [FXGL Background Thread 3 ] DEBUG Engine               - soundMenuBack: menu/back.wav
07:52:00.143 [FXGL Background Thread 3 ] DEBUG Engine               - soundMenuPress: menu/press.wav
07:52:00.143 [FXGL Background Thread 3 ] DEBUG Engine               - soundMenuSelect: menu/select.wav
07:52:00.143 [FXGL Background Thread 3 ] DEBUG Engine               - soundNotification: core/notification.wav
07:52:00.143 [FXGL Background Thread 3 ] DEBUG Engine               - stageStyle: DECORATED
07:52:00.143 [FXGL Background Thread 3 ] DEBUG Engine               - supportedLanguages: [ENGLISH, FRENCH, GERMAN, HUNGARIAN, RUSSIAN]
07:52:00.143 [FXGL Background Thread 3 ] DEBUG Engine               - ticksPerSecond: -1
07:52:00.143 [FXGL Background Thread 3 ] DEBUG Engine               - title: Rancher's Delight
07:52:00.143 [FXGL Background Thread 3 ] DEBUG Engine               - urlGithub: https://github.com/AlmasB/FXGL
07:52:00.143 [FXGL Background Thread 3 ] DEBUG Engine               - urlLeaderboard: http://fxgl-top.herokuapp.com/
07:52:00.143 [FXGL Background Thread 3 ] DEBUG Engine               - urlPOM: https://raw.githubusercontent.com/AlmasB/FXGL/release/README.md
07:52:00.143 [FXGL Background Thread 3 ] DEBUG Engine               - userAppClass: class com.example.ranchers_delight.GameApp
07:52:00.143 [FXGL Background Thread 3 ] DEBUG Engine               - version: 1.7
07:52:00.143 [FXGL Background Thread 3 ] DEBUG Engine               - versionCheckDays: 7
07:52:00.143 [FXGL Background Thread 3 ] DEBUG Engine               - width: 1200
07:52:00.143 [FXGL Background Thread 3 ] DEBUG Engine               - Logging services
07:52:00.143 [FXGL Background Thread 3 ] DEBUG Engine               - class com.almasb.fxgl.app.services.FXGLAssetLoaderService
07:52:00.143 [FXGL Background Thread 3 ] DEBUG Engine               - class com.almasb.fxgl.app.FXGLApplication$GameApplicationService
07:52:00.143 [FXGL Background Thread 3 ] DEBUG Engine               - class com.almasb.fxgl.app.services.FXGLDialogService
07:52:00.143 [FXGL Background Thread 3 ] DEBUG Engine               - class com.almasb.fxgl.app.services.IOTaskExecutorService
07:52:00.144 [FXGL Background Thread 3 ] DEBUG Engine               - class com.almasb.fxgl.io.FileSystemService
07:52:00.144 [FXGL Background Thread 3 ] DEBUG Engine               - class com.almasb.fxgl.localization.LocalizationService
07:52:00.144 [FXGL Background Thread 3 ] DEBUG Engine               - class com.almasb.fxgl.app.services.SystemBundleService
07:52:00.144 [FXGL Background Thread 3 ] DEBUG Engine               - class com.almasb.fxgl.profile.SaveLoadService
07:52:00.144 [FXGL Background Thread 3 ] DEBUG Engine               - class com.almasb.fxgl.ui.FXGLUIFactoryServiceProvider
07:52:00.144 [FXGL Background Thread 3 ] DEBUG Engine               - class com.almasb.fxgl.ui.FXGLDialogFactoryServiceProvider
07:52:00.144 [FXGL Background Thread 3 ] DEBUG Engine               - class com.almasb.fxgl.audio.AudioPlayer
07:52:00.144 [FXGL Background Thread 3 ] DEBUG Engine               - class com.almasb.fxgl.notification.impl.NotificationServiceProvider
07:52:00.144 [FXGL Background Thread 3 ] DEBUG Engine               - class com.almasb.fxgl.achievement.AchievementService
07:52:00.144 [FXGL Background Thread 3 ] DEBUG Engine               - class com.almasb.fxgl.cutscene.CutsceneService
07:52:00.144 [FXGL Background Thread 3 ] DEBUG Engine               - class com.almasb.fxgl.minigames.MiniGameService
07:52:00.144 [FXGL Background Thread 3 ] DEBUG Engine               - class com.almasb.fxgl.net.NetService
07:52:00.144 [FXGL Background Thread 3 ] DEBUG Engine               - class com.almasb.fxgl.app.services.UpdaterService
07:52:00.144 [FXGL Background Thread 3 ] DEBUG Engine               - class com.almasb.fxgl.dev.DevService
07:52:00.705 [JavaFX Application Thread] DEBUG PrimaryStageWindow   - Push state: MainMenu
07:52:00.705 [JavaFX Application Thread] DEBUG Input                - Clearing active input actions
07:52:00.706 [JavaFX Application Thread] DEBUG GameApplicationServi - Removing overlay from GameScene and adding to MainMenu
07:52:00.706 [JavaFX Application Thread] DEBUG PrimaryStageWindow   - GameScene -> MainMenu
07:52:01.751 [JavaFX Application Thread] DEBUG PrimaryStageWindow   - Pop state: MainMenu
07:52:01.751 [JavaFX Application Thread] DEBUG Input                - Clearing active input actions
07:52:01.752 [JavaFX Application Thread] DEBUG GameApplicationServi - Removing overlay from MainMenu and adding to GameScene
07:52:01.753 [JavaFX Application Thread] DEBUG PrimaryStageWindow   - GameScene <- MainMenu
07:52:02.178 [JavaFX Application Thread] DEBUG PrimaryStageWindow   - Push state: MainMenu
07:52:02.178 [JavaFX Application Thread] DEBUG Input                - Clearing active input actions
07:52:02.178 [JavaFX Application Thread] DEBUG GameApplicationServi - Removing overlay from GameScene and adding to MainMenu
07:52:02.178 [JavaFX Application Thread] DEBUG PrimaryStageWindow   - GameScene -> MainMenu
07:52:02.960 [JavaFX Application Thread] DEBUG PrimaryStageWindow   - Pop state: MainMenu
07:52:02.960 [JavaFX Application Thread] DEBUG Input                - Clearing active input actions
07:52:02.960 [JavaFX Application Thread] DEBUG GameApplicationServi - Removing overlay from MainMenu and adding to GameScene
07:52:02.961 [JavaFX Application Thread] DEBUG PrimaryStageWindow   - GameScene <- MainMenu
07:52:03.702 [JavaFX Application Thread] DEBUG PrimaryStageWindow   - Push state: MainMenu
07:52:03.702 [JavaFX Application Thread] DEBUG Input                - Clearing active input actions
07:52:03.702 [JavaFX Application Thread] DEBUG GameApplicationServi - Removing overlay from GameScene and adding to MainMenu
07:52:03.702 [JavaFX Application Thread] DEBUG PrimaryStageWindow   - GameScene -> MainMenu
07:52:04.375 [JavaFX Application Thread] DEBUG PrimaryStageWindow   - Pop state: MainMenu
07:52:04.375 [JavaFX Application Thread] DEBUG Input                - Clearing active input actions
07:52:04.375 [JavaFX Application Thread] DEBUG GameApplicationServi - Removing overlay from MainMenu and adding to GameScene
07:52:04.375 [JavaFX Application Thread] DEBUG PrimaryStageWindow   - GameScene <- MainMenu
07:52:06.517 [JavaFX Application Thread] DEBUG PrimaryStageWindow   - Push state: MainMenu
07:52:06.517 [JavaFX Application Thread] DEBUG Input                - Clearing active input actions
07:52:06.517 [JavaFX Application Thread] DEBUG GameApplicationServi - Removing overlay from GameScene and adding to MainMenu
07:52:06.517 [JavaFX Application Thread] DEBUG PrimaryStageWindow   - GameScene -> MainMenu
07:52:07.152 [JavaFX Application Thread] DEBUG PrimaryStageWindow   - Pop state: MainMenu
07:52:07.152 [JavaFX Application Thread] DEBUG Input                - Clearing active input actions
07:52:07.153 [JavaFX Application Thread] DEBUG GameApplicationServi - Removing overlay from MainMenu and adding to GameScene
07:52:07.153 [JavaFX Application Thread] DEBUG PrimaryStageWindow   - GameScene <- MainMenu
07:52:08.298 [JavaFX Application Thread] DEBUG PrimaryStageWindow   - Push state: MainMenu
07:52:08.298 [JavaFX Application Thread] DEBUG Input                - Clearing active input actions
07:52:08.298 [JavaFX Application Thread] DEBUG GameApplicationServi - Removing overlay from GameScene and adding to MainMenu
07:52:08.298 [JavaFX Application Thread] DEBUG PrimaryStageWindow   - GameScene -> MainMenu
07:52:12.756 [JavaFX Application Thread] DEBUG FXGLApplication      - Exiting FXGL
07:52:12.756 [JavaFX Application Thread] DEBUG LoopRunner           - Stopping loop
07:52:12.756 [JavaFX Application Thread] DEBUG SystemBundleService  - Saving FXGL system data
07:52:12.758 [JavaFX Application Thread] DEBUG FileSystemAccess     - Writing to: /home/alex/IdeaProjects/ranchers_delight/system/fxgl.bundle
07:52:12.758 [JavaFX Application Thread] DEBUG Async                - Shutting down background threads
07:52:12.758 [JavaFX Application Thread] DEBUG PrimaryStageWindow   - Closing main window
07:52:12.760 [JavaFX Application Thread] DEBUG Logger               - Closing Logger
