07:43:17.423 [main                     ] DEBUG Logger               - Configured Logger
07:43:17.433 [main                     ] DEBUG GameApplication      - Logging settings
Title: Rancher's Delight
Version: 1.7
Width: 1200
Height: 1000
Fullscreen: false
Intro: false
Profiling: false
Single step:false
App Mode: DEVELOPER
Menu Key: ESCAPE
Stage Style: DECORATED
Scene Factory: class com.almasb.fxgl.app.scene.SceneFactory

07:43:17.749 [JavaFX Application Thread] DEBUG FXGLApplication      - Initializing FXGL
07:43:17.752 [JavaFX Application Thread] INFO  Engine               - FXGL-17.3 (30.03.2023 11.49) on LINUX (J:25.0.2 FX:21.0.6)
07:43:17.752 [JavaFX Application Thread] DEBUG Engine               - JRE Vendor Name: Oracle Corporation
07:43:17.753 [JavaFX Application Thread] DEBUG Engine               - Running on OS: Linux version 6.19.9-arch1-1
07:43:17.753 [JavaFX Application Thread] DEBUG Engine               - Architecture: amd64
07:43:17.753 [JavaFX Application Thread] INFO  Engine               - Source code and latest versions at: https://github.com/AlmasB/FXGL
07:43:17.753 [JavaFX Application Thread] INFO  Engine               -       Ask questions and discuss at: https://github.com/AlmasB/FXGL/discussions
07:43:17.753 [JavaFX Application Thread] INFO  Engine               -              Join the FXGL chat at: https://gitter.im/AlmasB/FXGL
07:43:17.845 [JavaFX Application Thread] DEBUG PrimaryStageWindow   - Creating a JavaFX scene
07:43:17.890 [JavaFX Application Thread] DEBUG PrimaryStageWindow   - Target settings size: 1200.0 x 1000.0
07:43:17.890 [JavaFX Application Thread] DEBUG PrimaryStageWindow   - Scaled scene size:    1200.0 x 1000.0
07:43:17.890 [JavaFX Application Thread] DEBUG PrimaryStageWindow   - Scaled ratio: (1.0, 1.0)
07:43:17.891 [JavaFX Application Thread] DEBUG PrimaryStageWindow   - Set initial scene to FXGLStartupScene
07:43:17.895 [JavaFX Application Thread] DEBUG PrimaryStageWindow   - Opening main window
07:43:17.981 [JavaFX Application Thread] DEBUG PrimaryStageWindow   - Window border size: (0.0, 35.0)
07:43:17.981 [JavaFX Application Thread] DEBUG PrimaryStageWindow   - Scaled size: 1200.0 x 965.0
07:43:17.981 [JavaFX Application Thread] DEBUG PrimaryStageWindow   - Scaled ratio: (0.965, 0.965)
07:43:17.982 [JavaFX Application Thread] DEBUG PrimaryStageWindow   - Scene size: 1200.0 x 1000.0
07:43:17.982 [JavaFX Application Thread] DEBUG PrimaryStageWindow   - Stage size: 1200.0 x 1000.0
07:43:17.987 [FXGL Background Thread 1 ] DEBUG Engine               - Initializing environment variables
07:43:18.020 [FXGL Background Thread 1 ] DEBUG FXGLAssetLoaderServi - User app class for loading assets: class com.example.ranchers_delight.GameApp
07:43:18.021 [FXGL Background Thread 1 ] DEBUG GameApplicationServi - Applying CSS: fxgl_dark.css
07:43:18.021 [FXGL Background Thread 1 ] DEBUG FXGLAssetLoaderServi - Loading from file system: jar:file:///home/alex/.m2/repository/com/github/almasb/fxgl/17.3/fxgl-17.3.jar!/fxglassets/ui/css/fxgl_dark.css
07:43:18.072 [FXGL Background Thread 1 ] DEBUG GameApplicationServi - Initializing application scenes
07:43:18.104 [FXGL Background Thread 1 ] DEBUG GameWorld            - Game world initialized
07:43:18.145 [FXGL Background Thread 1 ] DEBUG PhysicsWorld         - Physics world initialized: appHeight=1000, physics.ppm=50.0
07:43:18.146 [FXGL Background Thread 1 ] DEBUG PhysicsWorld         - Using strategy: BRUTE_FORCE
07:43:18.149 [FXGL Background Thread 1 ] DEBUG GameScene            - Game scene initialized: 1200x1000
07:43:18.159 [FXGL Background Thread 1 ] DEBUG FXGL.DefaultMenu     - createMenuBodyGameMenu()
07:43:18.170 [FXGL Background Thread 1 ] DEBUG FXGL.DefaultMenu     - createOptionsMenu()
07:43:18.182 [FXGL Background Thread 1 ] DEBUG FXGLAssetLoaderServi - Loading from file system: jar:file:///home/alex/.m2/repository/com/github/almasb/fxgl/17.3/fxgl-17.3.jar!/fxglassets/textures/particles/smoke.png
07:43:18.257 [FXGL Background Thread 1 ] DEBUG FXGLAssetLoaderServi - Loading from file system: jar:file:///home/alex/.m2/repository/com/github/almasb/fxgl/17.3/fxgl-17.3.jar!/fxglassets/textures/particles/trace_horizontal.png
07:43:18.282 [FXGL Background Thread 1 ] DEBUG GameApplicationServi - Application scenes initialized
07:43:18.292 [FXGL Background Thread 1 ] DEBUG SystemBundleService  - Loading FXGL system data
07:43:18.293 [FXGL Background Thread 1 ] DEBUG FileSystemAccess     - Reading from: /home/alex/IdeaProjects/ranchers_delight/system/fxgl.bundle
07:43:18.295 [FXGL Background Thread 1 ] DEBUG SystemBundleService  - Bundle FXGL: {}
07:43:18.295 [FXGL Background Thread 1 ] DEBUG UpdaterService       - Checking for updates
07:43:18.298 [FXGL Background Thread 4 ] DEBUG FXGLApplication      - Loading fonts
07:43:18.298 [FXGL Background Thread 4 ] DEBUG FXGLAssetLoaderServi - Loading from file system: jar:file:///home/alex/.m2/repository/com/github/almasb/fxgl/17.3/fxgl-17.3.jar!/fxglassets/ui/fonts/VarelaRound-Regular.ttf
07:43:18.299 [FXGL Background Thread 1 ] DEBUG FXGLApplication      - Loading default localization
07:43:18.299 [FXGL Background Thread 1 ] DEBUG FXGLAssetLoaderServi - Loading from file system: jar:file:///home/alex/.m2/repository/com/github/almasb/fxgl/17.3/fxgl-17.3.jar!/fxglassets/languages/english.lang
07:43:18.303 [FXGL Background Thread 4 ] DEBUG FXGLAssetLoaderServi - Loading from file system: jar:file:///home/alex/.m2/repository/com/github/almasb/fxgl/17.3/fxgl-17.3.jar!/fxglassets/ui/fonts/Abel-Regular.ttf
07:43:18.304 [FXGL Background Thread 4 ] DEBUG FXGLAssetLoaderServi - Loading from file system: jar:file:///home/alex/.m2/repository/com/github/almasb/fxgl/17.3/fxgl-17.3.jar!/fxglassets/ui/fonts/TerminalLandMono-Regular.otf
07:43:18.305 [FXGL Background Thread 4 ] DEBUG FXGLAssetLoaderServi - Loading from file system: jar:file:///home/alex/.m2/repository/com/github/almasb/fxgl/17.3/fxgl-17.3.jar!/fxglassets/ui/fonts/Courier-Prime.ttf
07:43:18.309 [JavaFX Application Thread] DEBUG FXGLApplication      - Registering font factories with UI factory
07:43:18.313 [FXGL Background Thread 1 ] INFO  FXGLApplication      - FXGL initialization took: 0.326 sec
07:43:18.319 [JavaFX Application Thread] DEBUG Input                - Registered new binding: action0 - W
07:43:18.320 [JavaFX Application Thread] DEBUG Input                - Registered new binding: action1 - S
07:43:18.320 [JavaFX Application Thread] DEBUG Input                - Registered new binding: action2 - A
07:43:18.321 [JavaFX Application Thread] DEBUG Input                - Registered new binding: action3 - D
07:43:18.322 [JavaFX Application Thread] DEBUG Input                - Registered new binding: action4 - 1
07:43:18.322 [JavaFX Application Thread] DEBUG Input                - Registered new binding: action5 - 2
07:43:18.322 [JavaFX Application Thread] DEBUG Input                - Registered new binding: action6 - 3
07:43:18.322 [JavaFX Application Thread] DEBUG Input                - Registered new binding: action7 - 4
07:43:18.322 [JavaFX Application Thread] DEBUG Input                - Registered new binding: action8 - 5
07:43:18.322 [JavaFX Application Thread] DEBUG Input                - Registered new binding: action9 - 6
07:43:18.323 [JavaFX Application Thread] DEBUG FXGLAssetLoaderServi - Loading from file system: jar:file:///home/alex/.m2/repository/com/github/almasb/fxgl/17.3/fxgl-17.3.jar!/fxglassets/textures/fxgl_icon.png
07:43:18.358 [JavaFX Application Thread] DEBUG FXGLAssetLoaderServi - Loading from file system: jar:file:///home/alex/.m2/repository/com/github/almasb/fxgl/17.3/fxgl-17.3.jar!/fxglassets/textures/fxgl_default_cursor.png
07:43:18.359 [JavaFX Application Thread] DEBUG Input                - Registered new binding: Screenshot - CTRL+8
07:43:18.360 [JavaFX Application Thread] DEBUG Input                - Registered new binding: System info dump - CTRL+9
07:43:18.360 [JavaFX Application Thread] DEBUG Input                - Registered new binding: Restart - CTRL+R
07:43:18.360 [JavaFX Application Thread] DEBUG Input                - Registered new binding: Toggle Debug Camera - CTRL+7
07:43:18.362 [JavaFX Application Thread] DEBUG LoopRunner           - Starting loop
07:43:18.362 [JavaFX Application Thread] DEBUG LoopRunner           - Initializing JavaFX AnimationTimerLoop
07:43:18.363 [JavaFX Application Thread] DEBUG GameApplicationServi - Starting new game
07:43:18.364 [JavaFX Application Thread] DEBUG Input                - Clearing active input actions
07:43:18.372 [JavaFX Application Thread] DEBUG GameApplicationServi - Removing overlay from FXGLStartupScene and adding to FXGLLoadingScene
07:43:18.372 [JavaFX Application Thread] DEBUG PrimaryStageWindow   - FXGLStartupScene -> FXGLLoadingScene
07:43:18.372 [JavaFX Application Thread] DEBUG GameApplicationServi - Clearing previous game
07:43:18.372 [JavaFX Application Thread] DEBUG GameScene            - Clearing game scene
07:43:18.372 [JavaFX Application Thread] DEBUG GameWorld            - Clearing game world
07:43:18.372 [JavaFX Application Thread] DEBUG PhysicsWorld         - Clearing physics world
07:43:18.374 [FXGL Background Thread 1 ] DEBUG FXGLApplication      - Initializing game
07:43:18.649 [FXGL Background Thread 1 ] INFO  FXGLApplication      - Game initialization took: 0.275 sec
07:43:18.653 [JavaFX Application Thread] DEBUG Input                - Clearing active input actions
07:43:18.730 [JavaFX Application Thread] DEBUG GameApplicationServi - Removing overlay from FXGLLoadingScene and adding to GameScene
07:43:18.731 [JavaFX Application Thread] DEBUG PrimaryStageWindow   - FXGLLoadingScene -> GameScene
07:43:18.885 [FXGL Background Thread 2 ] INFO  UpdaterService       - Your current version:  17.3
07:43:18.886 [FXGL Background Thread 2 ] INFO  UpdaterService       - Latest stable version: 25
07:43:19.069 [JavaFX Application Thread] DEBUG PrimaryStageWindow   - Push state: MainMenu
07:43:19.069 [JavaFX Application Thread] DEBUG Input                - Clearing active input actions
07:43:19.070 [JavaFX Application Thread] DEBUG GameApplicationServi - Removing overlay from GameScene and adding to MainMenu
07:43:19.070 [JavaFX Application Thread] DEBUG PrimaryStageWindow   - GameScene -> MainMenu
07:43:19.585 [JavaFX Application Thread] DEBUG FXGLApplication      - Exiting FXGL
07:43:19.585 [JavaFX Application Thread] DEBUG LoopRunner           - Stopping loop
07:43:19.585 [JavaFX Application Thread] DEBUG SystemBundleService  - Saving FXGL system data
07:43:19.587 [JavaFX Application Thread] DEBUG FileSystemAccess     - Writing to: /home/alex/IdeaProjects/ranchers_delight/system/fxgl.bundle
07:43:19.588 [JavaFX Application Thread] DEBUG Async                - Shutting down background threads
07:43:19.588 [JavaFX Application Thread] DEBUG PrimaryStageWindow   - Closing main window
07:43:19.591 [JavaFX Application Thread] DEBUG Logger               - Closing Logger
