19:50:02.840 [main                     ] DEBUG Logger               - Configured Logger
19:50:02.851 [main                     ] DEBUG GameApplication      - Logging settings
Title: Rancher's Delight
Version: 1.7
Width: 1200
Height: 1000
Fullscreen: false
Intro: false
Profiling: false
Single step:false
App Mode: DEVELOPER
Menu Key: ESCAPE
Stage Style: DECORATED
Scene Factory: class com.almasb.fxgl.app.scene.SceneFactory

19:50:03.134 [JavaFX Application Thread] DEBUG FXGLApplication      - Initializing FXGL
19:50:03.138 [JavaFX Application Thread] INFO  Engine               - FXGL-17.3 (30.03.2023 11.49) on LINUX (J:25.0.2 FX:21.0.6)
19:50:03.138 [JavaFX Application Thread] DEBUG Engine               - JRE Vendor Name: Oracle Corporation
19:50:03.138 [JavaFX Application Thread] DEBUG Engine               - Running on OS: Linux version 6.19.10-arch1-1
19:50:03.138 [JavaFX Application Thread] DEBUG Engine               - Architecture: amd64
19:50:03.138 [JavaFX Application Thread] INFO  Engine               - Source code and latest versions at: https://github.com/AlmasB/FXGL
19:50:03.138 [JavaFX Application Thread] INFO  Engine               -       Ask questions and discuss at: https://github.com/AlmasB/FXGL/discussions
19:50:03.138 [JavaFX Application Thread] INFO  Engine               -              Join the FXGL chat at: https://gitter.im/AlmasB/FXGL
19:50:03.230 [JavaFX Application Thread] DEBUG PrimaryStageWindow   - Creating a JavaFX scene
19:50:03.273 [JavaFX Application Thread] DEBUG PrimaryStageWindow   - Target settings size: 1200.0 x 1000.0
19:50:03.273 [JavaFX Application Thread] DEBUG PrimaryStageWindow   - Scaled scene size:    1200.0 x 1000.0
19:50:03.273 [JavaFX Application Thread] DEBUG PrimaryStageWindow   - Scaled ratio: (1.0, 1.0)
19:50:03.274 [JavaFX Application Thread] DEBUG PrimaryStageWindow   - Set initial scene to FXGLStartupScene
19:50:03.278 [JavaFX Application Thread] DEBUG PrimaryStageWindow   - Opening main window
19:50:03.358 [JavaFX Application Thread] DEBUG PrimaryStageWindow   - Window border size: (0.0, 35.0)
19:50:03.358 [JavaFX Application Thread] DEBUG PrimaryStageWindow   - Scaled size: 1200.0 x 965.0
19:50:03.358 [JavaFX Application Thread] DEBUG PrimaryStageWindow   - Scaled ratio: (0.965, 0.965)
19:50:03.358 [JavaFX Application Thread] DEBUG PrimaryStageWindow   - Scene size: 1200.0 x 1000.0
19:50:03.358 [JavaFX Application Thread] DEBUG PrimaryStageWindow   - Stage size: 1200.0 x 1000.0
19:50:03.363 [FXGL Background Thread 1 ] DEBUG Engine               - Initializing environment variables
19:50:03.396 [FXGL Background Thread 1 ] DEBUG FXGLAssetLoaderServi - User app class for loading assets: class com.example.ranchers_delight.GameApp
19:50:03.397 [FXGL Background Thread 1 ] DEBUG GameApplicationServi - Applying CSS: fxgl_dark.css
19:50:03.398 [FXGL Background Thread 1 ] DEBUG FXGLAssetLoaderServi - Loading from file system: jar:file:///home/alex/.m2/repository/com/github/almasb/fxgl/17.3/fxgl-17.3.jar!/fxglassets/ui/css/fxgl_dark.css
19:50:03.447 [FXGL Background Thread 1 ] DEBUG GameApplicationServi - Initializing application scenes
19:50:03.489 [FXGL Background Thread 1 ] DEBUG GameWorld            - Game world initialized
19:50:03.537 [FXGL Background Thread 1 ] DEBUG PhysicsWorld         - Physics world initialized: appHeight=1000, physics.ppm=50.0
19:50:03.537 [FXGL Background Thread 1 ] DEBUG PhysicsWorld         - Using strategy: BRUTE_FORCE
19:50:03.541 [FXGL Background Thread 1 ] DEBUG GameScene            - Game scene initialized: 1200x1000
19:50:03.552 [FXGL Background Thread 1 ] DEBUG FXGL.DefaultMenu     - createMenuBodyGameMenu()
19:50:03.569 [FXGL Background Thread 1 ] DEBUG FXGL.DefaultMenu     - createOptionsMenu()
19:50:03.579 [FXGL Background Thread 1 ] DEBUG FXGLAssetLoaderServi - Loading from file system: jar:file:///home/alex/.m2/repository/com/github/almasb/fxgl/17.3/fxgl-17.3.jar!/fxglassets/textures/particles/smoke.png
19:50:03.659 [FXGL Background Thread 1 ] DEBUG FXGLAssetLoaderServi - Loading from file system: jar:file:///home/alex/.m2/repository/com/github/almasb/fxgl/17.3/fxgl-17.3.jar!/fxglassets/textures/particles/trace_horizontal.png
19:50:03.687 [FXGL Background Thread 1 ] DEBUG GameApplicationServi - Application scenes initialized
19:50:03.700 [FXGL Background Thread 1 ] DEBUG SystemBundleService  - Loading FXGL system data
19:50:03.701 [FXGL Background Thread 1 ] DEBUG FileSystemAccess     - Reading from: /home/alex/IdeaProjects/ranchers_delight/system/fxgl.bundle
19:50:03.703 [FXGL Background Thread 1 ] DEBUG SystemBundleService  - Bundle FXGL: {}
19:50:03.703 [FXGL Background Thread 1 ] DEBUG UpdaterService       - Checking for updates
19:50:03.707 [FXGL Background Thread 4 ] DEBUG FXGLApplication      - Loading fonts
19:50:03.708 [FXGL Background Thread 4 ] DEBUG FXGLAssetLoaderServi - Loading from file system: jar:file:///home/alex/.m2/repository/com/github/almasb/fxgl/17.3/fxgl-17.3.jar!/fxglassets/ui/fonts/VarelaRound-Regular.ttf
19:50:03.708 [FXGL Background Thread 1 ] DEBUG FXGLApplication      - Loading default localization
19:50:03.709 [FXGL Background Thread 1 ] DEBUG FXGLAssetLoaderServi - Loading from file system: jar:file:///home/alex/.m2/repository/com/github/almasb/fxgl/17.3/fxgl-17.3.jar!/fxglassets/languages/english.lang
19:50:03.712 [FXGL Background Thread 4 ] DEBUG FXGLAssetLoaderServi - Loading from file system: jar:file:///home/alex/.m2/repository/com/github/almasb/fxgl/17.3/fxgl-17.3.jar!/fxglassets/ui/fonts/Abel-Regular.ttf
19:50:03.714 [FXGL Background Thread 4 ] DEBUG FXGLAssetLoaderServi - Loading from file system: jar:file:///home/alex/.m2/repository/com/github/almasb/fxgl/17.3/fxgl-17.3.jar!/fxglassets/ui/fonts/TerminalLandMono-Regular.otf
19:50:03.715 [FXGL Background Thread 4 ] DEBUG FXGLAssetLoaderServi - Loading from file system: jar:file:///home/alex/.m2/repository/com/github/almasb/fxgl/17.3/fxgl-17.3.jar!/fxglassets/ui/fonts/Courier-Prime.ttf
19:50:03.719 [JavaFX Application Thread] DEBUG FXGLApplication      - Registering font factories with UI factory
19:50:03.723 [FXGL Background Thread 1 ] INFO  FXGLApplication      - FXGL initialization took: 0.360 sec
19:50:03.732 [JavaFX Application Thread] DEBUG Input                - Registered new binding: action0 - W
19:50:03.732 [JavaFX Application Thread] DEBUG Input                - Registered new binding: action1 - S
19:50:03.733 [JavaFX Application Thread] DEBUG Input                - Registered new binding: action2 - A
19:50:03.734 [JavaFX Application Thread] DEBUG Input                - Registered new binding: action3 - D
19:50:03.735 [JavaFX Application Thread] DEBUG Input                - Registered new binding: action4 - E
19:50:03.737 [JavaFX Application Thread] DEBUG Input                - Registered new binding: action5 - LMB
19:50:03.739 [JavaFX Application Thread] DEBUG Input                - Registered new binding: action6 - Esc
19:50:03.741 [JavaFX Application Thread] DEBUG Input                - Registered new binding: action7 - 1
19:50:03.741 [JavaFX Application Thread] DEBUG Input                - Registered new binding: action8 - 2
19:50:03.741 [JavaFX Application Thread] DEBUG Input                - Registered new binding: action9 - 3
19:50:03.741 [JavaFX Application Thread] DEBUG Input                - Registered new binding: action10 - 4
19:50:03.742 [JavaFX Application Thread] DEBUG Input                - Registered new binding: action11 - 5
19:50:03.742 [JavaFX Application Thread] DEBUG Input                - Registered new binding: action12 - 6
19:50:03.742 [JavaFX Application Thread] DEBUG Input                - Registered new binding: action13 - 7
19:50:03.742 [JavaFX Application Thread] DEBUG Input                - Registered new binding: action14 - 8
19:50:03.742 [JavaFX Application Thread] DEBUG Input                - Registered new binding: action15 - 9
19:50:03.743 [JavaFX Application Thread] DEBUG Input                - Registered new binding: action16 - 0
19:50:03.743 [JavaFX Application Thread] DEBUG FXGLAssetLoaderServi - Loading from file system: jar:file:///home/alex/.m2/repository/com/github/almasb/fxgl/17.3/fxgl-17.3.jar!/fxglassets/textures/fxgl_icon.png
19:50:03.776 [JavaFX Application Thread] DEBUG FXGLAssetLoaderServi - Loading from file system: jar:file:///home/alex/.m2/repository/com/github/almasb/fxgl/17.3/fxgl-17.3.jar!/fxglassets/textures/fxgl_default_cursor.png
19:50:03.778 [JavaFX Application Thread] DEBUG Input                - Registered new binding: Screenshot - CTRL+8
19:50:03.779 [JavaFX Application Thread] DEBUG Input                - Registered new binding: System info dump - CTRL+9
19:50:03.779 [JavaFX Application Thread] DEBUG Input                - Registered new binding: Restart - CTRL+R
19:50:03.779 [JavaFX Application Thread] DEBUG Input                - Registered new binding: Toggle Debug Camera - CTRL+7
19:50:03.782 [JavaFX Application Thread] DEBUG LoopRunner           - Starting loop
19:50:03.782 [JavaFX Application Thread] DEBUG LoopRunner           - Initializing JavaFX AnimationTimerLoop
19:50:03.783 [JavaFX Application Thread] DEBUG GameApplicationServi - Starting new game
19:50:03.784 [JavaFX Application Thread] DEBUG Input                - Clearing active input actions
19:50:03.795 [JavaFX Application Thread] DEBUG GameApplicationServi - Removing overlay from FXGLStartupScene and adding to FXGLLoadingScene
19:50:03.796 [JavaFX Application Thread] DEBUG PrimaryStageWindow   - FXGLStartupScene -> FXGLLoadingScene
19:50:03.796 [JavaFX Application Thread] DEBUG GameApplicationServi - Clearing previous game
19:50:03.796 [JavaFX Application Thread] DEBUG GameScene            - Clearing game scene
19:50:03.796 [JavaFX Application Thread] DEBUG GameWorld            - Clearing game world
19:50:03.796 [JavaFX Application Thread] DEBUG PhysicsWorld         - Clearing physics world
19:50:03.798 [FXGL Background Thread 1 ] DEBUG FXGLApplication      - Initializing game
19:50:03.811 [FXGL Background Thread 1 ] INFO  FXGLApplication      - Game initialization took: 0.014 sec
19:50:03.918 [JavaFX Application Thread] DEBUG Input                - Clearing active input actions
19:50:03.932 [JavaFX Application Thread] DEBUG GameApplicationServi - Removing overlay from FXGLLoadingScene and adding to GameScene
19:50:03.932 [JavaFX Application Thread] DEBUG PrimaryStageWindow   - FXGLLoadingScene -> GameScene
19:50:04.035 [JavaFX Application Thread] DEBUG PrimaryStageWindow   - Push state: MainMenu
19:50:04.035 [JavaFX Application Thread] DEBUG Input                - Clearing active input actions
19:50:04.037 [JavaFX Application Thread] DEBUG GameApplicationServi - Removing overlay from GameScene and adding to MainMenu
19:50:04.037 [JavaFX Application Thread] DEBUG PrimaryStageWindow   - GameScene -> MainMenu
19:50:04.328 [FXGL Background Thread 2 ] INFO  UpdaterService       - Your current version:  17.3
19:50:04.328 [FXGL Background Thread 2 ] INFO  UpdaterService       - Latest stable version: 25
19:50:05.176 [JavaFX Application Thread] DEBUG PrimaryStageWindow   - Pop state: MainMenu
19:50:05.176 [JavaFX Application Thread] DEBUG Input                - Clearing active input actions
19:50:05.176 [JavaFX Application Thread] DEBUG GameApplicationServi - Removing overlay from MainMenu and adding to GameScene
19:50:05.177 [JavaFX Application Thread] DEBUG PrimaryStageWindow   - GameScene <- MainMenu
19:50:06.706 [FXGL Background Thread 3 ] DEBUG Engine               - Logging environment variables
19:50:06.706 [FXGL Background Thread 3 ] DEBUG Engine               - achievements: []
19:50:06.707 [FXGL Background Thread 3 ] DEBUG Engine               - actualHeight: 965.0
19:50:06.707 [FXGL Background Thread 3 ] DEBUG Engine               - actualHeightProperty: ReadOnlyDoubleProperty [value: 1013.0]
19:50:06.707 [FXGL Background Thread 3 ] DEBUG Engine               - actualWidth: 1200.0
19:50:06.707 [FXGL Background Thread 3 ] DEBUG Engine               - actualWidthProperty: ReadOnlyDoubleProperty [value: 936.0]
19:50:06.707 [FXGL Background Thread 3 ] DEBUG Engine               - appIcon: fxgl_icon.png
19:50:06.707 [FXGL Background Thread 3 ] DEBUG Engine               - applicationMode: DEVELOPER
19:50:06.707 [FXGL Background Thread 3 ] DEBUG Engine               - cSSList: [fxgl_dark.css]
19:50:06.707 [FXGL Background Thread 3 ] DEBUG Engine               - collisionDetectionStrategy: BRUTE_FORCE
19:50:06.707 [FXGL Background Thread 3 ] DEBUG Engine               - configClass: Optional.empty
19:50:06.707 [FXGL Background Thread 3 ] DEBUG Engine               - credits: []
19:50:06.708 [FXGL Background Thread 3 ] DEBUG Engine               - defaultCursor: CursorInfo(imageName=fxgl_default_cursor.png, hotspotX=7.0, hotspotY=6.0)
19:50:06.708 [FXGL Background Thread 3 ] DEBUG Engine               - devBBoxColorProperty: ObjectProperty [value: 0xff0000ff]
19:50:06.708 [FXGL Background Thread 3 ] DEBUG Engine               - devEnableDebugCameraProperty: BooleanProperty [value: false]
19:50:06.708 [FXGL Background Thread 3 ] DEBUG Engine               - devSensorColorProperty: ObjectProperty [value: 0xffff00ff]
19:50:06.708 [FXGL Background Thread 3 ] DEBUG Engine               - devShowBBoxProperty: BooleanProperty [value: false]
19:50:06.708 [FXGL Background Thread 3 ] DEBUG Engine               - devShowPositionProperty: BooleanProperty [value: false]
19:50:06.708 [FXGL Background Thread 3 ] DEBUG Engine               - enabledMenuItems: []
19:50:06.708 [FXGL Background Thread 3 ] DEBUG Engine               - engineServices: [class com.almasb.fxgl.app.services.FXGLAssetLoaderService, class com.almasb.fxgl.app.FXGLApplication$GameApplicationService, class com.almasb.fxgl.app.services.FXGLDialogService, class com.almasb.fxgl.app.services.IOTaskExecutorService, class com.almasb.fxgl.io.FileSystemService, class com.almasb.fxgl.localization.LocalizationService, class com.almasb.fxgl.app.services.SystemBundleService, class com.almasb.fxgl.profile.SaveLoadService, class com.almasb.fxgl.ui.FXGLUIFactoryServiceProvider, class com.almasb.fxgl.ui.FXGLDialogFactoryServiceProvider, class com.almasb.fxgl.audio.AudioPlayer, class com.almasb.fxgl.notification.impl.NotificationServiceProvider, class com.almasb.fxgl.achievement.AchievementService, class com.almasb.fxgl.cutscene.CutsceneService, class com.almasb.fxgl.minigames.MiniGameService, class com.almasb.fxgl.net.NetService, class com.almasb.fxgl.app.services.UpdaterService, class com.almasb.fxgl.dev.DevService]
19:50:06.708 [FXGL Background Thread 3 ] DEBUG Engine               - fontGame: Abel-Regular.ttf
19:50:06.709 [FXGL Background Thread 3 ] DEBUG Engine               - fontMono: TerminalLandMono-Regular.otf
19:50:06.709 [FXGL Background Thread 3 ] DEBUG Engine               - fontSizeScaleUI: 1.0
19:50:06.709 [FXGL Background Thread 3 ] DEBUG Engine               - fontText: Courier-Prime.ttf
19:50:06.709 [FXGL Background Thread 3 ] DEBUG Engine               - fontUI: VarelaRound-Regular.ttf
19:50:06.709 [FXGL Background Thread 3 ] DEBUG Engine               - fullScreen: BooleanProperty [value: false]
19:50:06.709 [FXGL Background Thread 3 ] DEBUG Engine               - gameDifficulty: MEDIUM
19:50:06.709 [FXGL Background Thread 3 ] DEBUG Engine               - gameDifficultyProperty: ObjectProperty [value: MEDIUM]
19:50:06.709 [FXGL Background Thread 3 ] DEBUG Engine               - globalMusicVolume: 0.5
19:50:06.709 [FXGL Background Thread 3 ] DEBUG Engine               - globalMusicVolumeProperty: DoubleProperty [value: 0.5]
19:50:06.709 [FXGL Background Thread 3 ] DEBUG Engine               - globalSoundVolume: 0.5
19:50:06.710 [FXGL Background Thread 3 ] DEBUG Engine               - globalSoundVolumeProperty: DoubleProperty [value: 0.5]
19:50:06.710 [FXGL Background Thread 3 ] DEBUG Engine               - height: 1000
19:50:06.710 [FXGL Background Thread 3 ] DEBUG Engine               - is3D: false
19:50:06.710 [FXGL Background Thread 3 ] DEBUG Engine               - isAndroid: false
19:50:06.710 [FXGL Background Thread 3 ] DEBUG Engine               - isBrowser: false
19:50:06.710 [FXGL Background Thread 3 ] DEBUG Engine               - isClickFeedbackEnabled: false
19:50:06.710 [FXGL Background Thread 3 ] DEBUG Engine               - isCloseConfirmation: false
19:50:06.711 [FXGL Background Thread 3 ] DEBUG Engine               - isDesktop: true
19:50:06.711 [FXGL Background Thread 3 ] DEBUG Engine               - isDeveloperMenuEnabled: false
19:50:06.711 [FXGL Background Thread 3 ] DEBUG Engine               - isEmbedded: false
19:50:06.711 [FXGL Background Thread 3 ] DEBUG Engine               - isEntityPreloadEnabled: true
19:50:06.711 [FXGL Background Thread 3 ] DEBUG Engine               - isExperimentalTiledLargeMap: false
19:50:06.711 [FXGL Background Thread 3 ] DEBUG Engine               - isFileSystemWriteAllowed: true
19:50:06.711 [FXGL Background Thread 3 ] DEBUG Engine               - isFullScreenAllowed: false
19:50:06.711 [FXGL Background Thread 3 ] DEBUG Engine               - isFullScreenFromStart: false
19:50:06.711 [FXGL Background Thread 3 ] DEBUG Engine               - isGameMenuEnabled: true
19:50:06.711 [FXGL Background Thread 3 ] DEBUG Engine               - isIOS: false
19:50:06.711 [FXGL Background Thread 3 ] DEBUG Engine               - isIntroEnabled: false
19:50:06.711 [FXGL Background Thread 3 ] DEBUG Engine               - isLinux: true
19:50:06.711 [FXGL Background Thread 3 ] DEBUG Engine               - isMac: false
19:50:06.711 [FXGL Background Thread 3 ] DEBUG Engine               - isMainMenuEnabled: false
19:50:06.711 [FXGL Background Thread 3 ] DEBUG Engine               - isManualResizeEnabled: true
19:50:06.711 [FXGL Background Thread 3 ] DEBUG Engine               - isMobile: false
19:50:06.711 [FXGL Background Thread 3 ] DEBUG Engine               - isNative: false
19:50:06.711 [FXGL Background Thread 3 ] DEBUG Engine               - isPauseMusicWhenMinimized: true
19:50:06.711 [FXGL Background Thread 3 ] DEBUG Engine               - isPreserveResizeRatio: true
19:50:06.711 [FXGL Background Thread 3 ] DEBUG Engine               - isProfilingEnabled: false
19:50:06.712 [FXGL Background Thread 3 ] DEBUG Engine               - isScaleAffectedOnResize: true
19:50:06.712 [FXGL Background Thread 3 ] DEBUG Engine               - isSingleStep: false
19:50:06.712 [FXGL Background Thread 3 ] DEBUG Engine               - isUserProfileEnabled: false
19:50:06.712 [FXGL Background Thread 3 ] DEBUG Engine               - isWindows: false
19:50:06.712 [FXGL Background Thread 3 ] DEBUG Engine               - language: ObjectProperty [value: ENGLISH]
19:50:06.712 [FXGL Background Thread 3 ] DEBUG Engine               - menuKey: ESCAPE
19:50:06.712 [FXGL Background Thread 3 ] DEBUG Engine               - mouseSensitivity: 0.2
19:50:06.712 [FXGL Background Thread 3 ] DEBUG Engine               - notificationViewClass: class com.almasb.fxgl.notification.view.XboxNotificationView
19:50:06.712 [FXGL Background Thread 3 ] DEBUG Engine               - pixelsPerMeter: 50.0
19:50:06.712 [FXGL Background Thread 3 ] DEBUG Engine               - platform: LINUX
19:50:06.712 [FXGL Background Thread 3 ] DEBUG Engine               - prefHeightProperty: ReadOnlyDoubleProperty [value: 1000.0]
19:50:06.712 [FXGL Background Thread 3 ] DEBUG Engine               - prefWidthProperty: ReadOnlyDoubleProperty [value: 1200.0]
19:50:06.712 [FXGL Background Thread 3 ] DEBUG Engine               - profileDir: profiles/
19:50:06.712 [FXGL Background Thread 3 ] DEBUG Engine               - profileName: StringProperty [value: DEFAULT]
19:50:06.712 [FXGL Background Thread 3 ] DEBUG Engine               - randomSeed: -1
19:50:06.713 [FXGL Background Thread 3 ] DEBUG Engine               - runtimeInfo: RuntimeInfo(platform=LINUX, version=17.3, build=30.03.2023 11.49)
19:50:06.713 [FXGL Background Thread 3 ] DEBUG Engine               - saveFileExt: sav
19:50:06.713 [FXGL Background Thread 3 ] DEBUG Engine               - scaledHeightProp$fxgl: DoubleProperty [bound, value: 1013.0]
19:50:06.713 [FXGL Background Thread 3 ] DEBUG Engine               - scaledWidthProp$fxgl: DoubleProperty [bound, value: 936.0]
19:50:06.713 [FXGL Background Thread 3 ] DEBUG Engine               - sceneFactory: com.almasb.fxgl.app.scene.SceneFactory@67b1f8ab
19:50:06.713 [FXGL Background Thread 3 ] DEBUG Engine               - secondsIn24h: 60
19:50:06.713 [FXGL Background Thread 3 ] DEBUG Engine               - soundMenuBack: menu/back.wav
19:50:06.713 [FXGL Background Thread 3 ] DEBUG Engine               - soundMenuPress: menu/press.wav
19:50:06.713 [FXGL Background Thread 3 ] DEBUG Engine               - soundMenuSelect: menu/select.wav
19:50:06.713 [FXGL Background Thread 3 ] DEBUG Engine               - soundNotification: core/notification.wav
19:50:06.713 [FXGL Background Thread 3 ] DEBUG Engine               - stageStyle: DECORATED
19:50:06.713 [FXGL Background Thread 3 ] DEBUG Engine               - supportedLanguages: [ENGLISH, FRENCH, GERMAN, HUNGARIAN, RUSSIAN]
19:50:06.713 [FXGL Background Thread 3 ] DEBUG Engine               - ticksPerSecond: -1
19:50:06.713 [FXGL Background Thread 3 ] DEBUG Engine               - title: Rancher's Delight
19:50:06.713 [FXGL Background Thread 3 ] DEBUG Engine               - urlGithub: https://github.com/AlmasB/FXGL
19:50:06.713 [FXGL Background Thread 3 ] DEBUG Engine               - urlLeaderboard: http://fxgl-top.herokuapp.com/
19:50:06.713 [FXGL Background Thread 3 ] DEBUG Engine               - urlPOM: https://raw.githubusercontent.com/AlmasB/FXGL/release/README.md
19:50:06.714 [FXGL Background Thread 3 ] DEBUG Engine               - userAppClass: class com.example.ranchers_delight.GameApp
19:50:06.714 [FXGL Background Thread 3 ] DEBUG Engine               - version: 1.7
19:50:06.714 [FXGL Background Thread 3 ] DEBUG Engine               - versionCheckDays: 7
19:50:06.714 [FXGL Background Thread 3 ] DEBUG Engine               - width: 1200
19:50:06.714 [FXGL Background Thread 3 ] DEBUG Engine               - Logging services
19:50:06.714 [FXGL Background Thread 3 ] DEBUG Engine               - class com.almasb.fxgl.app.services.FXGLAssetLoaderService
19:50:06.714 [FXGL Background Thread 3 ] DEBUG Engine               - class com.almasb.fxgl.app.FXGLApplication$GameApplicationService
19:50:06.714 [FXGL Background Thread 3 ] DEBUG Engine               - class com.almasb.fxgl.app.services.FXGLDialogService
19:50:06.714 [FXGL Background Thread 3 ] DEBUG Engine               - class com.almasb.fxgl.app.services.IOTaskExecutorService
19:50:06.714 [FXGL Background Thread 3 ] DEBUG Engine               - class com.almasb.fxgl.io.FileSystemService
19:50:06.714 [FXGL Background Thread 3 ] DEBUG Engine               - class com.almasb.fxgl.localization.LocalizationService
19:50:06.714 [FXGL Background Thread 3 ] DEBUG Engine               - class com.almasb.fxgl.app.services.SystemBundleService
19:50:06.714 [FXGL Background Thread 3 ] DEBUG Engine               - class com.almasb.fxgl.profile.SaveLoadService
19:50:06.714 [FXGL Background Thread 3 ] DEBUG Engine               - class com.almasb.fxgl.ui.FXGLUIFactoryServiceProvider
19:50:06.714 [FXGL Background Thread 3 ] DEBUG Engine               - class com.almasb.fxgl.ui.FXGLDialogFactoryServiceProvider
19:50:06.714 [FXGL Background Thread 3 ] DEBUG Engine               - class com.almasb.fxgl.audio.AudioPlayer
19:50:06.714 [FXGL Background Thread 3 ] DEBUG Engine               - class com.almasb.fxgl.notification.impl.NotificationServiceProvider
19:50:06.714 [FXGL Background Thread 3 ] DEBUG Engine               - class com.almasb.fxgl.achievement.AchievementService
19:50:06.714 [FXGL Background Thread 3 ] DEBUG Engine               - class com.almasb.fxgl.cutscene.CutsceneService
19:50:06.714 [FXGL Background Thread 3 ] DEBUG Engine               - class com.almasb.fxgl.minigames.MiniGameService
19:50:06.714 [FXGL Background Thread 3 ] DEBUG Engine               - class com.almasb.fxgl.net.NetService
19:50:06.715 [FXGL Background Thread 3 ] DEBUG Engine               - class com.almasb.fxgl.app.services.UpdaterService
19:50:06.715 [FXGL Background Thread 3 ] DEBUG Engine               - class com.almasb.fxgl.dev.DevService
19:50:33.486 [JavaFX Application Thread] DEBUG PrimaryStageWindow   - Push state: MainMenu
19:50:33.486 [JavaFX Application Thread] DEBUG Input                - Clearing active input actions
19:50:33.486 [JavaFX Application Thread] DEBUG GameApplicationServi - Removing overlay from GameScene and adding to MainMenu
19:50:33.487 [JavaFX Application Thread] DEBUG PrimaryStageWindow   - GameScene -> MainMenu
19:50:35.712 [JavaFX Application Thread] DEBUG PrimaryStageWindow   - Pop state: MainMenu
19:50:35.712 [JavaFX Application Thread] DEBUG Input                - Clearing active input actions
19:50:35.712 [JavaFX Application Thread] DEBUG GameApplicationServi - Removing overlay from MainMenu and adding to GameScene
19:50:35.712 [JavaFX Application Thread] DEBUG PrimaryStageWindow   - GameScene <- MainMenu
19:50:36.317 [JavaFX Application Thread] DEBUG PrimaryStageWindow   - Push state: MainMenu
19:50:36.318 [JavaFX Application Thread] DEBUG Input                - Clearing active input actions
19:50:36.318 [JavaFX Application Thread] DEBUG GameApplicationServi - Removing overlay from GameScene and adding to MainMenu
19:50:36.318 [JavaFX Application Thread] DEBUG PrimaryStageWindow   - GameScene -> MainMenu
19:50:37.216 [JavaFX Application Thread] DEBUG PrimaryStageWindow   - Pop state: MainMenu
19:50:37.216 [JavaFX Application Thread] DEBUG Input                - Clearing active input actions
19:50:37.216 [JavaFX Application Thread] DEBUG GameApplicationServi - Removing overlay from MainMenu and adding to GameScene
19:50:37.216 [JavaFX Application Thread] DEBUG PrimaryStageWindow   - GameScene <- MainMenu
19:51:02.964 [JavaFX Application Thread] DEBUG FXGLApplication      - Exiting FXGL
19:51:02.964 [JavaFX Application Thread] DEBUG LoopRunner           - Stopping loop
19:51:02.964 [JavaFX Application Thread] DEBUG SystemBundleService  - Saving FXGL system data
19:51:02.965 [JavaFX Application Thread] DEBUG FileSystemAccess     - Writing to: /home/alex/IdeaProjects/ranchers_delight/system/fxgl.bundle
19:51:02.965 [JavaFX Application Thread] DEBUG Async                - Shutting down background threads
19:51:02.966 [JavaFX Application Thread] DEBUG PrimaryStageWindow   - Closing main window
19:51:02.967 [JavaFX Application Thread] DEBUG Logger               - Closing Logger
